Args in experiment:
Namespace(batch_size=32, checkpoints='./checkpoints/', data='ETTm1', data_path='ETTm1.csv', des='Exp', do_predict=False, enc_in=7, features='M', gpu=0, individual=False, is_training=1, itr=5, learning_rate=0.0001, lradj='type1', model='DLinear', model_id='ETTm1_336_720', moving_avg=25, my_loss='mse', num_bins=100, patience=5, pred_len=720, root_path='./dataset/ETT/', seq_len=336, sigma=0.01, target='OT', test_flop=False, train_epochs=10, train_only=False, use_gpu=True)
Use GPU: cuda:0
>>>>>>>start training : ETTm1_336_720_DLinear_ETTm1_ftM_sl336_pl720_sigma0.01_bins100_lossmse_Exp_0>>>>>>>>>>>>>>>>>>>>>>>>>>
train 33505
val 10801
>>> Start Training
Epoch: 1, Steps: 1047, Train Loss: 35.70015, Time: 277.64s
Validation loss decreased (inf --> 34.881809).  Saving model ...
Epoch: 2, Steps: 1047, Train Loss: 33.73176, Time: 277.26s
Validation loss decreased (34.881809 --> 34.420036).  Saving model ...
Epoch: 3, Steps: 1047, Train Loss: 33.15815, Time: 277.42s
Validation loss decreased (34.420036 --> 34.258446).  Saving model ...
Epoch: 4, Steps: 1047, Train Loss: 32.81439, Time: 277.33s
Validation loss decreased (34.258446 --> 34.171051).  Saving model ...
Epoch: 5, Steps: 1047, Train Loss: 32.56007, Time: 277.38s
EarlyStopping counter: 1 out of 5
Epoch: 6, Steps: 1047, Train Loss: 32.35904, Time: 277.34s
Validation loss decreased (34.171051 --> 34.124233).  Saving model ...
Epoch: 7, Steps: 1047, Train Loss: 32.19079, Time: 277.36s
Validation loss decreased (34.124233 --> 34.114952).  Saving model ...
Epoch: 8, Steps: 1047, Train Loss: 32.04800, Time: 277.41s
EarlyStopping counter: 1 out of 5
Epoch: 9, Steps: 1047, Train Loss: 31.92375, Time: 277.56s
EarlyStopping counter: 2 out of 5
Epoch: 10, Steps: 1047, Train Loss: 31.81592, Time: 277.41s
EarlyStopping counter: 3 out of 5
>>>>>>>testing : ETTm1_336_720_DLinear_ETTm1_ftM_sl336_pl720_sigma0.01_bins100_lossmse_Exp_0<<<<<<<<<<<<<<<<<<<<<<<<<<<<<<<<<
test 10801
batch 0 y → probs → restore MSE: 0.000000
batch 1 y → probs → restore MSE: 0.000000
batch 2 y → probs → restore MSE: 0.000000
batch 3 y → probs → restore MSE: 0.000000
batch 4 y → probs → restore MSE: 0.000000
batch 5 y → probs → restore MSE: 0.000000
batch 6 y → probs → restore MSE: 0.000000
batch 7 y → probs → restore MSE: 0.000000
batch 8 y → probs → restore MSE: 0.000000
batch 9 y → probs → restore MSE: 0.000000
batch 10 y → probs → restore MSE: 0.000000
batch 11 y → probs → restore MSE: 0.000000
batch 12 y → probs → restore MSE: 0.000000
batch 13 y → probs → restore MSE: 0.000000
batch 14 y → probs → restore MSE: 0.000000
batch 15 y → probs → restore MSE: 0.000000
batch 16 y → probs → restore MSE: 0.000000
batch 17 y → probs → restore MSE: 0.000000
batch 18 y → probs → restore MSE: 0.000000
batch 19 y → probs → restore MSE: 0.000000
batch 20 y → probs → restore MSE: 0.000000
batch 21 y → probs → restore MSE: 0.000000
batch 22 y → probs → restore MSE: 0.000000
batch 23 y → probs → restore MSE: 0.000000
batch 24 y → probs → restore MSE: 0.000000
batch 25 y → probs → restore MSE: 0.000000
batch 26 y → probs → restore MSE: 0.000000
batch 27 y → probs → restore MSE: 0.000000
batch 28 y → probs → restore MSE: 0.000000
batch 29 y → probs → restore MSE: 0.000000
batch 30 y → probs → restore MSE: 0.000000
batch 31 y → probs → restore MSE: 0.000000
batch 32 y → probs → restore MSE: 0.000000
batch 33 y → probs → restore MSE: 0.000000
batch 34 y → probs → restore MSE: 0.000000
batch 35 y → probs → restore MSE: 0.000000
batch 36 y → probs → restore MSE: 0.000000
batch 37 y → probs → restore MSE: 0.000000
batch 38 y → probs → restore MSE: 0.000000
batch 39 y → probs → restore MSE: 0.000000
batch 40 y → probs → restore MSE: 0.000000
batch 41 y → probs → restore MSE: 0.000000
batch 42 y → probs → restore MSE: 0.000000
batch 43 y → probs → restore MSE: 0.000000
batch 44 y → probs → restore MSE: 0.000000
batch 45 y → probs → restore MSE: 0.000000
batch 46 y → probs → restore MSE: 0.000000
batch 47 y → probs → restore MSE: 0.000000
batch 48 y → probs → restore MSE: 0.000000
batch 49 y → probs → restore MSE: 0.000000
batch 50 y → probs → restore MSE: 0.000000
batch 51 y → probs → restore MSE: 0.000000
batch 52 y → probs → restore MSE: 0.000000
batch 53 y → probs → restore MSE: 0.000000
batch 54 y → probs → restore MSE: 0.000000
batch 55 y → probs → restore MSE: 0.000000
batch 56 y → probs → restore MSE: 0.000000
batch 57 y → probs → restore MSE: 0.000000
batch 58 y → probs → restore MSE: 0.000000
batch 59 y → probs → restore MSE: 0.000000
batch 60 y → probs → restore MSE: 0.000000
batch 61 y → probs → restore MSE: 0.000000
batch 62 y → probs → restore MSE: 0.000000
batch 63 y → probs → restore MSE: 0.000000
batch 64 y → probs → restore MSE: 0.000000
batch 65 y → probs → restore MSE: 0.000000
batch 66 y → probs → restore MSE: 0.000000
batch 67 y → probs → restore MSE: 0.000000
batch 68 y → probs → restore MSE: 0.000000
batch 69 y → probs → restore MSE: 0.000000
batch 70 y → probs → restore MSE: 0.000000
batch 71 y → probs → restore MSE: 0.000000
batch 72 y → probs → restore MSE: 0.000000
batch 73 y → probs → restore MSE: 0.000000
batch 74 y → probs → restore MSE: 0.000000
batch 75 y → probs → restore MSE: 0.000000
batch 76 y → probs → restore MSE: 0.000000
batch 77 y → probs → restore MSE: 0.000000
batch 78 y → probs → restore MSE: 0.000000
batch 79 y → probs → restore MSE: 0.000000
batch 80 y → probs → restore MSE: 0.000000
batch 81 y → probs → restore MSE: 0.000000
batch 82 y → probs → restore MSE: 0.000000
batch 83 y → probs → restore MSE: 0.000000
batch 84 y → probs → restore MSE: 0.000000
batch 85 y → probs → restore MSE: 0.000000
batch 86 y → probs → restore MSE: 0.000000
batch 87 y → probs → restore MSE: 0.000000
batch 88 y → probs → restore MSE: 0.000000
batch 89 y → probs → restore MSE: 0.000000
batch 90 y → probs → restore MSE: 0.000000
batch 91 y → probs → restore MSE: 0.000000
batch 92 y → probs → restore MSE: 0.000000
batch 93 y → probs → restore MSE: 0.000000
batch 94 y → probs → restore MSE: 0.000000
batch 95 y → probs → restore MSE: 0.000000
batch 96 y → probs → restore MSE: 0.000000
batch 97 y → probs → restore MSE: 0.000000
batch 98 y → probs → restore MSE: 0.000000
batch 99 y → probs → restore MSE: 0.000000
batch 100 y → probs → restore MSE: 0.000000
batch 101 y → probs → restore MSE: 0.000000
batch 102 y → probs → restore MSE: 0.000000
batch 103 y → probs → restore MSE: 0.000000
batch 104 y → probs → restore MSE: 0.000000
batch 105 y → probs → restore MSE: 0.000000
batch 106 y → probs → restore MSE: 0.000000
batch 107 y → probs → restore MSE: 0.000000
batch 108 y → probs → restore MSE: 0.000000
batch 109 y → probs → restore MSE: 0.000000
batch 110 y → probs → restore MSE: 0.000000
batch 111 y → probs → restore MSE: 0.000000
batch 112 y → probs → restore MSE: 0.000000
batch 113 y → probs → restore MSE: 0.000000
batch 114 y → probs → restore MSE: 0.000000
batch 115 y → probs → restore MSE: 0.000000
batch 116 y → probs → restore MSE: 0.000000
batch 117 y → probs → restore MSE: 0.000000
batch 118 y → probs → restore MSE: 0.000000
batch 119 y → probs → restore MSE: 0.000000
batch 120 y → probs → restore MSE: 0.000000
batch 121 y → probs → restore MSE: 0.000000
batch 122 y → probs → restore MSE: 0.000000
batch 123 y → probs → restore MSE: 0.000000
batch 124 y → probs → restore MSE: 0.000001
batch 125 y → probs → restore MSE: 0.000001
batch 126 y → probs → restore MSE: 0.000001
batch 127 y → probs → restore MSE: 0.000001
batch 128 y → probs → restore MSE: 0.000001
batch 129 y → probs → restore MSE: 0.000001
batch 130 y → probs → restore MSE: 0.000001
batch 131 y → probs → restore MSE: 0.000001
batch 132 y → probs → restore MSE: 0.000001
batch 133 y → probs → restore MSE: 0.000001
batch 134 y → probs → restore MSE: 0.000001
batch 135 y → probs → restore MSE: 0.000001
batch 136 y → probs → restore MSE: 0.000001
batch 137 y → probs → restore MSE: 0.000001
batch 138 y → probs → restore MSE: 0.000001
batch 139 y → probs → restore MSE: 0.000001
batch 140 y → probs → restore MSE: 0.000001
batch 141 y → probs → restore MSE: 0.000001
batch 142 y → probs → restore MSE: 0.000001
batch 143 y → probs → restore MSE: 0.000001
batch 144 y → probs → restore MSE: 0.000001
batch 145 y → probs → restore MSE: 0.000001
batch 146 y → probs → restore MSE: 0.000001
batch 147 y → probs → restore MSE: 0.000000
batch 148 y → probs → restore MSE: 0.000000
batch 149 y → probs → restore MSE: 0.000000
batch 150 y → probs → restore MSE: 0.000000
batch 151 y → probs → restore MSE: 0.000000
batch 152 y → probs → restore MSE: 0.000000
batch 153 y → probs → restore MSE: 0.000000
batch 154 y → probs → restore MSE: 0.000000
batch 155 y → probs → restore MSE: 0.000000
batch 156 y → probs → restore MSE: 0.000000
batch 157 y → probs → restore MSE: 0.000000
batch 158 y → probs → restore MSE: 0.000000
batch 159 y → probs → restore MSE: 0.000000
batch 160 y → probs → restore MSE: 0.000000
batch 161 y → probs → restore MSE: 0.000000
batch 162 y → probs → restore MSE: 0.000000
batch 163 y → probs → restore MSE: 0.000000
batch 164 y → probs → restore MSE: 0.000000
batch 165 y → probs → restore MSE: 0.000000
batch 166 y → probs → restore MSE: 0.000000
batch 167 y → probs → restore MSE: 0.000000
batch 168 y → probs → restore MSE: 0.000000
batch 169 y → probs → restore MSE: 0.000000
batch 170 y → probs → restore MSE: 0.000000
batch 171 y → probs → restore MSE: 0.000000
batch 172 y → probs → restore MSE: 0.000000
batch 173 y → probs → restore MSE: 0.000000
batch 174 y → probs → restore MSE: 0.000000
batch 175 y → probs → restore MSE: 0.000000
batch 176 y → probs → restore MSE: 0.000000
batch 177 y → probs → restore MSE: 0.000000
batch 178 y → probs → restore MSE: 0.000000
batch 179 y → probs → restore MSE: 0.000000
batch 180 y → probs → restore MSE: 0.000000
batch 181 y → probs → restore MSE: 0.000000
batch 182 y → probs → restore MSE: 0.000000
batch 183 y → probs → restore MSE: 0.000000
batch 184 y → probs → restore MSE: 0.000000
batch 185 y → probs → restore MSE: 0.000000
batch 186 y → probs → restore MSE: 0.000000
batch 187 y → probs → restore MSE: 0.000000
batch 188 y → probs → restore MSE: 0.000000
batch 189 y → probs → restore MSE: 0.000000
batch 190 y → probs → restore MSE: 0.000000
batch 191 y → probs → restore MSE: 0.000000
batch 192 y → probs → restore MSE: 0.000000
batch 193 y → probs → restore MSE: 0.000000
batch 194 y → probs → restore MSE: 0.000001
batch 195 y → probs → restore MSE: 0.000001
batch 196 y → probs → restore MSE: 0.000001
batch 197 y → probs → restore MSE: 0.000001
batch 198 y → probs → restore MSE: 0.000001
batch 199 y → probs → restore MSE: 0.000001
batch 200 y → probs → restore MSE: 0.000001
batch 201 y → probs → restore MSE: 0.000001
batch 202 y → probs → restore MSE: 0.000001
batch 203 y → probs → restore MSE: 0.000001
batch 204 y → probs → restore MSE: 0.000001
batch 205 y → probs → restore MSE: 0.000001
batch 206 y → probs → restore MSE: 0.000000
batch 207 y → probs → restore MSE: 0.000000
batch 208 y → probs → restore MSE: 0.000000
batch 209 y → probs → restore MSE: 0.000000
batch 210 y → probs → restore MSE: 0.000000
batch 211 y → probs → restore MSE: 0.000000
batch 212 y → probs → restore MSE: 0.000000
batch 213 y → probs → restore MSE: 0.000001
batch 214 y → probs → restore MSE: 0.000001
batch 215 y → probs → restore MSE: 0.000001
batch 216 y → probs → restore MSE: 0.000001
batch 217 y → probs → restore MSE: 0.000001
batch 218 y → probs → restore MSE: 0.000001
batch 219 y → probs → restore MSE: 0.000001
batch 220 y → probs → restore MSE: 0.000000
batch 221 y → probs → restore MSE: 0.000000
batch 222 y → probs → restore MSE: 0.000000
batch 223 y → probs → restore MSE: 0.000000
batch 224 y → probs → restore MSE: 0.000000
batch 225 y → probs → restore MSE: 0.000000
batch 226 y → probs → restore MSE: 0.000000
batch 227 y → probs → restore MSE: 0.000000
batch 228 y → probs → restore MSE: 0.000000
batch 229 y → probs → restore MSE: 0.000000
batch 230 y → probs → restore MSE: 0.000000
batch 231 y → probs → restore MSE: 0.000000
batch 232 y → probs → restore MSE: 0.000000
batch 233 y → probs → restore MSE: 0.000000
batch 234 y → probs → restore MSE: 0.000000
batch 235 y → probs → restore MSE: 0.000000
batch 236 y → probs → restore MSE: 0.000000
batch 237 y → probs → restore MSE: 0.000000
batch 238 y → probs → restore MSE: 0.000000
batch 239 y → probs → restore MSE: 0.000000
batch 240 y → probs → restore MSE: 0.000000
batch 241 y → probs → restore MSE: 0.000000
batch 242 y → probs → restore MSE: 0.000000
batch 243 y → probs → restore MSE: 0.000000
batch 244 y → probs → restore MSE: 0.000000
batch 245 y → probs → restore MSE: 0.000000
batch 246 y → probs → restore MSE: 0.000000
batch 247 y → probs → restore MSE: 0.000000
batch 248 y → probs → restore MSE: 0.000000
batch 249 y → probs → restore MSE: 0.000000
batch 250 y → probs → restore MSE: 0.000000
batch 251 y → probs → restore MSE: 0.000000
batch 252 y → probs → restore MSE: 0.000000
batch 253 y → probs → restore MSE: 0.000000
batch 254 y → probs → restore MSE: 0.000000
batch 255 y → probs → restore MSE: 0.000001
batch 256 y → probs → restore MSE: 0.000000
batch 257 y → probs → restore MSE: 0.000000
batch 258 y → probs → restore MSE: 0.000000
batch 259 y → probs → restore MSE: 0.000000
batch 260 y → probs → restore MSE: 0.000000
batch 261 y → probs → restore MSE: 0.000000
batch 262 y → probs → restore MSE: 0.000000
batch 263 y → probs → restore MSE: 0.000000
batch 264 y → probs → restore MSE: 0.000000
batch 265 y → probs → restore MSE: 0.000000
batch 266 y → probs → restore MSE: 0.000000
batch 267 y → probs → restore MSE: 0.000000
batch 268 y → probs → restore MSE: 0.000000
batch 269 y → probs → restore MSE: 0.000000
batch 270 y → probs → restore MSE: 0.000000
batch 271 y → probs → restore MSE: 0.000001
batch 272 y → probs → restore MSE: 0.000001
batch 273 y → probs → restore MSE: 0.000001
batch 274 y → probs → restore MSE: 0.000001
batch 275 y → probs → restore MSE: 0.000001
batch 276 y → probs → restore MSE: 0.000001
batch 277 y → probs → restore MSE: 0.000000
batch 278 y → probs → restore MSE: 0.000000
batch 279 y → probs → restore MSE: 0.000000
batch 280 y → probs → restore MSE: 0.000001
batch 281 y → probs → restore MSE: 0.000001
batch 282 y → probs → restore MSE: 0.000000
batch 283 y → probs → restore MSE: 0.000001
batch 284 y → probs → restore MSE: 0.000001
batch 285 y → probs → restore MSE: 0.000000
batch 286 y → probs → restore MSE: 0.000000
batch 287 y → probs → restore MSE: 0.000000
batch 288 y → probs → restore MSE: 0.000001
batch 289 y → probs → restore MSE: 0.000001
batch 290 y → probs → restore MSE: 0.000001
batch 291 y → probs → restore MSE: 0.000001
batch 292 y → probs → restore MSE: 0.000001
batch 293 y → probs → restore MSE: 0.000001
batch 294 y → probs → restore MSE: 0.000002
batch 295 y → probs → restore MSE: 0.000002
batch 296 y → probs → restore MSE: 0.000001
batch 297 y → probs → restore MSE: 0.000001
batch 298 y → probs → restore MSE: 0.000001
batch 299 y → probs → restore MSE: 0.000001
batch 300 y → probs → restore MSE: 0.000001
batch 301 y → probs → restore MSE: 0.000001
batch 302 y → probs → restore MSE: 0.000001
batch 303 y → probs → restore MSE: 0.000001
batch 304 y → probs → restore MSE: 0.000001
batch 305 y → probs → restore MSE: 0.000001
batch 306 y → probs → restore MSE: 0.000001
batch 307 y → probs → restore MSE: 0.000001
batch 308 y → probs → restore MSE: 0.000001
batch 309 y → probs → restore MSE: 0.000001
batch 310 y → probs → restore MSE: 0.000001
batch 311 y → probs → restore MSE: 0.000001
batch 312 y → probs → restore MSE: 0.000001
batch 313 y → probs → restore MSE: 0.000001
batch 314 y → probs → restore MSE: 0.000001
batch 315 y → probs → restore MSE: 0.000001
batch 316 y → probs → restore MSE: 0.000001
batch 317 y → probs → restore MSE: 0.000001
batch 318 y → probs → restore MSE: 0.000000
batch 319 y → probs → restore MSE: 0.000000
batch 320 y → probs → restore MSE: 0.000000
batch 321 y → probs → restore MSE: 0.000000
batch 322 y → probs → restore MSE: 0.000001
batch 323 y → probs → restore MSE: 0.000000
batch 324 y → probs → restore MSE: 0.000000
batch 325 y → probs → restore MSE: 0.000000
batch 326 y → probs → restore MSE: 0.000000
batch 327 y → probs → restore MSE: 0.000001
batch 328 y → probs → restore MSE: 0.000001
batch 329 y → probs → restore MSE: 0.000001
batch 330 y → probs → restore MSE: 0.000001
batch 331 y → probs → restore MSE: 0.000001
batch 332 y → probs → restore MSE: 0.000001
batch 333 y → probs → restore MSE: 0.000001
batch 334 y → probs → restore MSE: 0.000001
batch 335 y → probs → restore MSE: 0.000001
batch 336 y → probs → restore MSE: 0.000001
batch 337 y → probs → restore MSE: 0.000001
mse:0.4515736997127533, mae:0.4583716094493866
Use GPU: cuda:0
>>>>>>>start training : ETTm1_336_720_DLinear_ETTm1_ftM_sl336_pl720_sigma0.01_bins100_lossmse_Exp_1>>>>>>>>>>>>>>>>>>>>>>>>>>
train 33505
val 10801
>>> Start Training
Epoch: 1, Steps: 1047, Train Loss: 35.71046, Time: 277.59s
Validation loss decreased (inf --> 34.873787).  Saving model ...
Epoch: 2, Steps: 1047, Train Loss: 33.73533, Time: 277.30s
Validation loss decreased (34.873787 --> 34.448463).  Saving model ...
Epoch: 3, Steps: 1047, Train Loss: 33.16209, Time: 277.56s
Validation loss decreased (34.448463 --> 34.259388).  Saving model ...
Epoch: 4, Steps: 1047, Train Loss: 32.81595, Time: 277.54s
Validation loss decreased (34.259388 --> 34.201401).  Saving model ...
Epoch: 5, Steps: 1047, Train Loss: 32.56067, Time: 277.54s
Validation loss decreased (34.201401 --> 34.164989).  Saving model ...
Epoch: 6, Steps: 1047, Train Loss: 32.35788, Time: 278.12s
Validation loss decreased (34.164989 --> 34.133198).  Saving model ...
Epoch: 7, Steps: 1047, Train Loss: 32.19053, Time: 277.44s
EarlyStopping counter: 1 out of 5
Epoch: 8, Steps: 1047, Train Loss: 32.04774, Time: 277.88s
EarlyStopping counter: 2 out of 5
Epoch: 9, Steps: 1047, Train Loss: 31.92420, Time: 277.68s
EarlyStopping counter: 3 out of 5
Epoch: 10, Steps: 1047, Train Loss: 31.81479, Time: 277.64s
EarlyStopping counter: 4 out of 5
>>>>>>>testing : ETTm1_336_720_DLinear_ETTm1_ftM_sl336_pl720_sigma0.01_bins100_lossmse_Exp_1<<<<<<<<<<<<<<<<<<<<<<<<<<<<<<<<<
test 10801
batch 0 y → probs → restore MSE: 0.000000
batch 1 y → probs → restore MSE: 0.000000
batch 2 y → probs → restore MSE: 0.000000
batch 3 y → probs → restore MSE: 0.000000
batch 4 y → probs → restore MSE: 0.000000
batch 5 y → probs → restore MSE: 0.000000
batch 6 y → probs → restore MSE: 0.000000
batch 7 y → probs → restore MSE: 0.000000
batch 8 y → probs → restore MSE: 0.000000
batch 9 y → probs → restore MSE: 0.000000
batch 10 y → probs → restore MSE: 0.000000
batch 11 y → probs → restore MSE: 0.000000
batch 12 y → probs → restore MSE: 0.000000
batch 13 y → probs → restore MSE: 0.000000
batch 14 y → probs → restore MSE: 0.000000
batch 15 y → probs → restore MSE: 0.000000
batch 16 y → probs → restore MSE: 0.000000
batch 17 y → probs → restore MSE: 0.000000
batch 18 y → probs → restore MSE: 0.000000
batch 19 y → probs → restore MSE: 0.000000
batch 20 y → probs → restore MSE: 0.000000
batch 21 y → probs → restore MSE: 0.000000
batch 22 y → probs → restore MSE: 0.000000
batch 23 y → probs → restore MSE: 0.000000
batch 24 y → probs → restore MSE: 0.000000
batch 25 y → probs → restore MSE: 0.000000
batch 26 y → probs → restore MSE: 0.000000
batch 27 y → probs → restore MSE: 0.000000
batch 28 y → probs → restore MSE: 0.000000
batch 29 y → probs → restore MSE: 0.000000
batch 30 y → probs → restore MSE: 0.000000
batch 31 y → probs → restore MSE: 0.000000
batch 32 y → probs → restore MSE: 0.000000
batch 33 y → probs → restore MSE: 0.000000
batch 34 y → probs → restore MSE: 0.000000
batch 35 y → probs → restore MSE: 0.000000
batch 36 y → probs → restore MSE: 0.000000
batch 37 y → probs → restore MSE: 0.000000
batch 38 y → probs → restore MSE: 0.000000
batch 39 y → probs → restore MSE: 0.000000
batch 40 y → probs → restore MSE: 0.000000
batch 41 y → probs → restore MSE: 0.000000
batch 42 y → probs → restore MSE: 0.000000
batch 43 y → probs → restore MSE: 0.000000
batch 44 y → probs → restore MSE: 0.000000
batch 45 y → probs → restore MSE: 0.000000
batch 46 y → probs → restore MSE: 0.000000
batch 47 y → probs → restore MSE: 0.000000
batch 48 y → probs → restore MSE: 0.000000
batch 49 y → probs → restore MSE: 0.000000
batch 50 y → probs → restore MSE: 0.000000
batch 51 y → probs → restore MSE: 0.000000
batch 52 y → probs → restore MSE: 0.000000
batch 53 y → probs → restore MSE: 0.000000
batch 54 y → probs → restore MSE: 0.000000
batch 55 y → probs → restore MSE: 0.000000
batch 56 y → probs → restore MSE: 0.000000
batch 57 y → probs → restore MSE: 0.000000
batch 58 y → probs → restore MSE: 0.000000
batch 59 y → probs → restore MSE: 0.000000
batch 60 y → probs → restore MSE: 0.000000
batch 61 y → probs → restore MSE: 0.000000
batch 62 y → probs → restore MSE: 0.000000
batch 63 y → probs → restore MSE: 0.000000
batch 64 y → probs → restore MSE: 0.000000
batch 65 y → probs → restore MSE: 0.000000
batch 66 y → probs → restore MSE: 0.000000
batch 67 y → probs → restore MSE: 0.000000
batch 68 y → probs → restore MSE: 0.000000
batch 69 y → probs → restore MSE: 0.000000
batch 70 y → probs → restore MSE: 0.000000
batch 71 y → probs → restore MSE: 0.000000
batch 72 y → probs → restore MSE: 0.000000
batch 73 y → probs → restore MSE: 0.000000
batch 74 y → probs → restore MSE: 0.000000
batch 75 y → probs → restore MSE: 0.000000
batch 76 y → probs → restore MSE: 0.000000
batch 77 y → probs → restore MSE: 0.000000
batch 78 y → probs → restore MSE: 0.000000
batch 79 y → probs → restore MSE: 0.000000
batch 80 y → probs → restore MSE: 0.000000
batch 81 y → probs → restore MSE: 0.000000
batch 82 y → probs → restore MSE: 0.000000
batch 83 y → probs → restore MSE: 0.000000
batch 84 y → probs → restore MSE: 0.000000
batch 85 y → probs → restore MSE: 0.000000
batch 86 y → probs → restore MSE: 0.000000
batch 87 y → probs → restore MSE: 0.000000
batch 88 y → probs → restore MSE: 0.000000
batch 89 y → probs → restore MSE: 0.000000
batch 90 y → probs → restore MSE: 0.000000
batch 91 y → probs → restore MSE: 0.000000
batch 92 y → probs → restore MSE: 0.000000
batch 93 y → probs → restore MSE: 0.000000
batch 94 y → probs → restore MSE: 0.000000
batch 95 y → probs → restore MSE: 0.000000
batch 96 y → probs → restore MSE: 0.000000
batch 97 y → probs → restore MSE: 0.000000
batch 98 y → probs → restore MSE: 0.000000
batch 99 y → probs → restore MSE: 0.000000
batch 100 y → probs → restore MSE: 0.000000
batch 101 y → probs → restore MSE: 0.000000
batch 102 y → probs → restore MSE: 0.000000
batch 103 y → probs → restore MSE: 0.000000
batch 104 y → probs → restore MSE: 0.000000
batch 105 y → probs → restore MSE: 0.000000
batch 106 y → probs → restore MSE: 0.000000
batch 107 y → probs → restore MSE: 0.000000
batch 108 y → probs → restore MSE: 0.000000
batch 109 y → probs → restore MSE: 0.000000
batch 110 y → probs → restore MSE: 0.000000
batch 111 y → probs → restore MSE: 0.000000
batch 112 y → probs → restore MSE: 0.000000
batch 113 y → probs → restore MSE: 0.000000
batch 114 y → probs → restore MSE: 0.000000
batch 115 y → probs → restore MSE: 0.000000
batch 116 y → probs → restore MSE: 0.000000
batch 117 y → probs → restore MSE: 0.000000
batch 118 y → probs → restore MSE: 0.000000
batch 119 y → probs → restore MSE: 0.000000
batch 120 y → probs → restore MSE: 0.000000
batch 121 y → probs → restore MSE: 0.000000
batch 122 y → probs → restore MSE: 0.000000
batch 123 y → probs → restore MSE: 0.000000
batch 124 y → probs → restore MSE: 0.000001
batch 125 y → probs → restore MSE: 0.000001
batch 126 y → probs → restore MSE: 0.000001
batch 127 y → probs → restore MSE: 0.000001
batch 128 y → probs → restore MSE: 0.000001
batch 129 y → probs → restore MSE: 0.000001
batch 130 y → probs → restore MSE: 0.000001
batch 131 y → probs → restore MSE: 0.000001
batch 132 y → probs → restore MSE: 0.000001
batch 133 y → probs → restore MSE: 0.000001
batch 134 y → probs → restore MSE: 0.000001
batch 135 y → probs → restore MSE: 0.000001
batch 136 y → probs → restore MSE: 0.000001
batch 137 y → probs → restore MSE: 0.000001
batch 138 y → probs → restore MSE: 0.000001
batch 139 y → probs → restore MSE: 0.000001
batch 140 y → probs → restore MSE: 0.000001
batch 141 y → probs → restore MSE: 0.000001
batch 142 y → probs → restore MSE: 0.000001
batch 143 y → probs → restore MSE: 0.000001
batch 144 y → probs → restore MSE: 0.000001
batch 145 y → probs → restore MSE: 0.000001
batch 146 y → probs → restore MSE: 0.000001
batch 147 y → probs → restore MSE: 0.000000
batch 148 y → probs → restore MSE: 0.000000
batch 149 y → probs → restore MSE: 0.000000
batch 150 y → probs → restore MSE: 0.000000
batch 151 y → probs → restore MSE: 0.000000
batch 152 y → probs → restore MSE: 0.000000
batch 153 y → probs → restore MSE: 0.000000
batch 154 y → probs → restore MSE: 0.000000
batch 155 y → probs → restore MSE: 0.000000
batch 156 y → probs → restore MSE: 0.000000
batch 157 y → probs → restore MSE: 0.000000
batch 158 y → probs → restore MSE: 0.000000
batch 159 y → probs → restore MSE: 0.000000
batch 160 y → probs → restore MSE: 0.000000
batch 161 y → probs → restore MSE: 0.000000
batch 162 y → probs → restore MSE: 0.000000
batch 163 y → probs → restore MSE: 0.000000
batch 164 y → probs → restore MSE: 0.000000
batch 165 y → probs → restore MSE: 0.000000
batch 166 y → probs → restore MSE: 0.000000
batch 167 y → probs → restore MSE: 0.000000
batch 168 y → probs → restore MSE: 0.000000
batch 169 y → probs → restore MSE: 0.000000
batch 170 y → probs → restore MSE: 0.000000
batch 171 y → probs → restore MSE: 0.000000
batch 172 y → probs → restore MSE: 0.000000
batch 173 y → probs → restore MSE: 0.000000
batch 174 y → probs → restore MSE: 0.000000
batch 175 y → probs → restore MSE: 0.000000
batch 176 y → probs → restore MSE: 0.000000
batch 177 y → probs → restore MSE: 0.000000
batch 178 y → probs → restore MSE: 0.000000
batch 179 y → probs → restore MSE: 0.000000
batch 180 y → probs → restore MSE: 0.000000
batch 181 y → probs → restore MSE: 0.000000
batch 182 y → probs → restore MSE: 0.000000
batch 183 y → probs → restore MSE: 0.000000
batch 184 y → probs → restore MSE: 0.000000
batch 185 y → probs → restore MSE: 0.000000
batch 186 y → probs → restore MSE: 0.000000
batch 187 y → probs → restore MSE: 0.000000
batch 188 y → probs → restore MSE: 0.000000
batch 189 y → probs → restore MSE: 0.000000
batch 190 y → probs → restore MSE: 0.000000
batch 191 y → probs → restore MSE: 0.000000
batch 192 y → probs → restore MSE: 0.000000
batch 193 y → probs → restore MSE: 0.000000
batch 194 y → probs → restore MSE: 0.000001
batch 195 y → probs → restore MSE: 0.000001
batch 196 y → probs → restore MSE: 0.000001
batch 197 y → probs → restore MSE: 0.000001
batch 198 y → probs → restore MSE: 0.000001
batch 199 y → probs → restore MSE: 0.000001
batch 200 y → probs → restore MSE: 0.000001
batch 201 y → probs → restore MSE: 0.000001
batch 202 y → probs → restore MSE: 0.000001
batch 203 y → probs → restore MSE: 0.000001
batch 204 y → probs → restore MSE: 0.000001
batch 205 y → probs → restore MSE: 0.000001
batch 206 y → probs → restore MSE: 0.000000
batch 207 y → probs → restore MSE: 0.000000
batch 208 y → probs → restore MSE: 0.000000
batch 209 y → probs → restore MSE: 0.000000
batch 210 y → probs → restore MSE: 0.000000
batch 211 y → probs → restore MSE: 0.000000
batch 212 y → probs → restore MSE: 0.000000
batch 213 y → probs → restore MSE: 0.000001
batch 214 y → probs → restore MSE: 0.000001
batch 215 y → probs → restore MSE: 0.000001
batch 216 y → probs → restore MSE: 0.000001
batch 217 y → probs → restore MSE: 0.000001
batch 218 y → probs → restore MSE: 0.000001
batch 219 y → probs → restore MSE: 0.000001
batch 220 y → probs → restore MSE: 0.000000
batch 221 y → probs → restore MSE: 0.000000
batch 222 y → probs → restore MSE: 0.000000
batch 223 y → probs → restore MSE: 0.000000
batch 224 y → probs → restore MSE: 0.000000
batch 225 y → probs → restore MSE: 0.000000
batch 226 y → probs → restore MSE: 0.000000
batch 227 y → probs → restore MSE: 0.000000
batch 228 y → probs → restore MSE: 0.000000
batch 229 y → probs → restore MSE: 0.000000
batch 230 y → probs → restore MSE: 0.000000
batch 231 y → probs → restore MSE: 0.000000
batch 232 y → probs → restore MSE: 0.000000
batch 233 y → probs → restore MSE: 0.000000
batch 234 y → probs → restore MSE: 0.000000
batch 235 y → probs → restore MSE: 0.000000
batch 236 y → probs → restore MSE: 0.000000
batch 237 y → probs → restore MSE: 0.000000
batch 238 y → probs → restore MSE: 0.000000
batch 239 y → probs → restore MSE: 0.000000
batch 240 y → probs → restore MSE: 0.000000
batch 241 y → probs → restore MSE: 0.000000
batch 242 y → probs → restore MSE: 0.000000
batch 243 y → probs → restore MSE: 0.000000
batch 244 y → probs → restore MSE: 0.000000
batch 245 y → probs → restore MSE: 0.000000
batch 246 y → probs → restore MSE: 0.000000
batch 247 y → probs → restore MSE: 0.000000
batch 248 y → probs → restore MSE: 0.000000
batch 249 y → probs → restore MSE: 0.000000
batch 250 y → probs → restore MSE: 0.000000
batch 251 y → probs → restore MSE: 0.000000
batch 252 y → probs → restore MSE: 0.000000
batch 253 y → probs → restore MSE: 0.000000
batch 254 y → probs → restore MSE: 0.000000
batch 255 y → probs → restore MSE: 0.000001
batch 256 y → probs → restore MSE: 0.000000
batch 257 y → probs → restore MSE: 0.000000
batch 258 y → probs → restore MSE: 0.000000
batch 259 y → probs → restore MSE: 0.000000
batch 260 y → probs → restore MSE: 0.000000
batch 261 y → probs → restore MSE: 0.000000
batch 262 y → probs → restore MSE: 0.000000
batch 263 y → probs → restore MSE: 0.000000
batch 264 y → probs → restore MSE: 0.000000
batch 265 y → probs → restore MSE: 0.000000
batch 266 y → probs → restore MSE: 0.000000
batch 267 y → probs → restore MSE: 0.000000
batch 268 y → probs → restore MSE: 0.000000
batch 269 y → probs → restore MSE: 0.000000
batch 270 y → probs → restore MSE: 0.000000
batch 271 y → probs → restore MSE: 0.000001
batch 272 y → probs → restore MSE: 0.000001
batch 273 y → probs → restore MSE: 0.000001
batch 274 y → probs → restore MSE: 0.000001
batch 275 y → probs → restore MSE: 0.000001
batch 276 y → probs → restore MSE: 0.000001
batch 277 y → probs → restore MSE: 0.000000
batch 278 y → probs → restore MSE: 0.000000
batch 279 y → probs → restore MSE: 0.000000
batch 280 y → probs → restore MSE: 0.000001
batch 281 y → probs → restore MSE: 0.000001
batch 282 y → probs → restore MSE: 0.000000
batch 283 y → probs → restore MSE: 0.000001
batch 284 y → probs → restore MSE: 0.000001
batch 285 y → probs → restore MSE: 0.000000
batch 286 y → probs → restore MSE: 0.000000
batch 287 y → probs → restore MSE: 0.000000
batch 288 y → probs → restore MSE: 0.000001
batch 289 y → probs → restore MSE: 0.000001
batch 290 y → probs → restore MSE: 0.000001
batch 291 y → probs → restore MSE: 0.000001
batch 292 y → probs → restore MSE: 0.000001
batch 293 y → probs → restore MSE: 0.000001
batch 294 y → probs → restore MSE: 0.000002
batch 295 y → probs → restore MSE: 0.000002
batch 296 y → probs → restore MSE: 0.000001
batch 297 y → probs → restore MSE: 0.000001
batch 298 y → probs → restore MSE: 0.000001
batch 299 y → probs → restore MSE: 0.000001
batch 300 y → probs → restore MSE: 0.000001
batch 301 y → probs → restore MSE: 0.000001
batch 302 y → probs → restore MSE: 0.000001
batch 303 y → probs → restore MSE: 0.000001
batch 304 y → probs → restore MSE: 0.000001
batch 305 y → probs → restore MSE: 0.000001
batch 306 y → probs → restore MSE: 0.000001
batch 307 y → probs → restore MSE: 0.000001
batch 308 y → probs → restore MSE: 0.000001
batch 309 y → probs → restore MSE: 0.000001
batch 310 y → probs → restore MSE: 0.000001
batch 311 y → probs → restore MSE: 0.000001
batch 312 y → probs → restore MSE: 0.000001
batch 313 y → probs → restore MSE: 0.000001
batch 314 y → probs → restore MSE: 0.000001
batch 315 y → probs → restore MSE: 0.000001
batch 316 y → probs → restore MSE: 0.000001
batch 317 y → probs → restore MSE: 0.000001
batch 318 y → probs → restore MSE: 0.000000
batch 319 y → probs → restore MSE: 0.000000
batch 320 y → probs → restore MSE: 0.000000
batch 321 y → probs → restore MSE: 0.000000
batch 322 y → probs → restore MSE: 0.000001
batch 323 y → probs → restore MSE: 0.000000
batch 324 y → probs → restore MSE: 0.000000
batch 325 y → probs → restore MSE: 0.000000
batch 326 y → probs → restore MSE: 0.000000
batch 327 y → probs → restore MSE: 0.000001
batch 328 y → probs → restore MSE: 0.000001
batch 329 y → probs → restore MSE: 0.000001
batch 330 y → probs → restore MSE: 0.000001
batch 331 y → probs → restore MSE: 0.000001
batch 332 y → probs → restore MSE: 0.000001
batch 333 y → probs → restore MSE: 0.000001
batch 334 y → probs → restore MSE: 0.000001
batch 335 y → probs → restore MSE: 0.000001
batch 336 y → probs → restore MSE: 0.000001
batch 337 y → probs → restore MSE: 0.000001
mse:0.45294010639190674, mae:0.45957493782043457
Use GPU: cuda:0
>>>>>>>start training : ETTm1_336_720_DLinear_ETTm1_ftM_sl336_pl720_sigma0.01_bins100_lossmse_Exp_2>>>>>>>>>>>>>>>>>>>>>>>>>>
train 33505
val 10801
>>> Start Training
Epoch: 1, Steps: 1047, Train Loss: 35.69596, Time: 277.90s
Validation loss decreased (inf --> 34.882141).  Saving model ...
Epoch: 2, Steps: 1047, Train Loss: 33.72937, Time: 277.86s
Validation loss decreased (34.882141 --> 34.412880).  Saving model ...
Epoch: 3, Steps: 1047, Train Loss: 33.15777, Time: 277.87s
Validation loss decreased (34.412880 --> 34.261673).  Saving model ...
Epoch: 4, Steps: 1047, Train Loss: 32.81356, Time: 277.84s
Validation loss decreased (34.261673 --> 34.217079).  Saving model ...
Epoch: 5, Steps: 1047, Train Loss: 32.55950, Time: 277.83s
Validation loss decreased (34.217079 --> 34.138573).  Saving model ...
Epoch: 6, Steps: 1047, Train Loss: 32.35738, Time: 277.82s
Validation loss decreased (34.138573 --> 34.121750).  Saving model ...
Epoch: 7, Steps: 1047, Train Loss: 32.19094, Time: 277.84s
EarlyStopping counter: 1 out of 5
Epoch: 8, Steps: 1047, Train Loss: 32.04797, Time: 277.80s
EarlyStopping counter: 2 out of 5
Epoch: 9, Steps: 1047, Train Loss: 31.92427, Time: 277.91s
EarlyStopping counter: 3 out of 5
Epoch: 10, Steps: 1047, Train Loss: 31.81559, Time: 277.86s
EarlyStopping counter: 4 out of 5
>>>>>>>testing : ETTm1_336_720_DLinear_ETTm1_ftM_sl336_pl720_sigma0.01_bins100_lossmse_Exp_2<<<<<<<<<<<<<<<<<<<<<<<<<<<<<<<<<
test 10801
batch 0 y → probs → restore MSE: 0.000000
batch 1 y → probs → restore MSE: 0.000000
batch 2 y → probs → restore MSE: 0.000000
batch 3 y → probs → restore MSE: 0.000000
batch 4 y → probs → restore MSE: 0.000000
batch 5 y → probs → restore MSE: 0.000000
batch 6 y → probs → restore MSE: 0.000000
batch 7 y → probs → restore MSE: 0.000000
batch 8 y → probs → restore MSE: 0.000000
batch 9 y → probs → restore MSE: 0.000000
batch 10 y → probs → restore MSE: 0.000000
batch 11 y → probs → restore MSE: 0.000000
batch 12 y → probs → restore MSE: 0.000000
batch 13 y → probs → restore MSE: 0.000000
batch 14 y → probs → restore MSE: 0.000000
batch 15 y → probs → restore MSE: 0.000000
batch 16 y → probs → restore MSE: 0.000000
batch 17 y → probs → restore MSE: 0.000000
batch 18 y → probs → restore MSE: 0.000000
batch 19 y → probs → restore MSE: 0.000000
batch 20 y → probs → restore MSE: 0.000000
batch 21 y → probs → restore MSE: 0.000000
batch 22 y → probs → restore MSE: 0.000000
batch 23 y → probs → restore MSE: 0.000000
batch 24 y → probs → restore MSE: 0.000000
batch 25 y → probs → restore MSE: 0.000000
batch 26 y → probs → restore MSE: 0.000000
batch 27 y → probs → restore MSE: 0.000000
batch 28 y → probs → restore MSE: 0.000000
batch 29 y → probs → restore MSE: 0.000000
batch 30 y → probs → restore MSE: 0.000000
batch 31 y → probs → restore MSE: 0.000000
batch 32 y → probs → restore MSE: 0.000000
batch 33 y → probs → restore MSE: 0.000000
batch 34 y → probs → restore MSE: 0.000000
batch 35 y → probs → restore MSE: 0.000000
batch 36 y → probs → restore MSE: 0.000000
batch 37 y → probs → restore MSE: 0.000000
batch 38 y → probs → restore MSE: 0.000000
batch 39 y → probs → restore MSE: 0.000000
batch 40 y → probs → restore MSE: 0.000000
batch 41 y → probs → restore MSE: 0.000000
batch 42 y → probs → restore MSE: 0.000000
batch 43 y → probs → restore MSE: 0.000000
batch 44 y → probs → restore MSE: 0.000000
batch 45 y → probs → restore MSE: 0.000000
batch 46 y → probs → restore MSE: 0.000000
batch 47 y → probs → restore MSE: 0.000000
batch 48 y → probs → restore MSE: 0.000000
batch 49 y → probs → restore MSE: 0.000000
batch 50 y → probs → restore MSE: 0.000000
batch 51 y → probs → restore MSE: 0.000000
batch 52 y → probs → restore MSE: 0.000000
batch 53 y → probs → restore MSE: 0.000000
batch 54 y → probs → restore MSE: 0.000000
batch 55 y → probs → restore MSE: 0.000000
batch 56 y → probs → restore MSE: 0.000000
batch 57 y → probs → restore MSE: 0.000000
batch 58 y → probs → restore MSE: 0.000000
batch 59 y → probs → restore MSE: 0.000000
batch 60 y → probs → restore MSE: 0.000000
batch 61 y → probs → restore MSE: 0.000000
batch 62 y → probs → restore MSE: 0.000000
batch 63 y → probs → restore MSE: 0.000000
batch 64 y → probs → restore MSE: 0.000000
batch 65 y → probs → restore MSE: 0.000000
batch 66 y → probs → restore MSE: 0.000000
batch 67 y → probs → restore MSE: 0.000000
batch 68 y → probs → restore MSE: 0.000000
batch 69 y → probs → restore MSE: 0.000000
batch 70 y → probs → restore MSE: 0.000000
batch 71 y → probs → restore MSE: 0.000000
batch 72 y → probs → restore MSE: 0.000000
batch 73 y → probs → restore MSE: 0.000000
batch 74 y → probs → restore MSE: 0.000000
batch 75 y → probs → restore MSE: 0.000000
batch 76 y → probs → restore MSE: 0.000000
batch 77 y → probs → restore MSE: 0.000000
batch 78 y → probs → restore MSE: 0.000000
batch 79 y → probs → restore MSE: 0.000000
batch 80 y → probs → restore MSE: 0.000000
batch 81 y → probs → restore MSE: 0.000000
batch 82 y → probs → restore MSE: 0.000000
batch 83 y → probs → restore MSE: 0.000000
batch 84 y → probs → restore MSE: 0.000000
batch 85 y → probs → restore MSE: 0.000000
batch 86 y → probs → restore MSE: 0.000000
batch 87 y → probs → restore MSE: 0.000000
batch 88 y → probs → restore MSE: 0.000000
batch 89 y → probs → restore MSE: 0.000000
batch 90 y → probs → restore MSE: 0.000000
batch 91 y → probs → restore MSE: 0.000000
batch 92 y → probs → restore MSE: 0.000000
batch 93 y → probs → restore MSE: 0.000000
batch 94 y → probs → restore MSE: 0.000000
batch 95 y → probs → restore MSE: 0.000000
batch 96 y → probs → restore MSE: 0.000000
batch 97 y → probs → restore MSE: 0.000000
batch 98 y → probs → restore MSE: 0.000000
batch 99 y → probs → restore MSE: 0.000000
batch 100 y → probs → restore MSE: 0.000000
batch 101 y → probs → restore MSE: 0.000000
batch 102 y → probs → restore MSE: 0.000000
batch 103 y → probs → restore MSE: 0.000000
batch 104 y → probs → restore MSE: 0.000000
batch 105 y → probs → restore MSE: 0.000000
batch 106 y → probs → restore MSE: 0.000000
batch 107 y → probs → restore MSE: 0.000000
batch 108 y → probs → restore MSE: 0.000000
batch 109 y → probs → restore MSE: 0.000000
batch 110 y → probs → restore MSE: 0.000000
batch 111 y → probs → restore MSE: 0.000000
batch 112 y → probs → restore MSE: 0.000000
batch 113 y → probs → restore MSE: 0.000000
batch 114 y → probs → restore MSE: 0.000000
batch 115 y → probs → restore MSE: 0.000000
batch 116 y → probs → restore MSE: 0.000000
batch 117 y → probs → restore MSE: 0.000000
batch 118 y → probs → restore MSE: 0.000000
batch 119 y → probs → restore MSE: 0.000000
batch 120 y → probs → restore MSE: 0.000000
batch 121 y → probs → restore MSE: 0.000000
batch 122 y → probs → restore MSE: 0.000000
batch 123 y → probs → restore MSE: 0.000000
batch 124 y → probs → restore MSE: 0.000001
batch 125 y → probs → restore MSE: 0.000001
batch 126 y → probs → restore MSE: 0.000001
batch 127 y → probs → restore MSE: 0.000001
batch 128 y → probs → restore MSE: 0.000001
batch 129 y → probs → restore MSE: 0.000001
batch 130 y → probs → restore MSE: 0.000001
batch 131 y → probs → restore MSE: 0.000001
batch 132 y → probs → restore MSE: 0.000001
batch 133 y → probs → restore MSE: 0.000001
batch 134 y → probs → restore MSE: 0.000001
batch 135 y → probs → restore MSE: 0.000001
batch 136 y → probs → restore MSE: 0.000001
batch 137 y → probs → restore MSE: 0.000001
batch 138 y → probs → restore MSE: 0.000001
batch 139 y → probs → restore MSE: 0.000001
batch 140 y → probs → restore MSE: 0.000001
batch 141 y → probs → restore MSE: 0.000001
batch 142 y → probs → restore MSE: 0.000001
batch 143 y → probs → restore MSE: 0.000001
batch 144 y → probs → restore MSE: 0.000001
batch 145 y → probs → restore MSE: 0.000001
batch 146 y → probs → restore MSE: 0.000001
batch 147 y → probs → restore MSE: 0.000000
batch 148 y → probs → restore MSE: 0.000000
batch 149 y → probs → restore MSE: 0.000000
batch 150 y → probs → restore MSE: 0.000000
batch 151 y → probs → restore MSE: 0.000000
batch 152 y → probs → restore MSE: 0.000000
batch 153 y → probs → restore MSE: 0.000000
batch 154 y → probs → restore MSE: 0.000000
batch 155 y → probs → restore MSE: 0.000000
batch 156 y → probs → restore MSE: 0.000000
batch 157 y → probs → restore MSE: 0.000000
batch 158 y → probs → restore MSE: 0.000000
batch 159 y → probs → restore MSE: 0.000000
batch 160 y → probs → restore MSE: 0.000000
batch 161 y → probs → restore MSE: 0.000000
batch 162 y → probs → restore MSE: 0.000000
batch 163 y → probs → restore MSE: 0.000000
batch 164 y → probs → restore MSE: 0.000000
batch 165 y → probs → restore MSE: 0.000000
batch 166 y → probs → restore MSE: 0.000000
batch 167 y → probs → restore MSE: 0.000000
batch 168 y → probs → restore MSE: 0.000000
batch 169 y → probs → restore MSE: 0.000000
batch 170 y → probs → restore MSE: 0.000000
batch 171 y → probs → restore MSE: 0.000000
batch 172 y → probs → restore MSE: 0.000000
batch 173 y → probs → restore MSE: 0.000000
batch 174 y → probs → restore MSE: 0.000000
batch 175 y → probs → restore MSE: 0.000000
batch 176 y → probs → restore MSE: 0.000000
batch 177 y → probs → restore MSE: 0.000000
batch 178 y → probs → restore MSE: 0.000000
batch 179 y → probs → restore MSE: 0.000000
batch 180 y → probs → restore MSE: 0.000000
batch 181 y → probs → restore MSE: 0.000000
batch 182 y → probs → restore MSE: 0.000000
batch 183 y → probs → restore MSE: 0.000000
batch 184 y → probs → restore MSE: 0.000000
batch 185 y → probs → restore MSE: 0.000000
batch 186 y → probs → restore MSE: 0.000000
batch 187 y → probs → restore MSE: 0.000000
batch 188 y → probs → restore MSE: 0.000000
batch 189 y → probs → restore MSE: 0.000000
batch 190 y → probs → restore MSE: 0.000000
batch 191 y → probs → restore MSE: 0.000000
batch 192 y → probs → restore MSE: 0.000000
batch 193 y → probs → restore MSE: 0.000000
batch 194 y → probs → restore MSE: 0.000001
batch 195 y → probs → restore MSE: 0.000001
batch 196 y → probs → restore MSE: 0.000001
batch 197 y → probs → restore MSE: 0.000001
batch 198 y → probs → restore MSE: 0.000001
batch 199 y → probs → restore MSE: 0.000001
batch 200 y → probs → restore MSE: 0.000001
batch 201 y → probs → restore MSE: 0.000001
batch 202 y → probs → restore MSE: 0.000001
batch 203 y → probs → restore MSE: 0.000001
batch 204 y → probs → restore MSE: 0.000001
batch 205 y → probs → restore MSE: 0.000001
batch 206 y → probs → restore MSE: 0.000000
batch 207 y → probs → restore MSE: 0.000000
batch 208 y → probs → restore MSE: 0.000000
batch 209 y → probs → restore MSE: 0.000000
batch 210 y → probs → restore MSE: 0.000000
batch 211 y → probs → restore MSE: 0.000000
batch 212 y → probs → restore MSE: 0.000000
batch 213 y → probs → restore MSE: 0.000001
batch 214 y → probs → restore MSE: 0.000001
batch 215 y → probs → restore MSE: 0.000001
batch 216 y → probs → restore MSE: 0.000001
batch 217 y → probs → restore MSE: 0.000001
batch 218 y → probs → restore MSE: 0.000001
batch 219 y → probs → restore MSE: 0.000001
batch 220 y → probs → restore MSE: 0.000000
batch 221 y → probs → restore MSE: 0.000000
batch 222 y → probs → restore MSE: 0.000000
batch 223 y → probs → restore MSE: 0.000000
batch 224 y → probs → restore MSE: 0.000000
batch 225 y → probs → restore MSE: 0.000000
batch 226 y → probs → restore MSE: 0.000000
batch 227 y → probs → restore MSE: 0.000000
batch 228 y → probs → restore MSE: 0.000000
batch 229 y → probs → restore MSE: 0.000000
batch 230 y → probs → restore MSE: 0.000000
batch 231 y → probs → restore MSE: 0.000000
batch 232 y → probs → restore MSE: 0.000000
batch 233 y → probs → restore MSE: 0.000000
batch 234 y → probs → restore MSE: 0.000000
batch 235 y → probs → restore MSE: 0.000000
batch 236 y → probs → restore MSE: 0.000000
batch 237 y → probs → restore MSE: 0.000000
batch 238 y → probs → restore MSE: 0.000000
batch 239 y → probs → restore MSE: 0.000000
batch 240 y → probs → restore MSE: 0.000000
batch 241 y → probs → restore MSE: 0.000000
batch 242 y → probs → restore MSE: 0.000000
batch 243 y → probs → restore MSE: 0.000000
batch 244 y → probs → restore MSE: 0.000000
batch 245 y → probs → restore MSE: 0.000000
batch 246 y → probs → restore MSE: 0.000000
batch 247 y → probs → restore MSE: 0.000000
batch 248 y → probs → restore MSE: 0.000000
batch 249 y → probs → restore MSE: 0.000000
batch 250 y → probs → restore MSE: 0.000000
batch 251 y → probs → restore MSE: 0.000000
batch 252 y → probs → restore MSE: 0.000000
batch 253 y → probs → restore MSE: 0.000000
batch 254 y → probs → restore MSE: 0.000000
batch 255 y → probs → restore MSE: 0.000001
batch 256 y → probs → restore MSE: 0.000000
batch 257 y → probs → restore MSE: 0.000000
batch 258 y → probs → restore MSE: 0.000000
batch 259 y → probs → restore MSE: 0.000000
batch 260 y → probs → restore MSE: 0.000000
batch 261 y → probs → restore MSE: 0.000000
batch 262 y → probs → restore MSE: 0.000000
batch 263 y → probs → restore MSE: 0.000000
batch 264 y → probs → restore MSE: 0.000000
batch 265 y → probs → restore MSE: 0.000000
batch 266 y → probs → restore MSE: 0.000000
batch 267 y → probs → restore MSE: 0.000000
batch 268 y → probs → restore MSE: 0.000000
batch 269 y → probs → restore MSE: 0.000000
batch 270 y → probs → restore MSE: 0.000000
batch 271 y → probs → restore MSE: 0.000001
batch 272 y → probs → restore MSE: 0.000001
batch 273 y → probs → restore MSE: 0.000001
batch 274 y → probs → restore MSE: 0.000001
batch 275 y → probs → restore MSE: 0.000001
batch 276 y → probs → restore MSE: 0.000001
batch 277 y → probs → restore MSE: 0.000000
batch 278 y → probs → restore MSE: 0.000000
batch 279 y → probs → restore MSE: 0.000000
batch 280 y → probs → restore MSE: 0.000001
batch 281 y → probs → restore MSE: 0.000001
batch 282 y → probs → restore MSE: 0.000000
batch 283 y → probs → restore MSE: 0.000001
batch 284 y → probs → restore MSE: 0.000001
batch 285 y → probs → restore MSE: 0.000000
batch 286 y → probs → restore MSE: 0.000000
batch 287 y → probs → restore MSE: 0.000000
batch 288 y → probs → restore MSE: 0.000001
batch 289 y → probs → restore MSE: 0.000001
batch 290 y → probs → restore MSE: 0.000001
batch 291 y → probs → restore MSE: 0.000001
batch 292 y → probs → restore MSE: 0.000001
batch 293 y → probs → restore MSE: 0.000001
batch 294 y → probs → restore MSE: 0.000002
batch 295 y → probs → restore MSE: 0.000002
batch 296 y → probs → restore MSE: 0.000001
batch 297 y → probs → restore MSE: 0.000001
batch 298 y → probs → restore MSE: 0.000001
batch 299 y → probs → restore MSE: 0.000001
batch 300 y → probs → restore MSE: 0.000001
batch 301 y → probs → restore MSE: 0.000001
batch 302 y → probs → restore MSE: 0.000001
batch 303 y → probs → restore MSE: 0.000001
batch 304 y → probs → restore MSE: 0.000001
batch 305 y → probs → restore MSE: 0.000001
batch 306 y → probs → restore MSE: 0.000001
batch 307 y → probs → restore MSE: 0.000001
batch 308 y → probs → restore MSE: 0.000001
batch 309 y → probs → restore MSE: 0.000001
batch 310 y → probs → restore MSE: 0.000001
batch 311 y → probs → restore MSE: 0.000001
batch 312 y → probs → restore MSE: 0.000001
batch 313 y → probs → restore MSE: 0.000001
batch 314 y → probs → restore MSE: 0.000001
batch 315 y → probs → restore MSE: 0.000001
batch 316 y → probs → restore MSE: 0.000001
batch 317 y → probs → restore MSE: 0.000001
batch 318 y → probs → restore MSE: 0.000000
batch 319 y → probs → restore MSE: 0.000000
batch 320 y → probs → restore MSE: 0.000000
batch 321 y → probs → restore MSE: 0.000000
batch 322 y → probs → restore MSE: 0.000001
batch 323 y → probs → restore MSE: 0.000000
batch 324 y → probs → restore MSE: 0.000000
batch 325 y → probs → restore MSE: 0.000000
batch 326 y → probs → restore MSE: 0.000000
batch 327 y → probs → restore MSE: 0.000001
batch 328 y → probs → restore MSE: 0.000001
batch 329 y → probs → restore MSE: 0.000001
batch 330 y → probs → restore MSE: 0.000001
batch 331 y → probs → restore MSE: 0.000001
batch 332 y → probs → restore MSE: 0.000001
batch 333 y → probs → restore MSE: 0.000001
batch 334 y → probs → restore MSE: 0.000001
batch 335 y → probs → restore MSE: 0.000001
batch 336 y → probs → restore MSE: 0.000001
batch 337 y → probs → restore MSE: 0.000001
mse:0.4512593746185303, mae:0.4587748050689697
Use GPU: cuda:0
>>>>>>>start training : ETTm1_336_720_DLinear_ETTm1_ftM_sl336_pl720_sigma0.01_bins100_lossmse_Exp_3>>>>>>>>>>>>>>>>>>>>>>>>>>
train 33505
val 10801
>>> Start Training
Epoch: 1, Steps: 1047, Train Loss: 35.70379, Time: 278.12s
Validation loss decreased (inf --> 34.846043).  Saving model ...
Epoch: 2, Steps: 1047, Train Loss: 33.73298, Time: 278.73s
Validation loss decreased (34.846043 --> 34.414623).  Saving model ...
Epoch: 3, Steps: 1047, Train Loss: 33.15935, Time: 276.61s
Validation loss decreased (34.414623 --> 34.268318).  Saving model ...
Epoch: 4, Steps: 1047, Train Loss: 32.81506, Time: 277.66s
Validation loss decreased (34.268318 --> 34.170300).  Saving model ...
Epoch: 5, Steps: 1047, Train Loss: 32.56006, Time: 279.90s
Validation loss decreased (34.170300 --> 34.143246).  Saving model ...
Epoch: 6, Steps: 1047, Train Loss: 32.35857, Time: 278.65s
Validation loss decreased (34.143246 --> 34.142681).  Saving model ...
Epoch: 7, Steps: 1047, Train Loss: 32.19075, Time: 277.49s
EarlyStopping counter: 1 out of 5
Epoch: 8, Steps: 1047, Train Loss: 32.04754, Time: 277.38s
EarlyStopping counter: 2 out of 5
Epoch: 9, Steps: 1047, Train Loss: 31.92449, Time: 278.82s
EarlyStopping counter: 3 out of 5
Epoch: 10, Steps: 1047, Train Loss: 31.81596, Time: 278.73s
EarlyStopping counter: 4 out of 5
>>>>>>>testing : ETTm1_336_720_DLinear_ETTm1_ftM_sl336_pl720_sigma0.01_bins100_lossmse_Exp_3<<<<<<<<<<<<<<<<<<<<<<<<<<<<<<<<<
test 10801
batch 0 y → probs → restore MSE: 0.000000
batch 1 y → probs → restore MSE: 0.000000
batch 2 y → probs → restore MSE: 0.000000
batch 3 y → probs → restore MSE: 0.000000
batch 4 y → probs → restore MSE: 0.000000
batch 5 y → probs → restore MSE: 0.000000
batch 6 y → probs → restore MSE: 0.000000
batch 7 y → probs → restore MSE: 0.000000
batch 8 y → probs → restore MSE: 0.000000
batch 9 y → probs → restore MSE: 0.000000
batch 10 y → probs → restore MSE: 0.000000
batch 11 y → probs → restore MSE: 0.000000
batch 12 y → probs → restore MSE: 0.000000
batch 13 y → probs → restore MSE: 0.000000
batch 14 y → probs → restore MSE: 0.000000
batch 15 y → probs → restore MSE: 0.000000
batch 16 y → probs → restore MSE: 0.000000
batch 17 y → probs → restore MSE: 0.000000
batch 18 y → probs → restore MSE: 0.000000
batch 19 y → probs → restore MSE: 0.000000
batch 20 y → probs → restore MSE: 0.000000
batch 21 y → probs → restore MSE: 0.000000
batch 22 y → probs → restore MSE: 0.000000
batch 23 y → probs → restore MSE: 0.000000
batch 24 y → probs → restore MSE: 0.000000
batch 25 y → probs → restore MSE: 0.000000
batch 26 y → probs → restore MSE: 0.000000
batch 27 y → probs → restore MSE: 0.000000
batch 28 y → probs → restore MSE: 0.000000
batch 29 y → probs → restore MSE: 0.000000
batch 30 y → probs → restore MSE: 0.000000
batch 31 y → probs → restore MSE: 0.000000
batch 32 y → probs → restore MSE: 0.000000
batch 33 y → probs → restore MSE: 0.000000
batch 34 y → probs → restore MSE: 0.000000
batch 35 y → probs → restore MSE: 0.000000
batch 36 y → probs → restore MSE: 0.000000
batch 37 y → probs → restore MSE: 0.000000
batch 38 y → probs → restore MSE: 0.000000
batch 39 y → probs → restore MSE: 0.000000
batch 40 y → probs → restore MSE: 0.000000
batch 41 y → probs → restore MSE: 0.000000
batch 42 y → probs → restore MSE: 0.000000
batch 43 y → probs → restore MSE: 0.000000
batch 44 y → probs → restore MSE: 0.000000
batch 45 y → probs → restore MSE: 0.000000
batch 46 y → probs → restore MSE: 0.000000
batch 47 y → probs → restore MSE: 0.000000
batch 48 y → probs → restore MSE: 0.000000
batch 49 y → probs → restore MSE: 0.000000
batch 50 y → probs → restore MSE: 0.000000
batch 51 y → probs → restore MSE: 0.000000
batch 52 y → probs → restore MSE: 0.000000
batch 53 y → probs → restore MSE: 0.000000
batch 54 y → probs → restore MSE: 0.000000
batch 55 y → probs → restore MSE: 0.000000
batch 56 y → probs → restore MSE: 0.000000
batch 57 y → probs → restore MSE: 0.000000
batch 58 y → probs → restore MSE: 0.000000
batch 59 y → probs → restore MSE: 0.000000
batch 60 y → probs → restore MSE: 0.000000
batch 61 y → probs → restore MSE: 0.000000
batch 62 y → probs → restore MSE: 0.000000
batch 63 y → probs → restore MSE: 0.000000
batch 64 y → probs → restore MSE: 0.000000
batch 65 y → probs → restore MSE: 0.000000
batch 66 y → probs → restore MSE: 0.000000
batch 67 y → probs → restore MSE: 0.000000
batch 68 y → probs → restore MSE: 0.000000
batch 69 y → probs → restore MSE: 0.000000
batch 70 y → probs → restore MSE: 0.000000
batch 71 y → probs → restore MSE: 0.000000
batch 72 y → probs → restore MSE: 0.000000
batch 73 y → probs → restore MSE: 0.000000
batch 74 y → probs → restore MSE: 0.000000
batch 75 y → probs → restore MSE: 0.000000
batch 76 y → probs → restore MSE: 0.000000
batch 77 y → probs → restore MSE: 0.000000
batch 78 y → probs → restore MSE: 0.000000
batch 79 y → probs → restore MSE: 0.000000
batch 80 y → probs → restore MSE: 0.000000
batch 81 y → probs → restore MSE: 0.000000
batch 82 y → probs → restore MSE: 0.000000
batch 83 y → probs → restore MSE: 0.000000
batch 84 y → probs → restore MSE: 0.000000
batch 85 y → probs → restore MSE: 0.000000
batch 86 y → probs → restore MSE: 0.000000
batch 87 y → probs → restore MSE: 0.000000
batch 88 y → probs → restore MSE: 0.000000
batch 89 y → probs → restore MSE: 0.000000
batch 90 y → probs → restore MSE: 0.000000
batch 91 y → probs → restore MSE: 0.000000
batch 92 y → probs → restore MSE: 0.000000
batch 93 y → probs → restore MSE: 0.000000
batch 94 y → probs → restore MSE: 0.000000
batch 95 y → probs → restore MSE: 0.000000
batch 96 y → probs → restore MSE: 0.000000
batch 97 y → probs → restore MSE: 0.000000
batch 98 y → probs → restore MSE: 0.000000
batch 99 y → probs → restore MSE: 0.000000
batch 100 y → probs → restore MSE: 0.000000
batch 101 y → probs → restore MSE: 0.000000
batch 102 y → probs → restore MSE: 0.000000
batch 103 y → probs → restore MSE: 0.000000
batch 104 y → probs → restore MSE: 0.000000
batch 105 y → probs → restore MSE: 0.000000
batch 106 y → probs → restore MSE: 0.000000
batch 107 y → probs → restore MSE: 0.000000
batch 108 y → probs → restore MSE: 0.000000
batch 109 y → probs → restore MSE: 0.000000
batch 110 y → probs → restore MSE: 0.000000
batch 111 y → probs → restore MSE: 0.000000
batch 112 y → probs → restore MSE: 0.000000
batch 113 y → probs → restore MSE: 0.000000
batch 114 y → probs → restore MSE: 0.000000
batch 115 y → probs → restore MSE: 0.000000
batch 116 y → probs → restore MSE: 0.000000
batch 117 y → probs → restore MSE: 0.000000
batch 118 y → probs → restore MSE: 0.000000
batch 119 y → probs → restore MSE: 0.000000
batch 120 y → probs → restore MSE: 0.000000
batch 121 y → probs → restore MSE: 0.000000
batch 122 y → probs → restore MSE: 0.000000
batch 123 y → probs → restore MSE: 0.000000
batch 124 y → probs → restore MSE: 0.000001
batch 125 y → probs → restore MSE: 0.000001
batch 126 y → probs → restore MSE: 0.000001
batch 127 y → probs → restore MSE: 0.000001
batch 128 y → probs → restore MSE: 0.000001
batch 129 y → probs → restore MSE: 0.000001
batch 130 y → probs → restore MSE: 0.000001
batch 131 y → probs → restore MSE: 0.000001
batch 132 y → probs → restore MSE: 0.000001
batch 133 y → probs → restore MSE: 0.000001
batch 134 y → probs → restore MSE: 0.000001
batch 135 y → probs → restore MSE: 0.000001
batch 136 y → probs → restore MSE: 0.000001
batch 137 y → probs → restore MSE: 0.000001
batch 138 y → probs → restore MSE: 0.000001
batch 139 y → probs → restore MSE: 0.000001
batch 140 y → probs → restore MSE: 0.000001
batch 141 y → probs → restore MSE: 0.000001
batch 142 y → probs → restore MSE: 0.000001
batch 143 y → probs → restore MSE: 0.000001
batch 144 y → probs → restore MSE: 0.000001
batch 145 y → probs → restore MSE: 0.000001
batch 146 y → probs → restore MSE: 0.000001
batch 147 y → probs → restore MSE: 0.000000
batch 148 y → probs → restore MSE: 0.000000
batch 149 y → probs → restore MSE: 0.000000
batch 150 y → probs → restore MSE: 0.000000
batch 151 y → probs → restore MSE: 0.000000
batch 152 y → probs → restore MSE: 0.000000
batch 153 y → probs → restore MSE: 0.000000
batch 154 y → probs → restore MSE: 0.000000
batch 155 y → probs → restore MSE: 0.000000
batch 156 y → probs → restore MSE: 0.000000
batch 157 y → probs → restore MSE: 0.000000
batch 158 y → probs → restore MSE: 0.000000
batch 159 y → probs → restore MSE: 0.000000
batch 160 y → probs → restore MSE: 0.000000
batch 161 y → probs → restore MSE: 0.000000
batch 162 y → probs → restore MSE: 0.000000
batch 163 y → probs → restore MSE: 0.000000
batch 164 y → probs → restore MSE: 0.000000
batch 165 y → probs → restore MSE: 0.000000
batch 166 y → probs → restore MSE: 0.000000
batch 167 y → probs → restore MSE: 0.000000
batch 168 y → probs → restore MSE: 0.000000
batch 169 y → probs → restore MSE: 0.000000
batch 170 y → probs → restore MSE: 0.000000
batch 171 y → probs → restore MSE: 0.000000
batch 172 y → probs → restore MSE: 0.000000
batch 173 y → probs → restore MSE: 0.000000
batch 174 y → probs → restore MSE: 0.000000
batch 175 y → probs → restore MSE: 0.000000
batch 176 y → probs → restore MSE: 0.000000
batch 177 y → probs → restore MSE: 0.000000
batch 178 y → probs → restore MSE: 0.000000
batch 179 y → probs → restore MSE: 0.000000
batch 180 y → probs → restore MSE: 0.000000
batch 181 y → probs → restore MSE: 0.000000
batch 182 y → probs → restore MSE: 0.000000
batch 183 y → probs → restore MSE: 0.000000
batch 184 y → probs → restore MSE: 0.000000
batch 185 y → probs → restore MSE: 0.000000
batch 186 y → probs → restore MSE: 0.000000
batch 187 y → probs → restore MSE: 0.000000
batch 188 y → probs → restore MSE: 0.000000
batch 189 y → probs → restore MSE: 0.000000
batch 190 y → probs → restore MSE: 0.000000
batch 191 y → probs → restore MSE: 0.000000
batch 192 y → probs → restore MSE: 0.000000
batch 193 y → probs → restore MSE: 0.000000
batch 194 y → probs → restore MSE: 0.000001
batch 195 y → probs → restore MSE: 0.000001
batch 196 y → probs → restore MSE: 0.000001
batch 197 y → probs → restore MSE: 0.000001
batch 198 y → probs → restore MSE: 0.000001
batch 199 y → probs → restore MSE: 0.000001
batch 200 y → probs → restore MSE: 0.000001
batch 201 y → probs → restore MSE: 0.000001
batch 202 y → probs → restore MSE: 0.000001
batch 203 y → probs → restore MSE: 0.000001
batch 204 y → probs → restore MSE: 0.000001
batch 205 y → probs → restore MSE: 0.000001
batch 206 y → probs → restore MSE: 0.000000
batch 207 y → probs → restore MSE: 0.000000
batch 208 y → probs → restore MSE: 0.000000
batch 209 y → probs → restore MSE: 0.000000
batch 210 y → probs → restore MSE: 0.000000
batch 211 y → probs → restore MSE: 0.000000
batch 212 y → probs → restore MSE: 0.000000
batch 213 y → probs → restore MSE: 0.000001
batch 214 y → probs → restore MSE: 0.000001
batch 215 y → probs → restore MSE: 0.000001
batch 216 y → probs → restore MSE: 0.000001
batch 217 y → probs → restore MSE: 0.000001
batch 218 y → probs → restore MSE: 0.000001
batch 219 y → probs → restore MSE: 0.000001
batch 220 y → probs → restore MSE: 0.000000
batch 221 y → probs → restore MSE: 0.000000
batch 222 y → probs → restore MSE: 0.000000
batch 223 y → probs → restore MSE: 0.000000
batch 224 y → probs → restore MSE: 0.000000
batch 225 y → probs → restore MSE: 0.000000
batch 226 y → probs → restore MSE: 0.000000
batch 227 y → probs → restore MSE: 0.000000
batch 228 y → probs → restore MSE: 0.000000
batch 229 y → probs → restore MSE: 0.000000
batch 230 y → probs → restore MSE: 0.000000
batch 231 y → probs → restore MSE: 0.000000
batch 232 y → probs → restore MSE: 0.000000
batch 233 y → probs → restore MSE: 0.000000
batch 234 y → probs → restore MSE: 0.000000
batch 235 y → probs → restore MSE: 0.000000
batch 236 y → probs → restore MSE: 0.000000
batch 237 y → probs → restore MSE: 0.000000
batch 238 y → probs → restore MSE: 0.000000
batch 239 y → probs → restore MSE: 0.000000
batch 240 y → probs → restore MSE: 0.000000
batch 241 y → probs → restore MSE: 0.000000
batch 242 y → probs → restore MSE: 0.000000
batch 243 y → probs → restore MSE: 0.000000
batch 244 y → probs → restore MSE: 0.000000
batch 245 y → probs → restore MSE: 0.000000
batch 246 y → probs → restore MSE: 0.000000
batch 247 y → probs → restore MSE: 0.000000
batch 248 y → probs → restore MSE: 0.000000
batch 249 y → probs → restore MSE: 0.000000
batch 250 y → probs → restore MSE: 0.000000
batch 251 y → probs → restore MSE: 0.000000
batch 252 y → probs → restore MSE: 0.000000
batch 253 y → probs → restore MSE: 0.000000
batch 254 y → probs → restore MSE: 0.000000
batch 255 y → probs → restore MSE: 0.000001
batch 256 y → probs → restore MSE: 0.000000
batch 257 y → probs → restore MSE: 0.000000
batch 258 y → probs → restore MSE: 0.000000
batch 259 y → probs → restore MSE: 0.000000
batch 260 y → probs → restore MSE: 0.000000
batch 261 y → probs → restore MSE: 0.000000
batch 262 y → probs → restore MSE: 0.000000
batch 263 y → probs → restore MSE: 0.000000
batch 264 y → probs → restore MSE: 0.000000
batch 265 y → probs → restore MSE: 0.000000
batch 266 y → probs → restore MSE: 0.000000
batch 267 y → probs → restore MSE: 0.000000
batch 268 y → probs → restore MSE: 0.000000
batch 269 y → probs → restore MSE: 0.000000
batch 270 y → probs → restore MSE: 0.000000
batch 271 y → probs → restore MSE: 0.000001
batch 272 y → probs → restore MSE: 0.000001
batch 273 y → probs → restore MSE: 0.000001
batch 274 y → probs → restore MSE: 0.000001
batch 275 y → probs → restore MSE: 0.000001
batch 276 y → probs → restore MSE: 0.000001
batch 277 y → probs → restore MSE: 0.000000
batch 278 y → probs → restore MSE: 0.000000
batch 279 y → probs → restore MSE: 0.000000
batch 280 y → probs → restore MSE: 0.000001
batch 281 y → probs → restore MSE: 0.000001
batch 282 y → probs → restore MSE: 0.000000
batch 283 y → probs → restore MSE: 0.000001
batch 284 y → probs → restore MSE: 0.000001
batch 285 y → probs → restore MSE: 0.000000
batch 286 y → probs → restore MSE: 0.000000
batch 287 y → probs → restore MSE: 0.000000
batch 288 y → probs → restore MSE: 0.000001
batch 289 y → probs → restore MSE: 0.000001
batch 290 y → probs → restore MSE: 0.000001
batch 291 y → probs → restore MSE: 0.000001
batch 292 y → probs → restore MSE: 0.000001
batch 293 y → probs → restore MSE: 0.000001
batch 294 y → probs → restore MSE: 0.000002
batch 295 y → probs → restore MSE: 0.000002
batch 296 y → probs → restore MSE: 0.000001
batch 297 y → probs → restore MSE: 0.000001
batch 298 y → probs → restore MSE: 0.000001
batch 299 y → probs → restore MSE: 0.000001
batch 300 y → probs → restore MSE: 0.000001
batch 301 y → probs → restore MSE: 0.000001
batch 302 y → probs → restore MSE: 0.000001
batch 303 y → probs → restore MSE: 0.000001
batch 304 y → probs → restore MSE: 0.000001
batch 305 y → probs → restore MSE: 0.000001
batch 306 y → probs → restore MSE: 0.000001
batch 307 y → probs → restore MSE: 0.000001
batch 308 y → probs → restore MSE: 0.000001
batch 309 y → probs → restore MSE: 0.000001
batch 310 y → probs → restore MSE: 0.000001
batch 311 y → probs → restore MSE: 0.000001
batch 312 y → probs → restore MSE: 0.000001
batch 313 y → probs → restore MSE: 0.000001
batch 314 y → probs → restore MSE: 0.000001
batch 315 y → probs → restore MSE: 0.000001
batch 316 y → probs → restore MSE: 0.000001
batch 317 y → probs → restore MSE: 0.000001
batch 318 y → probs → restore MSE: 0.000000
batch 319 y → probs → restore MSE: 0.000000
batch 320 y → probs → restore MSE: 0.000000
batch 321 y → probs → restore MSE: 0.000000
batch 322 y → probs → restore MSE: 0.000001
batch 323 y → probs → restore MSE: 0.000000
batch 324 y → probs → restore MSE: 0.000000
batch 325 y → probs → restore MSE: 0.000000
batch 326 y → probs → restore MSE: 0.000000
batch 327 y → probs → restore MSE: 0.000001
batch 328 y → probs → restore MSE: 0.000001
batch 329 y → probs → restore MSE: 0.000001
batch 330 y → probs → restore MSE: 0.000001
batch 331 y → probs → restore MSE: 0.000001
batch 332 y → probs → restore MSE: 0.000001
batch 333 y → probs → restore MSE: 0.000001
batch 334 y → probs → restore MSE: 0.000001
batch 335 y → probs → restore MSE: 0.000001
batch 336 y → probs → restore MSE: 0.000001
batch 337 y → probs → restore MSE: 0.000001
mse:0.45134779810905457, mae:0.4582447111606598
Use GPU: cuda:0
>>>>>>>start training : ETTm1_336_720_DLinear_ETTm1_ftM_sl336_pl720_sigma0.01_bins100_lossmse_Exp_4>>>>>>>>>>>>>>>>>>>>>>>>>>
train 33505
val 10801
>>> Start Training
Epoch: 1, Steps: 1047, Train Loss: 35.70747, Time: 278.75s
Validation loss decreased (inf --> 34.881756).  Saving model ...
Epoch: 2, Steps: 1047, Train Loss: 33.73355, Time: 279.72s
Validation loss decreased (34.881756 --> 34.410633).  Saving model ...
Epoch: 3, Steps: 1047, Train Loss: 33.15797, Time: 279.64s
Validation loss decreased (34.410633 --> 34.246025).  Saving model ...
Epoch: 4, Steps: 1047, Train Loss: 32.81392, Time: 278.28s
Validation loss decreased (34.246025 --> 34.183022).  Saving model ...
Epoch: 5, Steps: 1047, Train Loss: 32.56073, Time: 276.72s
Validation loss decreased (34.183022 --> 34.145214).  Saving model ...
Epoch: 6, Steps: 1047, Train Loss: 32.35815, Time: 276.80s
EarlyStopping counter: 1 out of 5
Epoch: 7, Steps: 1047, Train Loss: 32.19007, Time: 276.89s
EarlyStopping counter: 2 out of 5
Epoch: 8, Steps: 1047, Train Loss: 32.04768, Time: 277.05s
EarlyStopping counter: 3 out of 5
Epoch: 9, Steps: 1047, Train Loss: 31.92397, Time: 276.67s
EarlyStopping counter: 4 out of 5
Epoch: 10, Steps: 1047, Train Loss: 31.81559, Time: 277.63s
EarlyStopping counter: 5 out of 5
Early stopping
>>>>>>>testing : ETTm1_336_720_DLinear_ETTm1_ftM_sl336_pl720_sigma0.01_bins100_lossmse_Exp_4<<<<<<<<<<<<<<<<<<<<<<<<<<<<<<<<<
test 10801
batch 0 y → probs → restore MSE: 0.000000
batch 1 y → probs → restore MSE: 0.000000
batch 2 y → probs → restore MSE: 0.000000
batch 3 y → probs → restore MSE: 0.000000
batch 4 y → probs → restore MSE: 0.000000
batch 5 y → probs → restore MSE: 0.000000
batch 6 y → probs → restore MSE: 0.000000
batch 7 y → probs → restore MSE: 0.000000
batch 8 y → probs → restore MSE: 0.000000
batch 9 y → probs → restore MSE: 0.000000
batch 10 y → probs → restore MSE: 0.000000
batch 11 y → probs → restore MSE: 0.000000
batch 12 y → probs → restore MSE: 0.000000
batch 13 y → probs → restore MSE: 0.000000
batch 14 y → probs → restore MSE: 0.000000
batch 15 y → probs → restore MSE: 0.000000
batch 16 y → probs → restore MSE: 0.000000
batch 17 y → probs → restore MSE: 0.000000
batch 18 y → probs → restore MSE: 0.000000
batch 19 y → probs → restore MSE: 0.000000
batch 20 y → probs → restore MSE: 0.000000
batch 21 y → probs → restore MSE: 0.000000
batch 22 y → probs → restore MSE: 0.000000
batch 23 y → probs → restore MSE: 0.000000
batch 24 y → probs → restore MSE: 0.000000
batch 25 y → probs → restore MSE: 0.000000
batch 26 y → probs → restore MSE: 0.000000
batch 27 y → probs → restore MSE: 0.000000
batch 28 y → probs → restore MSE: 0.000000
batch 29 y → probs → restore MSE: 0.000000
batch 30 y → probs → restore MSE: 0.000000
batch 31 y → probs → restore MSE: 0.000000
batch 32 y → probs → restore MSE: 0.000000
batch 33 y → probs → restore MSE: 0.000000
batch 34 y → probs → restore MSE: 0.000000
batch 35 y → probs → restore MSE: 0.000000
batch 36 y → probs → restore MSE: 0.000000
batch 37 y → probs → restore MSE: 0.000000
batch 38 y → probs → restore MSE: 0.000000
batch 39 y → probs → restore MSE: 0.000000
batch 40 y → probs → restore MSE: 0.000000
batch 41 y → probs → restore MSE: 0.000000
batch 42 y → probs → restore MSE: 0.000000
batch 43 y → probs → restore MSE: 0.000000
batch 44 y → probs → restore MSE: 0.000000
batch 45 y → probs → restore MSE: 0.000000
batch 46 y → probs → restore MSE: 0.000000
batch 47 y → probs → restore MSE: 0.000000
batch 48 y → probs → restore MSE: 0.000000
batch 49 y → probs → restore MSE: 0.000000
batch 50 y → probs → restore MSE: 0.000000
batch 51 y → probs → restore MSE: 0.000000
batch 52 y → probs → restore MSE: 0.000000
batch 53 y → probs → restore MSE: 0.000000
batch 54 y → probs → restore MSE: 0.000000
batch 55 y → probs → restore MSE: 0.000000
batch 56 y → probs → restore MSE: 0.000000
batch 57 y → probs → restore MSE: 0.000000
batch 58 y → probs → restore MSE: 0.000000
batch 59 y → probs → restore MSE: 0.000000
batch 60 y → probs → restore MSE: 0.000000
batch 61 y → probs → restore MSE: 0.000000
batch 62 y → probs → restore MSE: 0.000000
batch 63 y → probs → restore MSE: 0.000000
batch 64 y → probs → restore MSE: 0.000000
batch 65 y → probs → restore MSE: 0.000000
batch 66 y → probs → restore MSE: 0.000000
batch 67 y → probs → restore MSE: 0.000000
batch 68 y → probs → restore MSE: 0.000000
batch 69 y → probs → restore MSE: 0.000000
batch 70 y → probs → restore MSE: 0.000000
batch 71 y → probs → restore MSE: 0.000000
batch 72 y → probs → restore MSE: 0.000000
batch 73 y → probs → restore MSE: 0.000000
batch 74 y → probs → restore MSE: 0.000000
batch 75 y → probs → restore MSE: 0.000000
batch 76 y → probs → restore MSE: 0.000000
batch 77 y → probs → restore MSE: 0.000000
batch 78 y → probs → restore MSE: 0.000000
batch 79 y → probs → restore MSE: 0.000000
batch 80 y → probs → restore MSE: 0.000000
batch 81 y → probs → restore MSE: 0.000000
batch 82 y → probs → restore MSE: 0.000000
batch 83 y → probs → restore MSE: 0.000000
batch 84 y → probs → restore MSE: 0.000000
batch 85 y → probs → restore MSE: 0.000000
batch 86 y → probs → restore MSE: 0.000000
batch 87 y → probs → restore MSE: 0.000000
batch 88 y → probs → restore MSE: 0.000000
batch 89 y → probs → restore MSE: 0.000000
batch 90 y → probs → restore MSE: 0.000000
batch 91 y → probs → restore MSE: 0.000000
batch 92 y → probs → restore MSE: 0.000000
batch 93 y → probs → restore MSE: 0.000000
batch 94 y → probs → restore MSE: 0.000000
batch 95 y → probs → restore MSE: 0.000000
batch 96 y → probs → restore MSE: 0.000000
batch 97 y → probs → restore MSE: 0.000000
batch 98 y → probs → restore MSE: 0.000000
batch 99 y → probs → restore MSE: 0.000000
batch 100 y → probs → restore MSE: 0.000000
batch 101 y → probs → restore MSE: 0.000000
batch 102 y → probs → restore MSE: 0.000000
batch 103 y → probs → restore MSE: 0.000000
batch 104 y → probs → restore MSE: 0.000000
batch 105 y → probs → restore MSE: 0.000000
batch 106 y → probs → restore MSE: 0.000000
batch 107 y → probs → restore MSE: 0.000000
batch 108 y → probs → restore MSE: 0.000000
batch 109 y → probs → restore MSE: 0.000000
batch 110 y → probs → restore MSE: 0.000000
batch 111 y → probs → restore MSE: 0.000000
batch 112 y → probs → restore MSE: 0.000000
batch 113 y → probs → restore MSE: 0.000000
batch 114 y → probs → restore MSE: 0.000000
batch 115 y → probs → restore MSE: 0.000000
batch 116 y → probs → restore MSE: 0.000000
batch 117 y → probs → restore MSE: 0.000000
batch 118 y → probs → restore MSE: 0.000000
batch 119 y → probs → restore MSE: 0.000000
batch 120 y → probs → restore MSE: 0.000000
batch 121 y → probs → restore MSE: 0.000000
batch 122 y → probs → restore MSE: 0.000000
batch 123 y → probs → restore MSE: 0.000000
batch 124 y → probs → restore MSE: 0.000001
batch 125 y → probs → restore MSE: 0.000001
batch 126 y → probs → restore MSE: 0.000001
batch 127 y → probs → restore MSE: 0.000001
batch 128 y → probs → restore MSE: 0.000001
batch 129 y → probs → restore MSE: 0.000001
batch 130 y → probs → restore MSE: 0.000001
batch 131 y → probs → restore MSE: 0.000001
batch 132 y → probs → restore MSE: 0.000001
batch 133 y → probs → restore MSE: 0.000001
batch 134 y → probs → restore MSE: 0.000001
batch 135 y → probs → restore MSE: 0.000001
batch 136 y → probs → restore MSE: 0.000001
batch 137 y → probs → restore MSE: 0.000001
batch 138 y → probs → restore MSE: 0.000001
batch 139 y → probs → restore MSE: 0.000001
batch 140 y → probs → restore MSE: 0.000001
batch 141 y → probs → restore MSE: 0.000001
batch 142 y → probs → restore MSE: 0.000001
batch 143 y → probs → restore MSE: 0.000001
batch 144 y → probs → restore MSE: 0.000001
batch 145 y → probs → restore MSE: 0.000001
batch 146 y → probs → restore MSE: 0.000001
batch 147 y → probs → restore MSE: 0.000000
batch 148 y → probs → restore MSE: 0.000000
batch 149 y → probs → restore MSE: 0.000000
batch 150 y → probs → restore MSE: 0.000000
batch 151 y → probs → restore MSE: 0.000000
batch 152 y → probs → restore MSE: 0.000000
batch 153 y → probs → restore MSE: 0.000000
batch 154 y → probs → restore MSE: 0.000000
batch 155 y → probs → restore MSE: 0.000000
batch 156 y → probs → restore MSE: 0.000000
batch 157 y → probs → restore MSE: 0.000000
batch 158 y → probs → restore MSE: 0.000000
batch 159 y → probs → restore MSE: 0.000000
batch 160 y → probs → restore MSE: 0.000000
batch 161 y → probs → restore MSE: 0.000000
batch 162 y → probs → restore MSE: 0.000000
batch 163 y → probs → restore MSE: 0.000000
batch 164 y → probs → restore MSE: 0.000000
batch 165 y → probs → restore MSE: 0.000000
batch 166 y → probs → restore MSE: 0.000000
batch 167 y → probs → restore MSE: 0.000000
batch 168 y → probs → restore MSE: 0.000000
batch 169 y → probs → restore MSE: 0.000000
batch 170 y → probs → restore MSE: 0.000000
batch 171 y → probs → restore MSE: 0.000000
batch 172 y → probs → restore MSE: 0.000000
batch 173 y → probs → restore MSE: 0.000000
batch 174 y → probs → restore MSE: 0.000000
batch 175 y → probs → restore MSE: 0.000000
batch 176 y → probs → restore MSE: 0.000000
batch 177 y → probs → restore MSE: 0.000000
batch 178 y → probs → restore MSE: 0.000000
batch 179 y → probs → restore MSE: 0.000000
batch 180 y → probs → restore MSE: 0.000000
batch 181 y → probs → restore MSE: 0.000000
batch 182 y → probs → restore MSE: 0.000000
batch 183 y → probs → restore MSE: 0.000000
batch 184 y → probs → restore MSE: 0.000000
batch 185 y → probs → restore MSE: 0.000000
batch 186 y → probs → restore MSE: 0.000000
batch 187 y → probs → restore MSE: 0.000000
batch 188 y → probs → restore MSE: 0.000000
batch 189 y → probs → restore MSE: 0.000000
batch 190 y → probs → restore MSE: 0.000000
batch 191 y → probs → restore MSE: 0.000000
batch 192 y → probs → restore MSE: 0.000000
batch 193 y → probs → restore MSE: 0.000000
batch 194 y → probs → restore MSE: 0.000001
batch 195 y → probs → restore MSE: 0.000001
batch 196 y → probs → restore MSE: 0.000001
batch 197 y → probs → restore MSE: 0.000001
batch 198 y → probs → restore MSE: 0.000001
batch 199 y → probs → restore MSE: 0.000001
batch 200 y → probs → restore MSE: 0.000001
batch 201 y → probs → restore MSE: 0.000001
batch 202 y → probs → restore MSE: 0.000001
batch 203 y → probs → restore MSE: 0.000001
batch 204 y → probs → restore MSE: 0.000001
batch 205 y → probs → restore MSE: 0.000001
batch 206 y → probs → restore MSE: 0.000000
batch 207 y → probs → restore MSE: 0.000000
batch 208 y → probs → restore MSE: 0.000000
batch 209 y → probs → restore MSE: 0.000000
batch 210 y → probs → restore MSE: 0.000000
batch 211 y → probs → restore MSE: 0.000000
batch 212 y → probs → restore MSE: 0.000000
batch 213 y → probs → restore MSE: 0.000001
batch 214 y → probs → restore MSE: 0.000001
batch 215 y → probs → restore MSE: 0.000001
batch 216 y → probs → restore MSE: 0.000001
batch 217 y → probs → restore MSE: 0.000001
batch 218 y → probs → restore MSE: 0.000001
batch 219 y → probs → restore MSE: 0.000001
batch 220 y → probs → restore MSE: 0.000000
batch 221 y → probs → restore MSE: 0.000000
batch 222 y → probs → restore MSE: 0.000000
batch 223 y → probs → restore MSE: 0.000000
batch 224 y → probs → restore MSE: 0.000000
batch 225 y → probs → restore MSE: 0.000000
batch 226 y → probs → restore MSE: 0.000000
batch 227 y → probs → restore MSE: 0.000000
batch 228 y → probs → restore MSE: 0.000000
batch 229 y → probs → restore MSE: 0.000000
batch 230 y → probs → restore MSE: 0.000000
batch 231 y → probs → restore MSE: 0.000000
batch 232 y → probs → restore MSE: 0.000000
batch 233 y → probs → restore MSE: 0.000000
batch 234 y → probs → restore MSE: 0.000000
batch 235 y → probs → restore MSE: 0.000000
batch 236 y → probs → restore MSE: 0.000000
batch 237 y → probs → restore MSE: 0.000000
batch 238 y → probs → restore MSE: 0.000000
batch 239 y → probs → restore MSE: 0.000000
batch 240 y → probs → restore MSE: 0.000000
batch 241 y → probs → restore MSE: 0.000000
batch 242 y → probs → restore MSE: 0.000000
batch 243 y → probs → restore MSE: 0.000000
batch 244 y → probs → restore MSE: 0.000000
batch 245 y → probs → restore MSE: 0.000000
batch 246 y → probs → restore MSE: 0.000000
batch 247 y → probs → restore MSE: 0.000000
batch 248 y → probs → restore MSE: 0.000000
batch 249 y → probs → restore MSE: 0.000000
batch 250 y → probs → restore MSE: 0.000000
batch 251 y → probs → restore MSE: 0.000000
batch 252 y → probs → restore MSE: 0.000000
batch 253 y → probs → restore MSE: 0.000000
batch 254 y → probs → restore MSE: 0.000000
batch 255 y → probs → restore MSE: 0.000001
batch 256 y → probs → restore MSE: 0.000000
batch 257 y → probs → restore MSE: 0.000000
batch 258 y → probs → restore MSE: 0.000000
batch 259 y → probs → restore MSE: 0.000000
batch 260 y → probs → restore MSE: 0.000000
batch 261 y → probs → restore MSE: 0.000000
batch 262 y → probs → restore MSE: 0.000000
batch 263 y → probs → restore MSE: 0.000000
batch 264 y → probs → restore MSE: 0.000000
batch 265 y → probs → restore MSE: 0.000000
batch 266 y → probs → restore MSE: 0.000000
batch 267 y → probs → restore MSE: 0.000000
batch 268 y → probs → restore MSE: 0.000000
batch 269 y → probs → restore MSE: 0.000000
batch 270 y → probs → restore MSE: 0.000000
batch 271 y → probs → restore MSE: 0.000001
batch 272 y → probs → restore MSE: 0.000001
batch 273 y → probs → restore MSE: 0.000001
batch 274 y → probs → restore MSE: 0.000001
batch 275 y → probs → restore MSE: 0.000001
batch 276 y → probs → restore MSE: 0.000001
batch 277 y → probs → restore MSE: 0.000000
batch 278 y → probs → restore MSE: 0.000000
batch 279 y → probs → restore MSE: 0.000000
batch 280 y → probs → restore MSE: 0.000001
batch 281 y → probs → restore MSE: 0.000001
batch 282 y → probs → restore MSE: 0.000000
batch 283 y → probs → restore MSE: 0.000001
batch 284 y → probs → restore MSE: 0.000001
batch 285 y → probs → restore MSE: 0.000000
batch 286 y → probs → restore MSE: 0.000000
batch 287 y → probs → restore MSE: 0.000000
batch 288 y → probs → restore MSE: 0.000001
batch 289 y → probs → restore MSE: 0.000001
batch 290 y → probs → restore MSE: 0.000001
batch 291 y → probs → restore MSE: 0.000001
batch 292 y → probs → restore MSE: 0.000001
batch 293 y → probs → restore MSE: 0.000001
batch 294 y → probs → restore MSE: 0.000002
batch 295 y → probs → restore MSE: 0.000002
batch 296 y → probs → restore MSE: 0.000001
batch 297 y → probs → restore MSE: 0.000001
batch 298 y → probs → restore MSE: 0.000001
batch 299 y → probs → restore MSE: 0.000001
batch 300 y → probs → restore MSE: 0.000001
batch 301 y → probs → restore MSE: 0.000001
batch 302 y → probs → restore MSE: 0.000001
batch 303 y → probs → restore MSE: 0.000001
batch 304 y → probs → restore MSE: 0.000001
batch 305 y → probs → restore MSE: 0.000001
batch 306 y → probs → restore MSE: 0.000001
batch 307 y → probs → restore MSE: 0.000001
batch 308 y → probs → restore MSE: 0.000001
batch 309 y → probs → restore MSE: 0.000001
batch 310 y → probs → restore MSE: 0.000001
batch 311 y → probs → restore MSE: 0.000001
batch 312 y → probs → restore MSE: 0.000001
batch 313 y → probs → restore MSE: 0.000001
batch 314 y → probs → restore MSE: 0.000001
batch 315 y → probs → restore MSE: 0.000001
batch 316 y → probs → restore MSE: 0.000001
batch 317 y → probs → restore MSE: 0.000001
batch 318 y → probs → restore MSE: 0.000000
batch 319 y → probs → restore MSE: 0.000000
batch 320 y → probs → restore MSE: 0.000000
batch 321 y → probs → restore MSE: 0.000000
batch 322 y → probs → restore MSE: 0.000001
batch 323 y → probs → restore MSE: 0.000000
batch 324 y → probs → restore MSE: 0.000000
batch 325 y → probs → restore MSE: 0.000000
batch 326 y → probs → restore MSE: 0.000000
batch 327 y → probs → restore MSE: 0.000001
batch 328 y → probs → restore MSE: 0.000001
batch 329 y → probs → restore MSE: 0.000001
batch 330 y → probs → restore MSE: 0.000001
batch 331 y → probs → restore MSE: 0.000001
batch 332 y → probs → restore MSE: 0.000001
batch 333 y → probs → restore MSE: 0.000001
batch 334 y → probs → restore MSE: 0.000001
batch 335 y → probs → restore MSE: 0.000001
batch 336 y → probs → restore MSE: 0.000001
batch 337 y → probs → restore MSE: 0.000001
mse:0.4518977105617523, mae:0.45930084586143494
[0m