Args in experiment:
Namespace(batch_size=32, checkpoints='./checkpoints/', data='ETTh1', data_path='ETTh1.csv', des='Exp', do_predict=False, enc_in=7, features='M', gpu=0, individual=False, is_training=1, itr=5, learning_rate=0.005, lradj='type1', model='DLinear', model_id='ETTh1_336_192', moving_avg=25, my_loss='mse', num_bins=100, patience=5, pred_len=192, root_path='./dataset/ETT/', seq_len=336, sigma=0.01, target='OT', test_flop=False, train_epochs=15, train_only=False, use_gpu=True)
Use GPU: cuda:0
>>>>>>>start training : ETTh1_336_192_DLinear_ETTh1_ftM_sl336_pl192_sigma0.01_bins100_lossmse_Exp_0>>>>>>>>>>>>>>>>>>>>>>>>>>
train 8113
val 2689
>>> Start Training
Epoch: 1, Steps: 253, Train Loss: 35.20852, Time: 21.02s
Validation loss decreased (inf --> 37.402988).  Saving model ...
Epoch: 2, Steps: 253, Train Loss: 33.53391, Time: 22.06s
EarlyStopping counter: 1 out of 5
Epoch: 3, Steps: 253, Train Loss: 32.25279, Time: 21.82s
EarlyStopping counter: 2 out of 5
Epoch: 4, Steps: 253, Train Loss: 31.24286, Time: 21.98s
EarlyStopping counter: 3 out of 5
Epoch: 5, Steps: 253, Train Loss: 30.43614, Time: 22.16s
EarlyStopping counter: 4 out of 5
Epoch: 6, Steps: 253, Train Loss: 29.76617, Time: 22.47s
EarlyStopping counter: 5 out of 5
Early stopping
>>>>>>>testing : ETTh1_336_192_DLinear_ETTh1_ftM_sl336_pl192_sigma0.01_bins100_lossmse_Exp_0<<<<<<<<<<<<<<<<<<<<<<<<<<<<<<<<<
test 2689
batch 0 y → probs → restore MSE: 0.000001
batch 1 y → probs → restore MSE: 0.000001
batch 2 y → probs → restore MSE: 0.000001
batch 3 y → probs → restore MSE: 0.000001
batch 4 y → probs → restore MSE: 0.000002
batch 5 y → probs → restore MSE: 0.000001
batch 6 y → probs → restore MSE: 0.000001
batch 7 y → probs → restore MSE: 0.000001
batch 8 y → probs → restore MSE: 0.000001
batch 9 y → probs → restore MSE: 0.000001
batch 10 y → probs → restore MSE: 0.000001
batch 11 y → probs → restore MSE: 0.000001
batch 12 y → probs → restore MSE: 0.000001
batch 13 y → probs → restore MSE: 0.000001
batch 14 y → probs → restore MSE: 0.000002
batch 15 y → probs → restore MSE: 0.000002
batch 16 y → probs → restore MSE: 0.000002
batch 17 y → probs → restore MSE: 0.000001
batch 18 y → probs → restore MSE: 0.000001
batch 19 y → probs → restore MSE: 0.000001
batch 20 y → probs → restore MSE: 0.000001
batch 21 y → probs → restore MSE: 0.000001
batch 22 y → probs → restore MSE: 0.000001
batch 23 y → probs → restore MSE: 0.000001
batch 24 y → probs → restore MSE: 0.000001
batch 25 y → probs → restore MSE: 0.000001
batch 26 y → probs → restore MSE: 0.000001
batch 27 y → probs → restore MSE: 0.000001
batch 28 y → probs → restore MSE: 0.000001
batch 29 y → probs → restore MSE: 0.000001
batch 30 y → probs → restore MSE: 0.000001
batch 31 y → probs → restore MSE: 0.000001
batch 32 y → probs → restore MSE: 0.000002
batch 33 y → probs → restore MSE: 0.000001
batch 34 y → probs → restore MSE: 0.000002
batch 35 y → probs → restore MSE: 0.000002
batch 36 y → probs → restore MSE: 0.000001
batch 37 y → probs → restore MSE: 0.000001
batch 38 y → probs → restore MSE: 0.000001
batch 39 y → probs → restore MSE: 0.000001
batch 40 y → probs → restore MSE: 0.000001
batch 41 y → probs → restore MSE: 0.000001
batch 42 y → probs → restore MSE: 0.000001
batch 43 y → probs → restore MSE: 0.000001
batch 44 y → probs → restore MSE: 0.000001
batch 45 y → probs → restore MSE: 0.000001
batch 46 y → probs → restore MSE: 0.000001
batch 47 y → probs → restore MSE: 0.000001
batch 48 y → probs → restore MSE: 0.000001
batch 49 y → probs → restore MSE: 0.000001
batch 50 y → probs → restore MSE: 0.000001
batch 51 y → probs → restore MSE: 0.000001
batch 52 y → probs → restore MSE: 0.000001
batch 53 y → probs → restore MSE: 0.000001
batch 54 y → probs → restore MSE: 0.000001
batch 55 y → probs → restore MSE: 0.000001
batch 56 y → probs → restore MSE: 0.000001
batch 57 y → probs → restore MSE: 0.000001
batch 58 y → probs → restore MSE: 0.000001
batch 59 y → probs → restore MSE: 0.000001
batch 60 y → probs → restore MSE: 0.000001
batch 61 y → probs → restore MSE: 0.000001
batch 62 y → probs → restore MSE: 0.000001
batch 63 y → probs → restore MSE: 0.000001
batch 64 y → probs → restore MSE: 0.000001
batch 65 y → probs → restore MSE: 0.000001
batch 66 y → probs → restore MSE: 0.000001
batch 67 y → probs → restore MSE: 0.000002
batch 68 y → probs → restore MSE: 0.000002
batch 69 y → probs → restore MSE: 0.000002
batch 70 y → probs → restore MSE: 0.000002
batch 71 y → probs → restore MSE: 0.000002
batch 72 y → probs → restore MSE: 0.000002
batch 73 y → probs → restore MSE: 0.000001
batch 74 y → probs → restore MSE: 0.000001
batch 75 y → probs → restore MSE: 0.000002
batch 76 y → probs → restore MSE: 0.000002
batch 77 y → probs → restore MSE: 0.000001
batch 78 y → probs → restore MSE: 0.000001
batch 79 y → probs → restore MSE: 0.000001
batch 80 y → probs → restore MSE: 0.000001
batch 81 y → probs → restore MSE: 0.000001
batch 82 y → probs → restore MSE: 0.000001
batch 83 y → probs → restore MSE: 0.000002
batch 84 y → probs → restore MSE: 0.000002
mse:0.42886680364608765, mae:0.44967299699783325
Use GPU: cuda:0
>>>>>>>start training : ETTh1_336_192_DLinear_ETTh1_ftM_sl336_pl192_sigma0.01_bins100_lossmse_Exp_1>>>>>>>>>>>>>>>>>>>>>>>>>>
train 8113
val 2689
>>> Start Training
Epoch: 1, Steps: 253, Train Loss: 35.19746, Time: 22.26s
Validation loss decreased (inf --> 37.507336).  Saving model ...
Epoch: 2, Steps: 253, Train Loss: 33.49095, Time: 22.00s
EarlyStopping counter: 1 out of 5
Epoch: 3, Steps: 253, Train Loss: 32.25282, Time: 21.74s
EarlyStopping counter: 2 out of 5
Epoch: 4, Steps: 253, Train Loss: 31.26530, Time: 21.90s
EarlyStopping counter: 3 out of 5
Epoch: 5, Steps: 253, Train Loss: 30.39966, Time: 22.05s
EarlyStopping counter: 4 out of 5
Epoch: 6, Steps: 253, Train Loss: 29.75761, Time: 22.19s
EarlyStopping counter: 5 out of 5
Early stopping
>>>>>>>testing : ETTh1_336_192_DLinear_ETTh1_ftM_sl336_pl192_sigma0.01_bins100_lossmse_Exp_1<<<<<<<<<<<<<<<<<<<<<<<<<<<<<<<<<
test 2689
batch 0 y → probs → restore MSE: 0.000001
batch 1 y → probs → restore MSE: 0.000001
batch 2 y → probs → restore MSE: 0.000001
batch 3 y → probs → restore MSE: 0.000001
batch 4 y → probs → restore MSE: 0.000002
batch 5 y → probs → restore MSE: 0.000001
batch 6 y → probs → restore MSE: 0.000001
batch 7 y → probs → restore MSE: 0.000001
batch 8 y → probs → restore MSE: 0.000001
batch 9 y → probs → restore MSE: 0.000001
batch 10 y → probs → restore MSE: 0.000001
batch 11 y → probs → restore MSE: 0.000001
batch 12 y → probs → restore MSE: 0.000001
batch 13 y → probs → restore MSE: 0.000001
batch 14 y → probs → restore MSE: 0.000002
batch 15 y → probs → restore MSE: 0.000002
batch 16 y → probs → restore MSE: 0.000002
batch 17 y → probs → restore MSE: 0.000001
batch 18 y → probs → restore MSE: 0.000001
batch 19 y → probs → restore MSE: 0.000001
batch 20 y → probs → restore MSE: 0.000001
batch 21 y → probs → restore MSE: 0.000001
batch 22 y → probs → restore MSE: 0.000001
batch 23 y → probs → restore MSE: 0.000001
batch 24 y → probs → restore MSE: 0.000001
batch 25 y → probs → restore MSE: 0.000001
batch 26 y → probs → restore MSE: 0.000001
batch 27 y → probs → restore MSE: 0.000001
batch 28 y → probs → restore MSE: 0.000001
batch 29 y → probs → restore MSE: 0.000001
batch 30 y → probs → restore MSE: 0.000001
batch 31 y → probs → restore MSE: 0.000001
batch 32 y → probs → restore MSE: 0.000002
batch 33 y → probs → restore MSE: 0.000001
batch 34 y → probs → restore MSE: 0.000002
batch 35 y → probs → restore MSE: 0.000002
batch 36 y → probs → restore MSE: 0.000001
batch 37 y → probs → restore MSE: 0.000001
batch 38 y → probs → restore MSE: 0.000001
batch 39 y → probs → restore MSE: 0.000001
batch 40 y → probs → restore MSE: 0.000001
batch 41 y → probs → restore MSE: 0.000001
batch 42 y → probs → restore MSE: 0.000001
batch 43 y → probs → restore MSE: 0.000001
batch 44 y → probs → restore MSE: 0.000001
batch 45 y → probs → restore MSE: 0.000001
batch 46 y → probs → restore MSE: 0.000001
batch 47 y → probs → restore MSE: 0.000001
batch 48 y → probs → restore MSE: 0.000001
batch 49 y → probs → restore MSE: 0.000001
batch 50 y → probs → restore MSE: 0.000001
batch 51 y → probs → restore MSE: 0.000001
batch 52 y → probs → restore MSE: 0.000001
batch 53 y → probs → restore MSE: 0.000001
batch 54 y → probs → restore MSE: 0.000001
batch 55 y → probs → restore MSE: 0.000001
batch 56 y → probs → restore MSE: 0.000001
batch 57 y → probs → restore MSE: 0.000001
batch 58 y → probs → restore MSE: 0.000001
batch 59 y → probs → restore MSE: 0.000001
batch 60 y → probs → restore MSE: 0.000001
batch 61 y → probs → restore MSE: 0.000001
batch 62 y → probs → restore MSE: 0.000001
batch 63 y → probs → restore MSE: 0.000001
batch 64 y → probs → restore MSE: 0.000001
batch 65 y → probs → restore MSE: 0.000001
batch 66 y → probs → restore MSE: 0.000001
batch 67 y → probs → restore MSE: 0.000002
batch 68 y → probs → restore MSE: 0.000002
batch 69 y → probs → restore MSE: 0.000002
batch 70 y → probs → restore MSE: 0.000002
batch 71 y → probs → restore MSE: 0.000002
batch 72 y → probs → restore MSE: 0.000002
batch 73 y → probs → restore MSE: 0.000001
batch 74 y → probs → restore MSE: 0.000001
batch 75 y → probs → restore MSE: 0.000002
batch 76 y → probs → restore MSE: 0.000002
batch 77 y → probs → restore MSE: 0.000001
batch 78 y → probs → restore MSE: 0.000001
batch 79 y → probs → restore MSE: 0.000001
batch 80 y → probs → restore MSE: 0.000001
batch 81 y → probs → restore MSE: 0.000001
batch 82 y → probs → restore MSE: 0.000001
batch 83 y → probs → restore MSE: 0.000002
batch 84 y → probs → restore MSE: 0.000002
mse:0.43185022473335266, mae:0.45087847113609314
Use GPU: cuda:0
>>>>>>>start training : ETTh1_336_192_DLinear_ETTh1_ftM_sl336_pl192_sigma0.01_bins100_lossmse_Exp_2>>>>>>>>>>>>>>>>>>>>>>>>>>
train 8113
val 2689
>>> Start Training
Epoch: 1, Steps: 253, Train Loss: 35.23274, Time: 22.11s
Validation loss decreased (inf --> 37.671776).  Saving model ...
Epoch: 2, Steps: 253, Train Loss: 33.54294, Time: 22.10s
EarlyStopping counter: 1 out of 5
Epoch: 3, Steps: 253, Train Loss: 32.31095, Time: 22.02s
EarlyStopping counter: 2 out of 5
Epoch: 4, Steps: 253, Train Loss: 31.29357, Time: 21.95s
EarlyStopping counter: 3 out of 5
Epoch: 5, Steps: 253, Train Loss: 30.46076, Time: 22.32s
EarlyStopping counter: 4 out of 5
Epoch: 6, Steps: 253, Train Loss: 29.76255, Time: 22.05s
EarlyStopping counter: 5 out of 5
Early stopping
>>>>>>>testing : ETTh1_336_192_DLinear_ETTh1_ftM_sl336_pl192_sigma0.01_bins100_lossmse_Exp_2<<<<<<<<<<<<<<<<<<<<<<<<<<<<<<<<<
test 2689
batch 0 y → probs → restore MSE: 0.000001
batch 1 y → probs → restore MSE: 0.000001
batch 2 y → probs → restore MSE: 0.000001
batch 3 y → probs → restore MSE: 0.000001
batch 4 y → probs → restore MSE: 0.000002
batch 5 y → probs → restore MSE: 0.000001
batch 6 y → probs → restore MSE: 0.000001
batch 7 y → probs → restore MSE: 0.000001
batch 8 y → probs → restore MSE: 0.000001
batch 9 y → probs → restore MSE: 0.000001
batch 10 y → probs → restore MSE: 0.000001
batch 11 y → probs → restore MSE: 0.000001
batch 12 y → probs → restore MSE: 0.000001
batch 13 y → probs → restore MSE: 0.000001
batch 14 y → probs → restore MSE: 0.000002
batch 15 y → probs → restore MSE: 0.000002
batch 16 y → probs → restore MSE: 0.000002
batch 17 y → probs → restore MSE: 0.000001
batch 18 y → probs → restore MSE: 0.000001
batch 19 y → probs → restore MSE: 0.000001
batch 20 y → probs → restore MSE: 0.000001
batch 21 y → probs → restore MSE: 0.000001
batch 22 y → probs → restore MSE: 0.000001
batch 23 y → probs → restore MSE: 0.000001
batch 24 y → probs → restore MSE: 0.000001
batch 25 y → probs → restore MSE: 0.000001
batch 26 y → probs → restore MSE: 0.000001
batch 27 y → probs → restore MSE: 0.000001
batch 28 y → probs → restore MSE: 0.000001
batch 29 y → probs → restore MSE: 0.000001
batch 30 y → probs → restore MSE: 0.000001
batch 31 y → probs → restore MSE: 0.000001
batch 32 y → probs → restore MSE: 0.000002
batch 33 y → probs → restore MSE: 0.000001
batch 34 y → probs → restore MSE: 0.000002
batch 35 y → probs → restore MSE: 0.000002
batch 36 y → probs → restore MSE: 0.000001
batch 37 y → probs → restore MSE: 0.000001
batch 38 y → probs → restore MSE: 0.000001
batch 39 y → probs → restore MSE: 0.000001
batch 40 y → probs → restore MSE: 0.000001
batch 41 y → probs → restore MSE: 0.000001
batch 42 y → probs → restore MSE: 0.000001
batch 43 y → probs → restore MSE: 0.000001
batch 44 y → probs → restore MSE: 0.000001
batch 45 y → probs → restore MSE: 0.000001
batch 46 y → probs → restore MSE: 0.000001
batch 47 y → probs → restore MSE: 0.000001
batch 48 y → probs → restore MSE: 0.000001
batch 49 y → probs → restore MSE: 0.000001
batch 50 y → probs → restore MSE: 0.000001
batch 51 y → probs → restore MSE: 0.000001
batch 52 y → probs → restore MSE: 0.000001
batch 53 y → probs → restore MSE: 0.000001
batch 54 y → probs → restore MSE: 0.000001
batch 55 y → probs → restore MSE: 0.000001
batch 56 y → probs → restore MSE: 0.000001
batch 57 y → probs → restore MSE: 0.000001
batch 58 y → probs → restore MSE: 0.000001
batch 59 y → probs → restore MSE: 0.000001
batch 60 y → probs → restore MSE: 0.000001
batch 61 y → probs → restore MSE: 0.000001
batch 62 y → probs → restore MSE: 0.000001
batch 63 y → probs → restore MSE: 0.000001
batch 64 y → probs → restore MSE: 0.000001
batch 65 y → probs → restore MSE: 0.000001
batch 66 y → probs → restore MSE: 0.000001
batch 67 y → probs → restore MSE: 0.000002
batch 68 y → probs → restore MSE: 0.000002
batch 69 y → probs → restore MSE: 0.000002
batch 70 y → probs → restore MSE: 0.000002
batch 71 y → probs → restore MSE: 0.000002
batch 72 y → probs → restore MSE: 0.000002
batch 73 y → probs → restore MSE: 0.000001
batch 74 y → probs → restore MSE: 0.000001
batch 75 y → probs → restore MSE: 0.000002
batch 76 y → probs → restore MSE: 0.000002
batch 77 y → probs → restore MSE: 0.000001
batch 78 y → probs → restore MSE: 0.000001
batch 79 y → probs → restore MSE: 0.000001
batch 80 y → probs → restore MSE: 0.000001
batch 81 y → probs → restore MSE: 0.000001
batch 82 y → probs → restore MSE: 0.000001
batch 83 y → probs → restore MSE: 0.000002
batch 84 y → probs → restore MSE: 0.000002
mse:0.4276876449584961, mae:0.450228750705719
Use GPU: cuda:0
>>>>>>>start training : ETTh1_336_192_DLinear_ETTh1_ftM_sl336_pl192_sigma0.01_bins100_lossmse_Exp_3>>>>>>>>>>>>>>>>>>>>>>>>>>
train 8113
val 2689
>>> Start Training
Epoch: 1, Steps: 253, Train Loss: 35.22134, Time: 22.06s
Validation loss decreased (inf --> 37.292904).  Saving model ...
Epoch: 2, Steps: 253, Train Loss: 33.51069, Time: 22.42s
EarlyStopping counter: 1 out of 5
Epoch: 3, Steps: 253, Train Loss: 32.28069, Time: 22.20s
EarlyStopping counter: 2 out of 5
Epoch: 4, Steps: 253, Train Loss: 31.29489, Time: 21.68s
EarlyStopping counter: 3 out of 5
Epoch: 5, Steps: 253, Train Loss: 30.44446, Time: 22.03s
EarlyStopping counter: 4 out of 5
Epoch: 6, Steps: 253, Train Loss: 29.79416, Time: 21.91s
EarlyStopping counter: 5 out of 5
Early stopping
>>>>>>>testing : ETTh1_336_192_DLinear_ETTh1_ftM_sl336_pl192_sigma0.01_bins100_lossmse_Exp_3<<<<<<<<<<<<<<<<<<<<<<<<<<<<<<<<<
test 2689
batch 0 y → probs → restore MSE: 0.000001
batch 1 y → probs → restore MSE: 0.000001
batch 2 y → probs → restore MSE: 0.000001
batch 3 y → probs → restore MSE: 0.000001
batch 4 y → probs → restore MSE: 0.000002
batch 5 y → probs → restore MSE: 0.000001
batch 6 y → probs → restore MSE: 0.000001
batch 7 y → probs → restore MSE: 0.000001
batch 8 y → probs → restore MSE: 0.000001
batch 9 y → probs → restore MSE: 0.000001
batch 10 y → probs → restore MSE: 0.000001
batch 11 y → probs → restore MSE: 0.000001
batch 12 y → probs → restore MSE: 0.000001
batch 13 y → probs → restore MSE: 0.000001
batch 14 y → probs → restore MSE: 0.000002
batch 15 y → probs → restore MSE: 0.000002
batch 16 y → probs → restore MSE: 0.000002
batch 17 y → probs → restore MSE: 0.000001
batch 18 y → probs → restore MSE: 0.000001
batch 19 y → probs → restore MSE: 0.000001
batch 20 y → probs → restore MSE: 0.000001
batch 21 y → probs → restore MSE: 0.000001
batch 22 y → probs → restore MSE: 0.000001
batch 23 y → probs → restore MSE: 0.000001
batch 24 y → probs → restore MSE: 0.000001
batch 25 y → probs → restore MSE: 0.000001
batch 26 y → probs → restore MSE: 0.000001
batch 27 y → probs → restore MSE: 0.000001
batch 28 y → probs → restore MSE: 0.000001
batch 29 y → probs → restore MSE: 0.000001
batch 30 y → probs → restore MSE: 0.000001
batch 31 y → probs → restore MSE: 0.000001
batch 32 y → probs → restore MSE: 0.000002
batch 33 y → probs → restore MSE: 0.000001
batch 34 y → probs → restore MSE: 0.000002
batch 35 y → probs → restore MSE: 0.000002
batch 36 y → probs → restore MSE: 0.000001
batch 37 y → probs → restore MSE: 0.000001
batch 38 y → probs → restore MSE: 0.000001
batch 39 y → probs → restore MSE: 0.000001
batch 40 y → probs → restore MSE: 0.000001
batch 41 y → probs → restore MSE: 0.000001
batch 42 y → probs → restore MSE: 0.000001
batch 43 y → probs → restore MSE: 0.000001
batch 44 y → probs → restore MSE: 0.000001
batch 45 y → probs → restore MSE: 0.000001
batch 46 y → probs → restore MSE: 0.000001
batch 47 y → probs → restore MSE: 0.000001
batch 48 y → probs → restore MSE: 0.000001
batch 49 y → probs → restore MSE: 0.000001
batch 50 y → probs → restore MSE: 0.000001
batch 51 y → probs → restore MSE: 0.000001
batch 52 y → probs → restore MSE: 0.000001
batch 53 y → probs → restore MSE: 0.000001
batch 54 y → probs → restore MSE: 0.000001
batch 55 y → probs → restore MSE: 0.000001
batch 56 y → probs → restore MSE: 0.000001
batch 57 y → probs → restore MSE: 0.000001
batch 58 y → probs → restore MSE: 0.000001
batch 59 y → probs → restore MSE: 0.000001
batch 60 y → probs → restore MSE: 0.000001
batch 61 y → probs → restore MSE: 0.000001
batch 62 y → probs → restore MSE: 0.000001
batch 63 y → probs → restore MSE: 0.000001
batch 64 y → probs → restore MSE: 0.000001
batch 65 y → probs → restore MSE: 0.000001
batch 66 y → probs → restore MSE: 0.000001
batch 67 y → probs → restore MSE: 0.000002
batch 68 y → probs → restore MSE: 0.000002
batch 69 y → probs → restore MSE: 0.000002
batch 70 y → probs → restore MSE: 0.000002
batch 71 y → probs → restore MSE: 0.000002
batch 72 y → probs → restore MSE: 0.000002
batch 73 y → probs → restore MSE: 0.000001
batch 74 y → probs → restore MSE: 0.000001
batch 75 y → probs → restore MSE: 0.000002
batch 76 y → probs → restore MSE: 0.000002
batch 77 y → probs → restore MSE: 0.000001
batch 78 y → probs → restore MSE: 0.000001
batch 79 y → probs → restore MSE: 0.000001
batch 80 y → probs → restore MSE: 0.000001
batch 81 y → probs → restore MSE: 0.000001
batch 82 y → probs → restore MSE: 0.000001
batch 83 y → probs → restore MSE: 0.000002
batch 84 y → probs → restore MSE: 0.000002
mse:0.42995765805244446, mae:0.44938650727272034
Use GPU: cuda:0
>>>>>>>start training : ETTh1_336_192_DLinear_ETTh1_ftM_sl336_pl192_sigma0.01_bins100_lossmse_Exp_4>>>>>>>>>>>>>>>>>>>>>>>>>>
train 8113
val 2689
>>> Start Training
Epoch: 1, Steps: 253, Train Loss: 35.24461, Time: 22.06s
Validation loss decreased (inf --> 37.390377).  Saving model ...
Epoch: 2, Steps: 253, Train Loss: 33.51096, Time: 21.82s
EarlyStopping counter: 1 out of 5
Epoch: 3, Steps: 253, Train Loss: 32.28147, Time: 21.71s
EarlyStopping counter: 2 out of 5
Epoch: 4, Steps: 253, Train Loss: 31.27409, Time: 22.00s
EarlyStopping counter: 3 out of 5
Epoch: 5, Steps: 253, Train Loss: 30.46889, Time: 22.05s
EarlyStopping counter: 4 out of 5
Epoch: 6, Steps: 253, Train Loss: 29.78563, Time: 22.01s
EarlyStopping counter: 5 out of 5
Early stopping
>>>>>>>testing : ETTh1_336_192_DLinear_ETTh1_ftM_sl336_pl192_sigma0.01_bins100_lossmse_Exp_4<<<<<<<<<<<<<<<<<<<<<<<<<<<<<<<<<
test 2689
batch 0 y → probs → restore MSE: 0.000001
batch 1 y → probs → restore MSE: 0.000001
batch 2 y → probs → restore MSE: 0.000001
batch 3 y → probs → restore MSE: 0.000001
batch 4 y → probs → restore MSE: 0.000002
batch 5 y → probs → restore MSE: 0.000001
batch 6 y → probs → restore MSE: 0.000001
batch 7 y → probs → restore MSE: 0.000001
batch 8 y → probs → restore MSE: 0.000001
batch 9 y → probs → restore MSE: 0.000001
batch 10 y → probs → restore MSE: 0.000001
batch 11 y → probs → restore MSE: 0.000001
batch 12 y → probs → restore MSE: 0.000001
batch 13 y → probs → restore MSE: 0.000001
batch 14 y → probs → restore MSE: 0.000002
batch 15 y → probs → restore MSE: 0.000002
batch 16 y → probs → restore MSE: 0.000002
batch 17 y → probs → restore MSE: 0.000001
batch 18 y → probs → restore MSE: 0.000001
batch 19 y → probs → restore MSE: 0.000001
batch 20 y → probs → restore MSE: 0.000001
batch 21 y → probs → restore MSE: 0.000001
batch 22 y → probs → restore MSE: 0.000001
batch 23 y → probs → restore MSE: 0.000001
batch 24 y → probs → restore MSE: 0.000001
batch 25 y → probs → restore MSE: 0.000001
batch 26 y → probs → restore MSE: 0.000001
batch 27 y → probs → restore MSE: 0.000001
batch 28 y → probs → restore MSE: 0.000001
batch 29 y → probs → restore MSE: 0.000001
batch 30 y → probs → restore MSE: 0.000001
batch 31 y → probs → restore MSE: 0.000001
batch 32 y → probs → restore MSE: 0.000002
batch 33 y → probs → restore MSE: 0.000001
batch 34 y → probs → restore MSE: 0.000002
batch 35 y → probs → restore MSE: 0.000002
batch 36 y → probs → restore MSE: 0.000001
batch 37 y → probs → restore MSE: 0.000001
batch 38 y → probs → restore MSE: 0.000001
batch 39 y → probs → restore MSE: 0.000001
batch 40 y → probs → restore MSE: 0.000001
batch 41 y → probs → restore MSE: 0.000001
batch 42 y → probs → restore MSE: 0.000001
batch 43 y → probs → restore MSE: 0.000001
batch 44 y → probs → restore MSE: 0.000001
batch 45 y → probs → restore MSE: 0.000001
batch 46 y → probs → restore MSE: 0.000001
batch 47 y → probs → restore MSE: 0.000001
batch 48 y → probs → restore MSE: 0.000001
batch 49 y → probs → restore MSE: 0.000001
batch 50 y → probs → restore MSE: 0.000001
batch 51 y → probs → restore MSE: 0.000001
batch 52 y → probs → restore MSE: 0.000001
batch 53 y → probs → restore MSE: 0.000001
batch 54 y → probs → restore MSE: 0.000001
batch 55 y → probs → restore MSE: 0.000001
batch 56 y → probs → restore MSE: 0.000001
batch 57 y → probs → restore MSE: 0.000001
batch 58 y → probs → restore MSE: 0.000001
batch 59 y → probs → restore MSE: 0.000001
batch 60 y → probs → restore MSE: 0.000001
batch 61 y → probs → restore MSE: 0.000001
batch 62 y → probs → restore MSE: 0.000001
batch 63 y → probs → restore MSE: 0.000001
batch 64 y → probs → restore MSE: 0.000001
batch 65 y → probs → restore MSE: 0.000001
batch 66 y → probs → restore MSE: 0.000001
batch 67 y → probs → restore MSE: 0.000002
batch 68 y → probs → restore MSE: 0.000002
batch 69 y → probs → restore MSE: 0.000002
batch 70 y → probs → restore MSE: 0.000002
batch 71 y → probs → restore MSE: 0.000002
batch 72 y → probs → restore MSE: 0.000002
batch 73 y → probs → restore MSE: 0.000001
batch 74 y → probs → restore MSE: 0.000001
batch 75 y → probs → restore MSE: 0.000002
batch 76 y → probs → restore MSE: 0.000002
batch 77 y → probs → restore MSE: 0.000001
batch 78 y → probs → restore MSE: 0.000001
batch 79 y → probs → restore MSE: 0.000001
batch 80 y → probs → restore MSE: 0.000001
batch 81 y → probs → restore MSE: 0.000001
batch 82 y → probs → restore MSE: 0.000001
batch 83 y → probs → restore MSE: 0.000002
batch 84 y → probs → restore MSE: 0.000002
mse:0.42849478125572205, mae:0.4503170847892761
[0m