Args in experiment:
Namespace(batch_size=32, checkpoints='./checkpoints/', data='ETTm1', data_path='ETTm1.csv', des='Exp', do_predict=False, enc_in=7, features='M', gpu=0, individual=False, is_training=1, itr=5, learning_rate=0.0001, lradj='type1', model='DLinear', model_id='ETTm1_336_192', moving_avg=25, my_loss='mse', num_bins=100, patience=5, pred_len=192, root_path='./dataset/ETT/', seq_len=336, sigma=0.01, target='OT', test_flop=False, train_epochs=10, train_only=False, use_gpu=True)
Use GPU: cuda:0
>>>>>>>start training : ETTm1_336_192_DLinear_ETTm1_ftM_sl336_pl192_sigma0.01_bins100_lossmse_Exp_0>>>>>>>>>>>>>>>>>>>>>>>>>>
train 34033
val 11329
>>> Start Training
Epoch: 1, Steps: 1063, Train Loss: 38.17738, Time: 92.34s
Validation loss decreased (inf --> 36.076221).  Saving model ...
Epoch: 2, Steps: 1063, Train Loss: 35.98352, Time: 92.02s
Validation loss decreased (36.076221 --> 35.323341).  Saving model ...
Epoch: 3, Steps: 1063, Train Loss: 35.36073, Time: 92.44s
Validation loss decreased (35.323341 --> 35.036102).  Saving model ...
Epoch: 4, Steps: 1063, Train Loss: 34.99261, Time: 92.54s
Validation loss decreased (35.036102 --> 34.938400).  Saving model ...
Epoch: 5, Steps: 1063, Train Loss: 34.73139, Time: 92.03s
Validation loss decreased (34.938400 --> 34.823555).  Saving model ...
Epoch: 6, Steps: 1063, Train Loss: 34.52547, Time: 92.04s
Validation loss decreased (34.823555 --> 34.784344).  Saving model ...
Epoch: 7, Steps: 1063, Train Loss: 34.35529, Time: 92.71s
Validation loss decreased (34.784344 --> 34.749454).  Saving model ...
Epoch: 8, Steps: 1063, Train Loss: 34.21280, Time: 93.32s
EarlyStopping counter: 1 out of 5
Epoch: 9, Steps: 1063, Train Loss: 34.09067, Time: 91.93s
EarlyStopping counter: 2 out of 5
Epoch: 10, Steps: 1063, Train Loss: 33.98191, Time: 92.26s
EarlyStopping counter: 3 out of 5
>>>>>>>testing : ETTm1_336_192_DLinear_ETTm1_ftM_sl336_pl192_sigma0.01_bins100_lossmse_Exp_0<<<<<<<<<<<<<<<<<<<<<<<<<<<<<<<<<
test 11329
batch 0 y → probs → restore MSE: 0.000001
batch 1 y → probs → restore MSE: 0.000002
batch 2 y → probs → restore MSE: 0.000002
batch 3 y → probs → restore MSE: 0.000002
batch 4 y → probs → restore MSE: 0.000002
batch 5 y → probs → restore MSE: 0.000001
batch 6 y → probs → restore MSE: 0.000001
batch 7 y → probs → restore MSE: 0.000002
batch 8 y → probs → restore MSE: 0.000002
batch 9 y → probs → restore MSE: 0.000002
batch 10 y → probs → restore MSE: 0.000001
batch 11 y → probs → restore MSE: 0.000001
batch 12 y → probs → restore MSE: 0.000001
batch 13 y → probs → restore MSE: 0.000001
batch 14 y → probs → restore MSE: 0.000001
batch 15 y → probs → restore MSE: 0.000001
batch 16 y → probs → restore MSE: 0.000001
batch 17 y → probs → restore MSE: 0.000001
batch 18 y → probs → restore MSE: 0.000006
batch 19 y → probs → restore MSE: 0.000016
batch 20 y → probs → restore MSE: 0.000018
batch 21 y → probs → restore MSE: 0.000010
batch 22 y → probs → restore MSE: 0.000006
batch 23 y → probs → restore MSE: 0.000003
batch 24 y → probs → restore MSE: 0.000002
batch 25 y → probs → restore MSE: 0.000001
batch 26 y → probs → restore MSE: 0.000001
batch 27 y → probs → restore MSE: 0.000001
batch 28 y → probs → restore MSE: 0.000001
batch 29 y → probs → restore MSE: 0.000001
batch 30 y → probs → restore MSE: 0.000002
batch 31 y → probs → restore MSE: 0.000002
batch 32 y → probs → restore MSE: 0.000002
batch 33 y → probs → restore MSE: 0.000002
batch 34 y → probs → restore MSE: 0.000002
batch 35 y → probs → restore MSE: 0.000002
batch 36 y → probs → restore MSE: 0.000002
batch 37 y → probs → restore MSE: 0.000001
batch 38 y → probs → restore MSE: 0.000001
batch 39 y → probs → restore MSE: 0.000001
batch 40 y → probs → restore MSE: 0.000001
batch 41 y → probs → restore MSE: 0.000001
batch 42 y → probs → restore MSE: 0.000001
batch 43 y → probs → restore MSE: 0.000002
batch 44 y → probs → restore MSE: 0.000002
batch 45 y → probs → restore MSE: 0.000001
batch 46 y → probs → restore MSE: 0.000001
batch 47 y → probs → restore MSE: 0.000001
batch 48 y → probs → restore MSE: 0.000002
batch 49 y → probs → restore MSE: 0.000002
batch 50 y → probs → restore MSE: 0.000002
batch 51 y → probs → restore MSE: 0.000002
batch 52 y → probs → restore MSE: 0.000002
batch 53 y → probs → restore MSE: 0.000002
batch 54 y → probs → restore MSE: 0.000002
batch 55 y → probs → restore MSE: 0.000002
batch 56 y → probs → restore MSE: 0.000002
batch 57 y → probs → restore MSE: 0.000002
batch 58 y → probs → restore MSE: 0.000001
batch 59 y → probs → restore MSE: 0.000001
batch 60 y → probs → restore MSE: 0.000001
batch 61 y → probs → restore MSE: 0.000001
batch 62 y → probs → restore MSE: 0.000001
batch 63 y → probs → restore MSE: 0.000001
batch 64 y → probs → restore MSE: 0.000001
batch 65 y → probs → restore MSE: 0.000001
batch 66 y → probs → restore MSE: 0.000002
batch 67 y → probs → restore MSE: 0.000002
batch 68 y → probs → restore MSE: 0.000002
batch 69 y → probs → restore MSE: 0.000002
batch 70 y → probs → restore MSE: 0.000002
batch 71 y → probs → restore MSE: 0.000002
batch 72 y → probs → restore MSE: 0.000002
batch 73 y → probs → restore MSE: 0.000002
batch 74 y → probs → restore MSE: 0.000002
batch 75 y → probs → restore MSE: 0.000002
batch 76 y → probs → restore MSE: 0.000002
batch 77 y → probs → restore MSE: 0.000002
batch 78 y → probs → restore MSE: 0.000001
batch 79 y → probs → restore MSE: 0.000001
batch 80 y → probs → restore MSE: 0.000001
batch 81 y → probs → restore MSE: 0.000001
batch 82 y → probs → restore MSE: 0.000002
batch 83 y → probs → restore MSE: 0.000002
batch 84 y → probs → restore MSE: 0.000002
batch 85 y → probs → restore MSE: 0.000001
batch 86 y → probs → restore MSE: 0.000001
batch 87 y → probs → restore MSE: 0.000001
batch 88 y → probs → restore MSE: 0.000001
batch 89 y → probs → restore MSE: 0.000001
batch 90 y → probs → restore MSE: 0.000001
batch 91 y → probs → restore MSE: 0.000001
batch 92 y → probs → restore MSE: 0.000001
batch 93 y → probs → restore MSE: 0.000001
batch 94 y → probs → restore MSE: 0.000001
batch 95 y → probs → restore MSE: 0.000001
batch 96 y → probs → restore MSE: 0.000001
batch 97 y → probs → restore MSE: 0.000001
batch 98 y → probs → restore MSE: 0.000001
batch 99 y → probs → restore MSE: 0.000002
batch 100 y → probs → restore MSE: 0.000002
batch 101 y → probs → restore MSE: 0.000002
batch 102 y → probs → restore MSE: 0.000002
batch 103 y → probs → restore MSE: 0.000002
batch 104 y → probs → restore MSE: 0.000001
batch 105 y → probs → restore MSE: 0.000001
batch 106 y → probs → restore MSE: 0.000001
batch 107 y → probs → restore MSE: 0.000001
batch 108 y → probs → restore MSE: 0.000001
batch 109 y → probs → restore MSE: 0.000001
batch 110 y → probs → restore MSE: 0.000001
batch 111 y → probs → restore MSE: 0.000001
batch 112 y → probs → restore MSE: 0.000001
batch 113 y → probs → restore MSE: 0.000001
batch 114 y → probs → restore MSE: 0.000001
batch 115 y → probs → restore MSE: 0.000001
batch 116 y → probs → restore MSE: 0.000001
batch 117 y → probs → restore MSE: 0.000002
batch 118 y → probs → restore MSE: 0.000002
batch 119 y → probs → restore MSE: 0.000002
batch 120 y → probs → restore MSE: 0.000002
batch 121 y → probs → restore MSE: 0.000001
batch 122 y → probs → restore MSE: 0.000002
batch 123 y → probs → restore MSE: 0.000002
batch 124 y → probs → restore MSE: 0.000002
batch 125 y → probs → restore MSE: 0.000002
batch 126 y → probs → restore MSE: 0.000002
batch 127 y → probs → restore MSE: 0.000002
batch 128 y → probs → restore MSE: 0.000002
batch 129 y → probs → restore MSE: 0.000002
batch 130 y → probs → restore MSE: 0.000002
batch 131 y → probs → restore MSE: 0.000002
batch 132 y → probs → restore MSE: 0.000002
batch 133 y → probs → restore MSE: 0.000001
batch 134 y → probs → restore MSE: 0.000002
batch 135 y → probs → restore MSE: 0.000002
batch 136 y → probs → restore MSE: 0.000002
batch 137 y → probs → restore MSE: 0.000002
batch 138 y → probs → restore MSE: 0.000002
batch 139 y → probs → restore MSE: 0.000002
batch 140 y → probs → restore MSE: 0.000002
batch 141 y → probs → restore MSE: 0.000002
batch 142 y → probs → restore MSE: 0.000002
batch 143 y → probs → restore MSE: 0.000002
batch 144 y → probs → restore MSE: 0.000002
batch 145 y → probs → restore MSE: 0.000002
batch 146 y → probs → restore MSE: 0.000002
batch 147 y → probs → restore MSE: 0.000001
batch 148 y → probs → restore MSE: 0.000002
batch 149 y → probs → restore MSE: 0.000002
batch 150 y → probs → restore MSE: 0.000002
batch 151 y → probs → restore MSE: 0.000002
batch 152 y → probs → restore MSE: 0.000002
batch 153 y → probs → restore MSE: 0.000002
batch 154 y → probs → restore MSE: 0.000002
batch 155 y → probs → restore MSE: 0.000002
batch 156 y → probs → restore MSE: 0.000002
batch 157 y → probs → restore MSE: 0.000002
batch 158 y → probs → restore MSE: 0.000002
batch 159 y → probs → restore MSE: 0.000001
batch 160 y → probs → restore MSE: 0.000001
batch 161 y → probs → restore MSE: 0.000002
batch 162 y → probs → restore MSE: 0.000002
batch 163 y → probs → restore MSE: 0.000001
batch 164 y → probs → restore MSE: 0.000001
batch 165 y → probs → restore MSE: 0.000001
batch 166 y → probs → restore MSE: 0.000002
batch 167 y → probs → restore MSE: 0.000002
batch 168 y → probs → restore MSE: 0.000002
batch 169 y → probs → restore MSE: 0.000002
batch 170 y → probs → restore MSE: 0.000002
batch 171 y → probs → restore MSE: 0.000002
batch 172 y → probs → restore MSE: 0.000002
batch 173 y → probs → restore MSE: 0.000001
batch 174 y → probs → restore MSE: 0.000001
batch 175 y → probs → restore MSE: 0.000001
batch 176 y → probs → restore MSE: 0.000001
batch 177 y → probs → restore MSE: 0.000001
batch 178 y → probs → restore MSE: 0.000001
batch 179 y → probs → restore MSE: 0.000001
batch 180 y → probs → restore MSE: 0.000001
batch 181 y → probs → restore MSE: 0.000001
batch 182 y → probs → restore MSE: 0.000001
batch 183 y → probs → restore MSE: 0.000001
batch 184 y → probs → restore MSE: 0.000002
batch 185 y → probs → restore MSE: 0.000002
batch 186 y → probs → restore MSE: 0.000002
batch 187 y → probs → restore MSE: 0.000001
batch 188 y → probs → restore MSE: 0.000001
batch 189 y → probs → restore MSE: 0.000002
batch 190 y → probs → restore MSE: 0.000002
batch 191 y → probs → restore MSE: 0.000002
batch 192 y → probs → restore MSE: 0.000002
batch 193 y → probs → restore MSE: 0.000002
batch 194 y → probs → restore MSE: 0.000002
batch 195 y → probs → restore MSE: 0.000001
batch 196 y → probs → restore MSE: 0.000001
batch 197 y → probs → restore MSE: 0.000001
batch 198 y → probs → restore MSE: 0.000001
batch 199 y → probs → restore MSE: 0.000001
batch 200 y → probs → restore MSE: 0.000001
batch 201 y → probs → restore MSE: 0.000001
batch 202 y → probs → restore MSE: 0.000001
batch 203 y → probs → restore MSE: 0.000002
batch 204 y → probs → restore MSE: 0.000002
batch 205 y → probs → restore MSE: 0.000002
batch 206 y → probs → restore MSE: 0.000002
batch 207 y → probs → restore MSE: 0.000002
batch 208 y → probs → restore MSE: 0.000002
batch 209 y → probs → restore MSE: 0.000001
batch 210 y → probs → restore MSE: 0.000002
batch 211 y → probs → restore MSE: 0.000002
batch 212 y → probs → restore MSE: 0.000002
batch 213 y → probs → restore MSE: 0.000002
batch 214 y → probs → restore MSE: 0.000002
batch 215 y → probs → restore MSE: 0.000002
batch 216 y → probs → restore MSE: 0.000002
batch 217 y → probs → restore MSE: 0.000002
batch 218 y → probs → restore MSE: 0.000002
batch 219 y → probs → restore MSE: 0.000002
batch 220 y → probs → restore MSE: 0.000002
batch 221 y → probs → restore MSE: 0.000002
batch 222 y → probs → restore MSE: 0.000002
batch 223 y → probs → restore MSE: 0.000002
batch 224 y → probs → restore MSE: 0.000002
batch 225 y → probs → restore MSE: 0.000002
batch 226 y → probs → restore MSE: 0.000002
batch 227 y → probs → restore MSE: 0.000002
batch 228 y → probs → restore MSE: 0.000002
batch 229 y → probs → restore MSE: 0.000002
batch 230 y → probs → restore MSE: 0.000002
batch 231 y → probs → restore MSE: 0.000002
batch 232 y → probs → restore MSE: 0.000002
batch 233 y → probs → restore MSE: 0.000002
batch 234 y → probs → restore MSE: 0.000002
batch 235 y → probs → restore MSE: 0.000002
batch 236 y → probs → restore MSE: 0.000002
batch 237 y → probs → restore MSE: 0.000001
batch 238 y → probs → restore MSE: 0.000001
batch 239 y → probs → restore MSE: 0.000001
batch 240 y → probs → restore MSE: 0.000001
batch 241 y → probs → restore MSE: 0.000001
batch 242 y → probs → restore MSE: 0.000001
batch 243 y → probs → restore MSE: 0.000002
batch 244 y → probs → restore MSE: 0.000002
batch 245 y → probs → restore MSE: 0.000002
batch 246 y → probs → restore MSE: 0.000002
batch 247 y → probs → restore MSE: 0.000002
batch 248 y → probs → restore MSE: 0.000001
batch 249 y → probs → restore MSE: 0.000001
batch 250 y → probs → restore MSE: 0.000001
batch 251 y → probs → restore MSE: 0.000001
batch 252 y → probs → restore MSE: 0.000001
batch 253 y → probs → restore MSE: 0.000001
batch 254 y → probs → restore MSE: 0.000002
batch 255 y → probs → restore MSE: 0.000002
batch 256 y → probs → restore MSE: 0.000002
batch 257 y → probs → restore MSE: 0.000002
batch 258 y → probs → restore MSE: 0.000002
batch 259 y → probs → restore MSE: 0.000002
batch 260 y → probs → restore MSE: 0.000002
batch 261 y → probs → restore MSE: 0.000002
batch 262 y → probs → restore MSE: 0.000002
batch 263 y → probs → restore MSE: 0.000002
batch 264 y → probs → restore MSE: 0.000001
batch 265 y → probs → restore MSE: 0.000001
batch 266 y → probs → restore MSE: 0.000001
batch 267 y → probs → restore MSE: 0.000001
batch 268 y → probs → restore MSE: 0.000001
batch 269 y → probs → restore MSE: 0.000001
batch 270 y → probs → restore MSE: 0.000001
batch 271 y → probs → restore MSE: 0.000002
batch 272 y → probs → restore MSE: 0.000001
batch 273 y → probs → restore MSE: 0.000001
batch 274 y → probs → restore MSE: 0.000002
batch 275 y → probs → restore MSE: 0.000002
batch 276 y → probs → restore MSE: 0.000002
batch 277 y → probs → restore MSE: 0.000003
batch 278 y → probs → restore MSE: 0.000002
batch 279 y → probs → restore MSE: 0.000001
batch 280 y → probs → restore MSE: 0.000002
batch 281 y → probs → restore MSE: 0.000001
batch 282 y → probs → restore MSE: 0.000002
batch 283 y → probs → restore MSE: 0.000002
batch 284 y → probs → restore MSE: 0.000002
batch 285 y → probs → restore MSE: 0.000002
batch 286 y → probs → restore MSE: 0.000002
batch 287 y → probs → restore MSE: 0.000002
batch 288 y → probs → restore MSE: 0.000002
batch 289 y → probs → restore MSE: 0.000002
batch 290 y → probs → restore MSE: 0.000004
batch 291 y → probs → restore MSE: 0.000002
batch 292 y → probs → restore MSE: 0.000002
batch 293 y → probs → restore MSE: 0.000002
batch 294 y → probs → restore MSE: 0.000006
batch 295 y → probs → restore MSE: 0.000017
batch 296 y → probs → restore MSE: 0.000019
batch 297 y → probs → restore MSE: 0.000016
batch 298 y → probs → restore MSE: 0.000010
batch 299 y → probs → restore MSE: 0.000004
batch 300 y → probs → restore MSE: 0.000002
batch 301 y → probs → restore MSE: 0.000002
batch 302 y → probs → restore MSE: 0.000002
batch 303 y → probs → restore MSE: 0.000003
batch 304 y → probs → restore MSE: 0.000003
batch 305 y → probs → restore MSE: 0.000003
batch 306 y → probs → restore MSE: 0.000003
batch 307 y → probs → restore MSE: 0.000002
batch 308 y → probs → restore MSE: 0.000002
batch 309 y → probs → restore MSE: 0.000002
batch 310 y → probs → restore MSE: 0.000002
batch 311 y → probs → restore MSE: 0.000002
batch 312 y → probs → restore MSE: 0.000002
batch 313 y → probs → restore MSE: 0.000002
batch 314 y → probs → restore MSE: 0.000002
batch 315 y → probs → restore MSE: 0.000002
batch 316 y → probs → restore MSE: 0.000001
batch 317 y → probs → restore MSE: 0.000002
batch 318 y → probs → restore MSE: 0.000002
batch 319 y → probs → restore MSE: 0.000002
batch 320 y → probs → restore MSE: 0.000002
batch 321 y → probs → restore MSE: 0.000002
batch 322 y → probs → restore MSE: 0.000002
batch 323 y → probs → restore MSE: 0.000002
batch 324 y → probs → restore MSE: 0.000002
batch 325 y → probs → restore MSE: 0.000001
batch 326 y → probs → restore MSE: 0.000002
batch 327 y → probs → restore MSE: 0.000002
batch 328 y → probs → restore MSE: 0.000002
batch 329 y → probs → restore MSE: 0.000002
batch 330 y → probs → restore MSE: 0.000002
batch 331 y → probs → restore MSE: 0.000002
batch 332 y → probs → restore MSE: 0.000002
batch 333 y → probs → restore MSE: 0.000002
batch 334 y → probs → restore MSE: 0.000002
batch 335 y → probs → restore MSE: 0.000003
batch 336 y → probs → restore MSE: 0.000002
batch 337 y → probs → restore MSE: 0.000002
batch 338 y → probs → restore MSE: 0.000002
batch 339 y → probs → restore MSE: 0.000002
batch 340 y → probs → restore MSE: 0.000002
batch 341 y → probs → restore MSE: 0.000002
batch 342 y → probs → restore MSE: 0.000002
batch 343 y → probs → restore MSE: 0.000002
batch 344 y → probs → restore MSE: 0.000002
batch 345 y → probs → restore MSE: 0.000002
batch 346 y → probs → restore MSE: 0.000003
batch 347 y → probs → restore MSE: 0.000002
batch 348 y → probs → restore MSE: 0.000002
batch 349 y → probs → restore MSE: 0.000002
batch 350 y → probs → restore MSE: 0.000003
batch 351 y → probs → restore MSE: 0.000003
batch 352 y → probs → restore MSE: 0.000004
batch 353 y → probs → restore MSE: 0.000005
batch 354 y → probs → restore MSE: 0.000004
mse:0.2786206901073456, mae:0.36269307136535645
Use GPU: cuda:0
>>>>>>>start training : ETTm1_336_192_DLinear_ETTm1_ftM_sl336_pl192_sigma0.01_bins100_lossmse_Exp_1>>>>>>>>>>>>>>>>>>>>>>>>>>
train 34033
val 11329
>>> Start Training
Epoch: 1, Steps: 1063, Train Loss: 38.17722, Time: 92.62s
Validation loss decreased (inf --> 36.061478).  Saving model ...
Epoch: 2, Steps: 1063, Train Loss: 35.98033, Time: 92.68s
Validation loss decreased (36.061478 --> 35.306137).  Saving model ...
Epoch: 3, Steps: 1063, Train Loss: 35.35774, Time: 92.48s
Validation loss decreased (35.306137 --> 35.030792).  Saving model ...
Epoch: 4, Steps: 1063, Train Loss: 34.99319, Time: 92.83s
Validation loss decreased (35.030792 --> 34.880886).  Saving model ...
Epoch: 5, Steps: 1063, Train Loss: 34.73389, Time: 93.41s
Validation loss decreased (34.880886 --> 34.825989).  Saving model ...
Epoch: 6, Steps: 1063, Train Loss: 34.52800, Time: 92.78s
Validation loss decreased (34.825989 --> 34.797737).  Saving model ...
Epoch: 7, Steps: 1063, Train Loss: 34.35411, Time: 93.47s
EarlyStopping counter: 1 out of 5
Epoch: 8, Steps: 1063, Train Loss: 34.21334, Time: 93.60s
Validation loss decreased (34.797737 --> 34.776363).  Saving model ...
Epoch: 9, Steps: 1063, Train Loss: 34.08740, Time: 92.87s
Validation loss decreased (34.776363 --> 34.770561).  Saving model ...
Epoch: 10, Steps: 1063, Train Loss: 33.97787, Time: 92.80s
EarlyStopping counter: 1 out of 5
>>>>>>>testing : ETTm1_336_192_DLinear_ETTm1_ftM_sl336_pl192_sigma0.01_bins100_lossmse_Exp_1<<<<<<<<<<<<<<<<<<<<<<<<<<<<<<<<<
test 11329
batch 0 y → probs → restore MSE: 0.000001
batch 1 y → probs → restore MSE: 0.000002
batch 2 y → probs → restore MSE: 0.000002
batch 3 y → probs → restore MSE: 0.000002
batch 4 y → probs → restore MSE: 0.000002
batch 5 y → probs → restore MSE: 0.000001
batch 6 y → probs → restore MSE: 0.000001
batch 7 y → probs → restore MSE: 0.000002
batch 8 y → probs → restore MSE: 0.000002
batch 9 y → probs → restore MSE: 0.000002
batch 10 y → probs → restore MSE: 0.000001
batch 11 y → probs → restore MSE: 0.000001
batch 12 y → probs → restore MSE: 0.000001
batch 13 y → probs → restore MSE: 0.000001
batch 14 y → probs → restore MSE: 0.000001
batch 15 y → probs → restore MSE: 0.000001
batch 16 y → probs → restore MSE: 0.000001
batch 17 y → probs → restore MSE: 0.000001
batch 18 y → probs → restore MSE: 0.000006
batch 19 y → probs → restore MSE: 0.000016
batch 20 y → probs → restore MSE: 0.000018
batch 21 y → probs → restore MSE: 0.000010
batch 22 y → probs → restore MSE: 0.000006
batch 23 y → probs → restore MSE: 0.000003
batch 24 y → probs → restore MSE: 0.000002
batch 25 y → probs → restore MSE: 0.000001
batch 26 y → probs → restore MSE: 0.000001
batch 27 y → probs → restore MSE: 0.000001
batch 28 y → probs → restore MSE: 0.000001
batch 29 y → probs → restore MSE: 0.000001
batch 30 y → probs → restore MSE: 0.000002
batch 31 y → probs → restore MSE: 0.000002
batch 32 y → probs → restore MSE: 0.000002
batch 33 y → probs → restore MSE: 0.000002
batch 34 y → probs → restore MSE: 0.000002
batch 35 y → probs → restore MSE: 0.000002
batch 36 y → probs → restore MSE: 0.000002
batch 37 y → probs → restore MSE: 0.000001
batch 38 y → probs → restore MSE: 0.000001
batch 39 y → probs → restore MSE: 0.000001
batch 40 y → probs → restore MSE: 0.000001
batch 41 y → probs → restore MSE: 0.000001
batch 42 y → probs → restore MSE: 0.000001
batch 43 y → probs → restore MSE: 0.000002
batch 44 y → probs → restore MSE: 0.000002
batch 45 y → probs → restore MSE: 0.000001
batch 46 y → probs → restore MSE: 0.000001
batch 47 y → probs → restore MSE: 0.000001
batch 48 y → probs → restore MSE: 0.000002
batch 49 y → probs → restore MSE: 0.000002
batch 50 y → probs → restore MSE: 0.000002
batch 51 y → probs → restore MSE: 0.000002
batch 52 y → probs → restore MSE: 0.000002
batch 53 y → probs → restore MSE: 0.000002
batch 54 y → probs → restore MSE: 0.000002
batch 55 y → probs → restore MSE: 0.000002
batch 56 y → probs → restore MSE: 0.000002
batch 57 y → probs → restore MSE: 0.000002
batch 58 y → probs → restore MSE: 0.000001
batch 59 y → probs → restore MSE: 0.000001
batch 60 y → probs → restore MSE: 0.000001
batch 61 y → probs → restore MSE: 0.000001
batch 62 y → probs → restore MSE: 0.000001
batch 63 y → probs → restore MSE: 0.000001
batch 64 y → probs → restore MSE: 0.000001
batch 65 y → probs → restore MSE: 0.000001
batch 66 y → probs → restore MSE: 0.000002
batch 67 y → probs → restore MSE: 0.000002
batch 68 y → probs → restore MSE: 0.000002
batch 69 y → probs → restore MSE: 0.000002
batch 70 y → probs → restore MSE: 0.000002
batch 71 y → probs → restore MSE: 0.000002
batch 72 y → probs → restore MSE: 0.000002
batch 73 y → probs → restore MSE: 0.000002
batch 74 y → probs → restore MSE: 0.000002
batch 75 y → probs → restore MSE: 0.000002
batch 76 y → probs → restore MSE: 0.000002
batch 77 y → probs → restore MSE: 0.000002
batch 78 y → probs → restore MSE: 0.000001
batch 79 y → probs → restore MSE: 0.000001
batch 80 y → probs → restore MSE: 0.000001
batch 81 y → probs → restore MSE: 0.000001
batch 82 y → probs → restore MSE: 0.000002
batch 83 y → probs → restore MSE: 0.000002
batch 84 y → probs → restore MSE: 0.000002
batch 85 y → probs → restore MSE: 0.000001
batch 86 y → probs → restore MSE: 0.000001
batch 87 y → probs → restore MSE: 0.000001
batch 88 y → probs → restore MSE: 0.000001
batch 89 y → probs → restore MSE: 0.000001
batch 90 y → probs → restore MSE: 0.000001
batch 91 y → probs → restore MSE: 0.000001
batch 92 y → probs → restore MSE: 0.000001
batch 93 y → probs → restore MSE: 0.000001
batch 94 y → probs → restore MSE: 0.000001
batch 95 y → probs → restore MSE: 0.000001
batch 96 y → probs → restore MSE: 0.000001
batch 97 y → probs → restore MSE: 0.000001
batch 98 y → probs → restore MSE: 0.000001
batch 99 y → probs → restore MSE: 0.000002
batch 100 y → probs → restore MSE: 0.000002
batch 101 y → probs → restore MSE: 0.000002
batch 102 y → probs → restore MSE: 0.000002
batch 103 y → probs → restore MSE: 0.000002
batch 104 y → probs → restore MSE: 0.000001
batch 105 y → probs → restore MSE: 0.000001
batch 106 y → probs → restore MSE: 0.000001
batch 107 y → probs → restore MSE: 0.000001
batch 108 y → probs → restore MSE: 0.000001
batch 109 y → probs → restore MSE: 0.000001
batch 110 y → probs → restore MSE: 0.000001
batch 111 y → probs → restore MSE: 0.000001
batch 112 y → probs → restore MSE: 0.000001
batch 113 y → probs → restore MSE: 0.000001
batch 114 y → probs → restore MSE: 0.000001
batch 115 y → probs → restore MSE: 0.000001
batch 116 y → probs → restore MSE: 0.000001
batch 117 y → probs → restore MSE: 0.000002
batch 118 y → probs → restore MSE: 0.000002
batch 119 y → probs → restore MSE: 0.000002
batch 120 y → probs → restore MSE: 0.000002
batch 121 y → probs → restore MSE: 0.000001
batch 122 y → probs → restore MSE: 0.000002
batch 123 y → probs → restore MSE: 0.000002
batch 124 y → probs → restore MSE: 0.000002
batch 125 y → probs → restore MSE: 0.000002
batch 126 y → probs → restore MSE: 0.000002
batch 127 y → probs → restore MSE: 0.000002
batch 128 y → probs → restore MSE: 0.000002
batch 129 y → probs → restore MSE: 0.000002
batch 130 y → probs → restore MSE: 0.000002
batch 131 y → probs → restore MSE: 0.000002
batch 132 y → probs → restore MSE: 0.000002
batch 133 y → probs → restore MSE: 0.000001
batch 134 y → probs → restore MSE: 0.000002
batch 135 y → probs → restore MSE: 0.000002
batch 136 y → probs → restore MSE: 0.000002
batch 137 y → probs → restore MSE: 0.000002
batch 138 y → probs → restore MSE: 0.000002
batch 139 y → probs → restore MSE: 0.000002
batch 140 y → probs → restore MSE: 0.000002
batch 141 y → probs → restore MSE: 0.000002
batch 142 y → probs → restore MSE: 0.000002
batch 143 y → probs → restore MSE: 0.000002
batch 144 y → probs → restore MSE: 0.000002
batch 145 y → probs → restore MSE: 0.000002
batch 146 y → probs → restore MSE: 0.000002
batch 147 y → probs → restore MSE: 0.000001
batch 148 y → probs → restore MSE: 0.000002
batch 149 y → probs → restore MSE: 0.000002
batch 150 y → probs → restore MSE: 0.000002
batch 151 y → probs → restore MSE: 0.000002
batch 152 y → probs → restore MSE: 0.000002
batch 153 y → probs → restore MSE: 0.000002
batch 154 y → probs → restore MSE: 0.000002
batch 155 y → probs → restore MSE: 0.000002
batch 156 y → probs → restore MSE: 0.000002
batch 157 y → probs → restore MSE: 0.000002
batch 158 y → probs → restore MSE: 0.000002
batch 159 y → probs → restore MSE: 0.000001
batch 160 y → probs → restore MSE: 0.000001
batch 161 y → probs → restore MSE: 0.000002
batch 162 y → probs → restore MSE: 0.000002
batch 163 y → probs → restore MSE: 0.000001
batch 164 y → probs → restore MSE: 0.000001
batch 165 y → probs → restore MSE: 0.000001
batch 166 y → probs → restore MSE: 0.000002
batch 167 y → probs → restore MSE: 0.000002
batch 168 y → probs → restore MSE: 0.000002
batch 169 y → probs → restore MSE: 0.000002
batch 170 y → probs → restore MSE: 0.000002
batch 171 y → probs → restore MSE: 0.000002
batch 172 y → probs → restore MSE: 0.000002
batch 173 y → probs → restore MSE: 0.000001
batch 174 y → probs → restore MSE: 0.000001
batch 175 y → probs → restore MSE: 0.000001
batch 176 y → probs → restore MSE: 0.000001
batch 177 y → probs → restore MSE: 0.000001
batch 178 y → probs → restore MSE: 0.000001
batch 179 y → probs → restore MSE: 0.000001
batch 180 y → probs → restore MSE: 0.000001
batch 181 y → probs → restore MSE: 0.000001
batch 182 y → probs → restore MSE: 0.000001
batch 183 y → probs → restore MSE: 0.000001
batch 184 y → probs → restore MSE: 0.000002
batch 185 y → probs → restore MSE: 0.000002
batch 186 y → probs → restore MSE: 0.000002
batch 187 y → probs → restore MSE: 0.000001
batch 188 y → probs → restore MSE: 0.000001
batch 189 y → probs → restore MSE: 0.000002
batch 190 y → probs → restore MSE: 0.000002
batch 191 y → probs → restore MSE: 0.000002
batch 192 y → probs → restore MSE: 0.000002
batch 193 y → probs → restore MSE: 0.000002
batch 194 y → probs → restore MSE: 0.000002
batch 195 y → probs → restore MSE: 0.000001
batch 196 y → probs → restore MSE: 0.000001
batch 197 y → probs → restore MSE: 0.000001
batch 198 y → probs → restore MSE: 0.000001
batch 199 y → probs → restore MSE: 0.000001
batch 200 y → probs → restore MSE: 0.000001
batch 201 y → probs → restore MSE: 0.000001
batch 202 y → probs → restore MSE: 0.000001
batch 203 y → probs → restore MSE: 0.000002
batch 204 y → probs → restore MSE: 0.000002
batch 205 y → probs → restore MSE: 0.000002
batch 206 y → probs → restore MSE: 0.000002
batch 207 y → probs → restore MSE: 0.000002
batch 208 y → probs → restore MSE: 0.000002
batch 209 y → probs → restore MSE: 0.000001
batch 210 y → probs → restore MSE: 0.000002
batch 211 y → probs → restore MSE: 0.000002
batch 212 y → probs → restore MSE: 0.000002
batch 213 y → probs → restore MSE: 0.000002
batch 214 y → probs → restore MSE: 0.000002
batch 215 y → probs → restore MSE: 0.000002
batch 216 y → probs → restore MSE: 0.000002
batch 217 y → probs → restore MSE: 0.000002
batch 218 y → probs → restore MSE: 0.000002
batch 219 y → probs → restore MSE: 0.000002
batch 220 y → probs → restore MSE: 0.000002
batch 221 y → probs → restore MSE: 0.000002
batch 222 y → probs → restore MSE: 0.000002
batch 223 y → probs → restore MSE: 0.000002
batch 224 y → probs → restore MSE: 0.000002
batch 225 y → probs → restore MSE: 0.000002
batch 226 y → probs → restore MSE: 0.000002
batch 227 y → probs → restore MSE: 0.000002
batch 228 y → probs → restore MSE: 0.000002
batch 229 y → probs → restore MSE: 0.000002
batch 230 y → probs → restore MSE: 0.000002
batch 231 y → probs → restore MSE: 0.000002
batch 232 y → probs → restore MSE: 0.000002
batch 233 y → probs → restore MSE: 0.000002
batch 234 y → probs → restore MSE: 0.000002
batch 235 y → probs → restore MSE: 0.000002
batch 236 y → probs → restore MSE: 0.000002
batch 237 y → probs → restore MSE: 0.000001
batch 238 y → probs → restore MSE: 0.000001
batch 239 y → probs → restore MSE: 0.000001
batch 240 y → probs → restore MSE: 0.000001
batch 241 y → probs → restore MSE: 0.000001
batch 242 y → probs → restore MSE: 0.000001
batch 243 y → probs → restore MSE: 0.000002
batch 244 y → probs → restore MSE: 0.000002
batch 245 y → probs → restore MSE: 0.000002
batch 246 y → probs → restore MSE: 0.000002
batch 247 y → probs → restore MSE: 0.000002
batch 248 y → probs → restore MSE: 0.000001
batch 249 y → probs → restore MSE: 0.000001
batch 250 y → probs → restore MSE: 0.000001
batch 251 y → probs → restore MSE: 0.000001
batch 252 y → probs → restore MSE: 0.000001
batch 253 y → probs → restore MSE: 0.000001
batch 254 y → probs → restore MSE: 0.000002
batch 255 y → probs → restore MSE: 0.000002
batch 256 y → probs → restore MSE: 0.000002
batch 257 y → probs → restore MSE: 0.000002
batch 258 y → probs → restore MSE: 0.000002
batch 259 y → probs → restore MSE: 0.000002
batch 260 y → probs → restore MSE: 0.000002
batch 261 y → probs → restore MSE: 0.000002
batch 262 y → probs → restore MSE: 0.000002
batch 263 y → probs → restore MSE: 0.000002
batch 264 y → probs → restore MSE: 0.000001
batch 265 y → probs → restore MSE: 0.000001
batch 266 y → probs → restore MSE: 0.000001
batch 267 y → probs → restore MSE: 0.000001
batch 268 y → probs → restore MSE: 0.000001
batch 269 y → probs → restore MSE: 0.000001
batch 270 y → probs → restore MSE: 0.000001
batch 271 y → probs → restore MSE: 0.000002
batch 272 y → probs → restore MSE: 0.000001
batch 273 y → probs → restore MSE: 0.000001
batch 274 y → probs → restore MSE: 0.000002
batch 275 y → probs → restore MSE: 0.000002
batch 276 y → probs → restore MSE: 0.000002
batch 277 y → probs → restore MSE: 0.000003
batch 278 y → probs → restore MSE: 0.000002
batch 279 y → probs → restore MSE: 0.000001
batch 280 y → probs → restore MSE: 0.000002
batch 281 y → probs → restore MSE: 0.000001
batch 282 y → probs → restore MSE: 0.000002
batch 283 y → probs → restore MSE: 0.000002
batch 284 y → probs → restore MSE: 0.000002
batch 285 y → probs → restore MSE: 0.000002
batch 286 y → probs → restore MSE: 0.000002
batch 287 y → probs → restore MSE: 0.000002
batch 288 y → probs → restore MSE: 0.000002
batch 289 y → probs → restore MSE: 0.000002
batch 290 y → probs → restore MSE: 0.000004
batch 291 y → probs → restore MSE: 0.000002
batch 292 y → probs → restore MSE: 0.000002
batch 293 y → probs → restore MSE: 0.000002
batch 294 y → probs → restore MSE: 0.000006
batch 295 y → probs → restore MSE: 0.000017
batch 296 y → probs → restore MSE: 0.000019
batch 297 y → probs → restore MSE: 0.000016
batch 298 y → probs → restore MSE: 0.000010
batch 299 y → probs → restore MSE: 0.000004
batch 300 y → probs → restore MSE: 0.000002
batch 301 y → probs → restore MSE: 0.000002
batch 302 y → probs → restore MSE: 0.000002
batch 303 y → probs → restore MSE: 0.000003
batch 304 y → probs → restore MSE: 0.000003
batch 305 y → probs → restore MSE: 0.000003
batch 306 y → probs → restore MSE: 0.000003
batch 307 y → probs → restore MSE: 0.000002
batch 308 y → probs → restore MSE: 0.000002
batch 309 y → probs → restore MSE: 0.000002
batch 310 y → probs → restore MSE: 0.000002
batch 311 y → probs → restore MSE: 0.000002
batch 312 y → probs → restore MSE: 0.000002
batch 313 y → probs → restore MSE: 0.000002
batch 314 y → probs → restore MSE: 0.000002
batch 315 y → probs → restore MSE: 0.000002
batch 316 y → probs → restore MSE: 0.000001
batch 317 y → probs → restore MSE: 0.000002
batch 318 y → probs → restore MSE: 0.000002
batch 319 y → probs → restore MSE: 0.000002
batch 320 y → probs → restore MSE: 0.000002
batch 321 y → probs → restore MSE: 0.000002
batch 322 y → probs → restore MSE: 0.000002
batch 323 y → probs → restore MSE: 0.000002
batch 324 y → probs → restore MSE: 0.000002
batch 325 y → probs → restore MSE: 0.000001
batch 326 y → probs → restore MSE: 0.000002
batch 327 y → probs → restore MSE: 0.000002
batch 328 y → probs → restore MSE: 0.000002
batch 329 y → probs → restore MSE: 0.000002
batch 330 y → probs → restore MSE: 0.000002
batch 331 y → probs → restore MSE: 0.000002
batch 332 y → probs → restore MSE: 0.000002
batch 333 y → probs → restore MSE: 0.000002
batch 334 y → probs → restore MSE: 0.000002
batch 335 y → probs → restore MSE: 0.000003
batch 336 y → probs → restore MSE: 0.000002
batch 337 y → probs → restore MSE: 0.000002
batch 338 y → probs → restore MSE: 0.000002
batch 339 y → probs → restore MSE: 0.000002
batch 340 y → probs → restore MSE: 0.000002
batch 341 y → probs → restore MSE: 0.000002
batch 342 y → probs → restore MSE: 0.000002
batch 343 y → probs → restore MSE: 0.000002
batch 344 y → probs → restore MSE: 0.000002
batch 345 y → probs → restore MSE: 0.000002
batch 346 y → probs → restore MSE: 0.000003
batch 347 y → probs → restore MSE: 0.000002
batch 348 y → probs → restore MSE: 0.000002
batch 349 y → probs → restore MSE: 0.000002
batch 350 y → probs → restore MSE: 0.000003
batch 351 y → probs → restore MSE: 0.000003
batch 352 y → probs → restore MSE: 0.000004
batch 353 y → probs → restore MSE: 0.000005
batch 354 y → probs → restore MSE: 0.000004
mse:0.27800601720809937, mae:0.3622528910636902
Use GPU: cuda:0
>>>>>>>start training : ETTm1_336_192_DLinear_ETTm1_ftM_sl336_pl192_sigma0.01_bins100_lossmse_Exp_2>>>>>>>>>>>>>>>>>>>>>>>>>>
train 34033
val 11329
>>> Start Training
Epoch: 1, Steps: 1063, Train Loss: 38.16702, Time: 92.90s
Validation loss decreased (inf --> 36.066563).  Saving model ...
Epoch: 2, Steps: 1063, Train Loss: 35.98001, Time: 92.92s
Validation loss decreased (36.066563 --> 35.322998).  Saving model ...
Epoch: 3, Steps: 1063, Train Loss: 35.35773, Time: 92.48s
Validation loss decreased (35.322998 --> 35.049053).  Saving model ...
Epoch: 4, Steps: 1063, Train Loss: 34.99313, Time: 93.02s
Validation loss decreased (35.049053 --> 34.918041).  Saving model ...
Epoch: 5, Steps: 1063, Train Loss: 34.73341, Time: 93.61s
Validation loss decreased (34.918041 --> 34.834728).  Saving model ...
Epoch: 6, Steps: 1063, Train Loss: 34.52724, Time: 92.83s
Validation loss decreased (34.834728 --> 34.799900).  Saving model ...
Epoch: 7, Steps: 1063, Train Loss: 34.35682, Time: 93.00s
Validation loss decreased (34.799900 --> 34.798733).  Saving model ...
Epoch: 8, Steps: 1063, Train Loss: 34.21465, Time: 93.68s
Validation loss decreased (34.798733 --> 34.758724).  Saving model ...
Epoch: 9, Steps: 1063, Train Loss: 34.08917, Time: 92.55s
EarlyStopping counter: 1 out of 5
Epoch: 10, Steps: 1063, Train Loss: 33.97855, Time: 92.82s
EarlyStopping counter: 2 out of 5
>>>>>>>testing : ETTm1_336_192_DLinear_ETTm1_ftM_sl336_pl192_sigma0.01_bins100_lossmse_Exp_2<<<<<<<<<<<<<<<<<<<<<<<<<<<<<<<<<
test 11329
batch 0 y → probs → restore MSE: 0.000001
batch 1 y → probs → restore MSE: 0.000002
batch 2 y → probs → restore MSE: 0.000002
batch 3 y → probs → restore MSE: 0.000002
batch 4 y → probs → restore MSE: 0.000002
batch 5 y → probs → restore MSE: 0.000001
batch 6 y → probs → restore MSE: 0.000001
batch 7 y → probs → restore MSE: 0.000002
batch 8 y → probs → restore MSE: 0.000002
batch 9 y → probs → restore MSE: 0.000002
batch 10 y → probs → restore MSE: 0.000001
batch 11 y → probs → restore MSE: 0.000001
batch 12 y → probs → restore MSE: 0.000001
batch 13 y → probs → restore MSE: 0.000001
batch 14 y → probs → restore MSE: 0.000001
batch 15 y → probs → restore MSE: 0.000001
batch 16 y → probs → restore MSE: 0.000001
batch 17 y → probs → restore MSE: 0.000001
batch 18 y → probs → restore MSE: 0.000006
batch 19 y → probs → restore MSE: 0.000016
batch 20 y → probs → restore MSE: 0.000018
batch 21 y → probs → restore MSE: 0.000010
batch 22 y → probs → restore MSE: 0.000006
batch 23 y → probs → restore MSE: 0.000003
batch 24 y → probs → restore MSE: 0.000002
batch 25 y → probs → restore MSE: 0.000001
batch 26 y → probs → restore MSE: 0.000001
batch 27 y → probs → restore MSE: 0.000001
batch 28 y → probs → restore MSE: 0.000001
batch 29 y → probs → restore MSE: 0.000001
batch 30 y → probs → restore MSE: 0.000002
batch 31 y → probs → restore MSE: 0.000002
batch 32 y → probs → restore MSE: 0.000002
batch 33 y → probs → restore MSE: 0.000002
batch 34 y → probs → restore MSE: 0.000002
batch 35 y → probs → restore MSE: 0.000002
batch 36 y → probs → restore MSE: 0.000002
batch 37 y → probs → restore MSE: 0.000001
batch 38 y → probs → restore MSE: 0.000001
batch 39 y → probs → restore MSE: 0.000001
batch 40 y → probs → restore MSE: 0.000001
batch 41 y → probs → restore MSE: 0.000001
batch 42 y → probs → restore MSE: 0.000001
batch 43 y → probs → restore MSE: 0.000002
batch 44 y → probs → restore MSE: 0.000002
batch 45 y → probs → restore MSE: 0.000001
batch 46 y → probs → restore MSE: 0.000001
batch 47 y → probs → restore MSE: 0.000001
batch 48 y → probs → restore MSE: 0.000002
batch 49 y → probs → restore MSE: 0.000002
batch 50 y → probs → restore MSE: 0.000002
batch 51 y → probs → restore MSE: 0.000002
batch 52 y → probs → restore MSE: 0.000002
batch 53 y → probs → restore MSE: 0.000002
batch 54 y → probs → restore MSE: 0.000002
batch 55 y → probs → restore MSE: 0.000002
batch 56 y → probs → restore MSE: 0.000002
batch 57 y → probs → restore MSE: 0.000002
batch 58 y → probs → restore MSE: 0.000001
batch 59 y → probs → restore MSE: 0.000001
batch 60 y → probs → restore MSE: 0.000001
batch 61 y → probs → restore MSE: 0.000001
batch 62 y → probs → restore MSE: 0.000001
batch 63 y → probs → restore MSE: 0.000001
batch 64 y → probs → restore MSE: 0.000001
batch 65 y → probs → restore MSE: 0.000001
batch 66 y → probs → restore MSE: 0.000002
batch 67 y → probs → restore MSE: 0.000002
batch 68 y → probs → restore MSE: 0.000002
batch 69 y → probs → restore MSE: 0.000002
batch 70 y → probs → restore MSE: 0.000002
batch 71 y → probs → restore MSE: 0.000002
batch 72 y → probs → restore MSE: 0.000002
batch 73 y → probs → restore MSE: 0.000002
batch 74 y → probs → restore MSE: 0.000002
batch 75 y → probs → restore MSE: 0.000002
batch 76 y → probs → restore MSE: 0.000002
batch 77 y → probs → restore MSE: 0.000002
batch 78 y → probs → restore MSE: 0.000001
batch 79 y → probs → restore MSE: 0.000001
batch 80 y → probs → restore MSE: 0.000001
batch 81 y → probs → restore MSE: 0.000001
batch 82 y → probs → restore MSE: 0.000002
batch 83 y → probs → restore MSE: 0.000002
batch 84 y → probs → restore MSE: 0.000002
batch 85 y → probs → restore MSE: 0.000001
batch 86 y → probs → restore MSE: 0.000001
batch 87 y → probs → restore MSE: 0.000001
batch 88 y → probs → restore MSE: 0.000001
batch 89 y → probs → restore MSE: 0.000001
batch 90 y → probs → restore MSE: 0.000001
batch 91 y → probs → restore MSE: 0.000001
batch 92 y → probs → restore MSE: 0.000001
batch 93 y → probs → restore MSE: 0.000001
batch 94 y → probs → restore MSE: 0.000001
batch 95 y → probs → restore MSE: 0.000001
batch 96 y → probs → restore MSE: 0.000001
batch 97 y → probs → restore MSE: 0.000001
batch 98 y → probs → restore MSE: 0.000001
batch 99 y → probs → restore MSE: 0.000002
batch 100 y → probs → restore MSE: 0.000002
batch 101 y → probs → restore MSE: 0.000002
batch 102 y → probs → restore MSE: 0.000002
batch 103 y → probs → restore MSE: 0.000002
batch 104 y → probs → restore MSE: 0.000001
batch 105 y → probs → restore MSE: 0.000001
batch 106 y → probs → restore MSE: 0.000001
batch 107 y → probs → restore MSE: 0.000001
batch 108 y → probs → restore MSE: 0.000001
batch 109 y → probs → restore MSE: 0.000001
batch 110 y → probs → restore MSE: 0.000001
batch 111 y → probs → restore MSE: 0.000001
batch 112 y → probs → restore MSE: 0.000001
batch 113 y → probs → restore MSE: 0.000001
batch 114 y → probs → restore MSE: 0.000001
batch 115 y → probs → restore MSE: 0.000001
batch 116 y → probs → restore MSE: 0.000001
batch 117 y → probs → restore MSE: 0.000002
batch 118 y → probs → restore MSE: 0.000002
batch 119 y → probs → restore MSE: 0.000002
batch 120 y → probs → restore MSE: 0.000002
batch 121 y → probs → restore MSE: 0.000001
batch 122 y → probs → restore MSE: 0.000002
batch 123 y → probs → restore MSE: 0.000002
batch 124 y → probs → restore MSE: 0.000002
batch 125 y → probs → restore MSE: 0.000002
batch 126 y → probs → restore MSE: 0.000002
batch 127 y → probs → restore MSE: 0.000002
batch 128 y → probs → restore MSE: 0.000002
batch 129 y → probs → restore MSE: 0.000002
batch 130 y → probs → restore MSE: 0.000002
batch 131 y → probs → restore MSE: 0.000002
batch 132 y → probs → restore MSE: 0.000002
batch 133 y → probs → restore MSE: 0.000001
batch 134 y → probs → restore MSE: 0.000002
batch 135 y → probs → restore MSE: 0.000002
batch 136 y → probs → restore MSE: 0.000002
batch 137 y → probs → restore MSE: 0.000002
batch 138 y → probs → restore MSE: 0.000002
batch 139 y → probs → restore MSE: 0.000002
batch 140 y → probs → restore MSE: 0.000002
batch 141 y → probs → restore MSE: 0.000002
batch 142 y → probs → restore MSE: 0.000002
batch 143 y → probs → restore MSE: 0.000002
batch 144 y → probs → restore MSE: 0.000002
batch 145 y → probs → restore MSE: 0.000002
batch 146 y → probs → restore MSE: 0.000002
batch 147 y → probs → restore MSE: 0.000001
batch 148 y → probs → restore MSE: 0.000002
batch 149 y → probs → restore MSE: 0.000002
batch 150 y → probs → restore MSE: 0.000002
batch 151 y → probs → restore MSE: 0.000002
batch 152 y → probs → restore MSE: 0.000002
batch 153 y → probs → restore MSE: 0.000002
batch 154 y → probs → restore MSE: 0.000002
batch 155 y → probs → restore MSE: 0.000002
batch 156 y → probs → restore MSE: 0.000002
batch 157 y → probs → restore MSE: 0.000002
batch 158 y → probs → restore MSE: 0.000002
batch 159 y → probs → restore MSE: 0.000001
batch 160 y → probs → restore MSE: 0.000001
batch 161 y → probs → restore MSE: 0.000002
batch 162 y → probs → restore MSE: 0.000002
batch 163 y → probs → restore MSE: 0.000001
batch 164 y → probs → restore MSE: 0.000001
batch 165 y → probs → restore MSE: 0.000001
batch 166 y → probs → restore MSE: 0.000002
batch 167 y → probs → restore MSE: 0.000002
batch 168 y → probs → restore MSE: 0.000002
batch 169 y → probs → restore MSE: 0.000002
batch 170 y → probs → restore MSE: 0.000002
batch 171 y → probs → restore MSE: 0.000002
batch 172 y → probs → restore MSE: 0.000002
batch 173 y → probs → restore MSE: 0.000001
batch 174 y → probs → restore MSE: 0.000001
batch 175 y → probs → restore MSE: 0.000001
batch 176 y → probs → restore MSE: 0.000001
batch 177 y → probs → restore MSE: 0.000001
batch 178 y → probs → restore MSE: 0.000001
batch 179 y → probs → restore MSE: 0.000001
batch 180 y → probs → restore MSE: 0.000001
batch 181 y → probs → restore MSE: 0.000001
batch 182 y → probs → restore MSE: 0.000001
batch 183 y → probs → restore MSE: 0.000001
batch 184 y → probs → restore MSE: 0.000002
batch 185 y → probs → restore MSE: 0.000002
batch 186 y → probs → restore MSE: 0.000002
batch 187 y → probs → restore MSE: 0.000001
batch 188 y → probs → restore MSE: 0.000001
batch 189 y → probs → restore MSE: 0.000002
batch 190 y → probs → restore MSE: 0.000002
batch 191 y → probs → restore MSE: 0.000002
batch 192 y → probs → restore MSE: 0.000002
batch 193 y → probs → restore MSE: 0.000002
batch 194 y → probs → restore MSE: 0.000002
batch 195 y → probs → restore MSE: 0.000001
batch 196 y → probs → restore MSE: 0.000001
batch 197 y → probs → restore MSE: 0.000001
batch 198 y → probs → restore MSE: 0.000001
batch 199 y → probs → restore MSE: 0.000001
batch 200 y → probs → restore MSE: 0.000001
batch 201 y → probs → restore MSE: 0.000001
batch 202 y → probs → restore MSE: 0.000001
batch 203 y → probs → restore MSE: 0.000002
batch 204 y → probs → restore MSE: 0.000002
batch 205 y → probs → restore MSE: 0.000002
batch 206 y → probs → restore MSE: 0.000002
batch 207 y → probs → restore MSE: 0.000002
batch 208 y → probs → restore MSE: 0.000002
batch 209 y → probs → restore MSE: 0.000001
batch 210 y → probs → restore MSE: 0.000002
batch 211 y → probs → restore MSE: 0.000002
batch 212 y → probs → restore MSE: 0.000002
batch 213 y → probs → restore MSE: 0.000002
batch 214 y → probs → restore MSE: 0.000002
batch 215 y → probs → restore MSE: 0.000002
batch 216 y → probs → restore MSE: 0.000002
batch 217 y → probs → restore MSE: 0.000002
batch 218 y → probs → restore MSE: 0.000002
batch 219 y → probs → restore MSE: 0.000002
batch 220 y → probs → restore MSE: 0.000002
batch 221 y → probs → restore MSE: 0.000002
batch 222 y → probs → restore MSE: 0.000002
batch 223 y → probs → restore MSE: 0.000002
batch 224 y → probs → restore MSE: 0.000002
batch 225 y → probs → restore MSE: 0.000002
batch 226 y → probs → restore MSE: 0.000002
batch 227 y → probs → restore MSE: 0.000002
batch 228 y → probs → restore MSE: 0.000002
batch 229 y → probs → restore MSE: 0.000002
batch 230 y → probs → restore MSE: 0.000002
batch 231 y → probs → restore MSE: 0.000002
batch 232 y → probs → restore MSE: 0.000002
batch 233 y → probs → restore MSE: 0.000002
batch 234 y → probs → restore MSE: 0.000002
batch 235 y → probs → restore MSE: 0.000002
batch 236 y → probs → restore MSE: 0.000002
batch 237 y → probs → restore MSE: 0.000001
batch 238 y → probs → restore MSE: 0.000001
batch 239 y → probs → restore MSE: 0.000001
batch 240 y → probs → restore MSE: 0.000001
batch 241 y → probs → restore MSE: 0.000001
batch 242 y → probs → restore MSE: 0.000001
batch 243 y → probs → restore MSE: 0.000002
batch 244 y → probs → restore MSE: 0.000002
batch 245 y → probs → restore MSE: 0.000002
batch 246 y → probs → restore MSE: 0.000002
batch 247 y → probs → restore MSE: 0.000002
batch 248 y → probs → restore MSE: 0.000001
batch 249 y → probs → restore MSE: 0.000001
batch 250 y → probs → restore MSE: 0.000001
batch 251 y → probs → restore MSE: 0.000001
batch 252 y → probs → restore MSE: 0.000001
batch 253 y → probs → restore MSE: 0.000001
batch 254 y → probs → restore MSE: 0.000002
batch 255 y → probs → restore MSE: 0.000002
batch 256 y → probs → restore MSE: 0.000002
batch 257 y → probs → restore MSE: 0.000002
batch 258 y → probs → restore MSE: 0.000002
batch 259 y → probs → restore MSE: 0.000002
batch 260 y → probs → restore MSE: 0.000002
batch 261 y → probs → restore MSE: 0.000002
batch 262 y → probs → restore MSE: 0.000002
batch 263 y → probs → restore MSE: 0.000002
batch 264 y → probs → restore MSE: 0.000001
batch 265 y → probs → restore MSE: 0.000001
batch 266 y → probs → restore MSE: 0.000001
batch 267 y → probs → restore MSE: 0.000001
batch 268 y → probs → restore MSE: 0.000001
batch 269 y → probs → restore MSE: 0.000001
batch 270 y → probs → restore MSE: 0.000001
batch 271 y → probs → restore MSE: 0.000002
batch 272 y → probs → restore MSE: 0.000001
batch 273 y → probs → restore MSE: 0.000001
batch 274 y → probs → restore MSE: 0.000002
batch 275 y → probs → restore MSE: 0.000002
batch 276 y → probs → restore MSE: 0.000002
batch 277 y → probs → restore MSE: 0.000003
batch 278 y → probs → restore MSE: 0.000002
batch 279 y → probs → restore MSE: 0.000001
batch 280 y → probs → restore MSE: 0.000002
batch 281 y → probs → restore MSE: 0.000001
batch 282 y → probs → restore MSE: 0.000002
batch 283 y → probs → restore MSE: 0.000002
batch 284 y → probs → restore MSE: 0.000002
batch 285 y → probs → restore MSE: 0.000002
batch 286 y → probs → restore MSE: 0.000002
batch 287 y → probs → restore MSE: 0.000002
batch 288 y → probs → restore MSE: 0.000002
batch 289 y → probs → restore MSE: 0.000002
batch 290 y → probs → restore MSE: 0.000004
batch 291 y → probs → restore MSE: 0.000002
batch 292 y → probs → restore MSE: 0.000002
batch 293 y → probs → restore MSE: 0.000002
batch 294 y → probs → restore MSE: 0.000006
batch 295 y → probs → restore MSE: 0.000017
batch 296 y → probs → restore MSE: 0.000019
batch 297 y → probs → restore MSE: 0.000016
batch 298 y → probs → restore MSE: 0.000010
batch 299 y → probs → restore MSE: 0.000004
batch 300 y → probs → restore MSE: 0.000002
batch 301 y → probs → restore MSE: 0.000002
batch 302 y → probs → restore MSE: 0.000002
batch 303 y → probs → restore MSE: 0.000003
batch 304 y → probs → restore MSE: 0.000003
batch 305 y → probs → restore MSE: 0.000003
batch 306 y → probs → restore MSE: 0.000003
batch 307 y → probs → restore MSE: 0.000002
batch 308 y → probs → restore MSE: 0.000002
batch 309 y → probs → restore MSE: 0.000002
batch 310 y → probs → restore MSE: 0.000002
batch 311 y → probs → restore MSE: 0.000002
batch 312 y → probs → restore MSE: 0.000002
batch 313 y → probs → restore MSE: 0.000002
batch 314 y → probs → restore MSE: 0.000002
batch 315 y → probs → restore MSE: 0.000002
batch 316 y → probs → restore MSE: 0.000001
batch 317 y → probs → restore MSE: 0.000002
batch 318 y → probs → restore MSE: 0.000002
batch 319 y → probs → restore MSE: 0.000002
batch 320 y → probs → restore MSE: 0.000002
batch 321 y → probs → restore MSE: 0.000002
batch 322 y → probs → restore MSE: 0.000002
batch 323 y → probs → restore MSE: 0.000002
batch 324 y → probs → restore MSE: 0.000002
batch 325 y → probs → restore MSE: 0.000001
batch 326 y → probs → restore MSE: 0.000002
batch 327 y → probs → restore MSE: 0.000002
batch 328 y → probs → restore MSE: 0.000002
batch 329 y → probs → restore MSE: 0.000002
batch 330 y → probs → restore MSE: 0.000002
batch 331 y → probs → restore MSE: 0.000002
batch 332 y → probs → restore MSE: 0.000002
batch 333 y → probs → restore MSE: 0.000002
batch 334 y → probs → restore MSE: 0.000002
batch 335 y → probs → restore MSE: 0.000003
batch 336 y → probs → restore MSE: 0.000002
batch 337 y → probs → restore MSE: 0.000002
batch 338 y → probs → restore MSE: 0.000002
batch 339 y → probs → restore MSE: 0.000002
batch 340 y → probs → restore MSE: 0.000002
batch 341 y → probs → restore MSE: 0.000002
batch 342 y → probs → restore MSE: 0.000002
batch 343 y → probs → restore MSE: 0.000002
batch 344 y → probs → restore MSE: 0.000002
batch 345 y → probs → restore MSE: 0.000002
batch 346 y → probs → restore MSE: 0.000003
batch 347 y → probs → restore MSE: 0.000002
batch 348 y → probs → restore MSE: 0.000002
batch 349 y → probs → restore MSE: 0.000002
batch 350 y → probs → restore MSE: 0.000003
batch 351 y → probs → restore MSE: 0.000003
batch 352 y → probs → restore MSE: 0.000004
batch 353 y → probs → restore MSE: 0.000005
batch 354 y → probs → restore MSE: 0.000004
mse:0.279241144657135, mae:0.36324670910835266
Use GPU: cuda:0
>>>>>>>start training : ETTm1_336_192_DLinear_ETTm1_ftM_sl336_pl192_sigma0.01_bins100_lossmse_Exp_3>>>>>>>>>>>>>>>>>>>>>>>>>>
train 34033
val 11329
>>> Start Training
Epoch: 1, Steps: 1063, Train Loss: 38.17145, Time: 93.71s
Validation loss decreased (inf --> 36.079269).  Saving model ...
Epoch: 2, Steps: 1063, Train Loss: 35.98238, Time: 93.64s
Validation loss decreased (36.079269 --> 35.326534).  Saving model ...
Epoch: 3, Steps: 1063, Train Loss: 35.35923, Time: 93.20s
Validation loss decreased (35.326534 --> 35.047062).  Saving model ...
Epoch: 4, Steps: 1063, Train Loss: 34.99360, Time: 93.13s
Validation loss decreased (35.047062 --> 34.922417).  Saving model ...
Epoch: 5, Steps: 1063, Train Loss: 34.73261, Time: 93.98s
Validation loss decreased (34.922417 --> 34.868671).  Saving model ...
Epoch: 6, Steps: 1063, Train Loss: 34.52666, Time: 93.01s
Validation loss decreased (34.868671 --> 34.790531).  Saving model ...
Epoch: 7, Steps: 1063, Train Loss: 34.35771, Time: 93.25s
Validation loss decreased (34.790531 --> 34.772427).  Saving model ...
Epoch: 8, Steps: 1063, Train Loss: 34.21303, Time: 93.07s
EarlyStopping counter: 1 out of 5
Epoch: 9, Steps: 1063, Train Loss: 34.08790, Time: 92.81s
EarlyStopping counter: 2 out of 5
Epoch: 10, Steps: 1063, Train Loss: 33.97720, Time: 93.50s
EarlyStopping counter: 3 out of 5
>>>>>>>testing : ETTm1_336_192_DLinear_ETTm1_ftM_sl336_pl192_sigma0.01_bins100_lossmse_Exp_3<<<<<<<<<<<<<<<<<<<<<<<<<<<<<<<<<
test 11329
batch 0 y → probs → restore MSE: 0.000001
batch 1 y → probs → restore MSE: 0.000002
batch 2 y → probs → restore MSE: 0.000002
batch 3 y → probs → restore MSE: 0.000002
batch 4 y → probs → restore MSE: 0.000002
batch 5 y → probs → restore MSE: 0.000001
batch 6 y → probs → restore MSE: 0.000001
batch 7 y → probs → restore MSE: 0.000002
batch 8 y → probs → restore MSE: 0.000002
batch 9 y → probs → restore MSE: 0.000002
batch 10 y → probs → restore MSE: 0.000001
batch 11 y → probs → restore MSE: 0.000001
batch 12 y → probs → restore MSE: 0.000001
batch 13 y → probs → restore MSE: 0.000001
batch 14 y → probs → restore MSE: 0.000001
batch 15 y → probs → restore MSE: 0.000001
batch 16 y → probs → restore MSE: 0.000001
batch 17 y → probs → restore MSE: 0.000001
batch 18 y → probs → restore MSE: 0.000006
batch 19 y → probs → restore MSE: 0.000016
batch 20 y → probs → restore MSE: 0.000018
batch 21 y → probs → restore MSE: 0.000010
batch 22 y → probs → restore MSE: 0.000006
batch 23 y → probs → restore MSE: 0.000003
batch 24 y → probs → restore MSE: 0.000002
batch 25 y → probs → restore MSE: 0.000001
batch 26 y → probs → restore MSE: 0.000001
batch 27 y → probs → restore MSE: 0.000001
batch 28 y → probs → restore MSE: 0.000001
batch 29 y → probs → restore MSE: 0.000001
batch 30 y → probs → restore MSE: 0.000002
batch 31 y → probs → restore MSE: 0.000002
batch 32 y → probs → restore MSE: 0.000002
batch 33 y → probs → restore MSE: 0.000002
batch 34 y → probs → restore MSE: 0.000002
batch 35 y → probs → restore MSE: 0.000002
batch 36 y → probs → restore MSE: 0.000002
batch 37 y → probs → restore MSE: 0.000001
batch 38 y → probs → restore MSE: 0.000001
batch 39 y → probs → restore MSE: 0.000001
batch 40 y → probs → restore MSE: 0.000001
batch 41 y → probs → restore MSE: 0.000001
batch 42 y → probs → restore MSE: 0.000001
batch 43 y → probs → restore MSE: 0.000002
batch 44 y → probs → restore MSE: 0.000002
batch 45 y → probs → restore MSE: 0.000001
batch 46 y → probs → restore MSE: 0.000001
batch 47 y → probs → restore MSE: 0.000001
batch 48 y → probs → restore MSE: 0.000002
batch 49 y → probs → restore MSE: 0.000002
batch 50 y → probs → restore MSE: 0.000002
batch 51 y → probs → restore MSE: 0.000002
batch 52 y → probs → restore MSE: 0.000002
batch 53 y → probs → restore MSE: 0.000002
batch 54 y → probs → restore MSE: 0.000002
batch 55 y → probs → restore MSE: 0.000002
batch 56 y → probs → restore MSE: 0.000002
batch 57 y → probs → restore MSE: 0.000002
batch 58 y → probs → restore MSE: 0.000001
batch 59 y → probs → restore MSE: 0.000001
batch 60 y → probs → restore MSE: 0.000001
batch 61 y → probs → restore MSE: 0.000001
batch 62 y → probs → restore MSE: 0.000001
batch 63 y → probs → restore MSE: 0.000001
batch 64 y → probs → restore MSE: 0.000001
batch 65 y → probs → restore MSE: 0.000001
batch 66 y → probs → restore MSE: 0.000002
batch 67 y → probs → restore MSE: 0.000002
batch 68 y → probs → restore MSE: 0.000002
batch 69 y → probs → restore MSE: 0.000002
batch 70 y → probs → restore MSE: 0.000002
batch 71 y → probs → restore MSE: 0.000002
batch 72 y → probs → restore MSE: 0.000002
batch 73 y → probs → restore MSE: 0.000002
batch 74 y → probs → restore MSE: 0.000002
batch 75 y → probs → restore MSE: 0.000002
batch 76 y → probs → restore MSE: 0.000002
batch 77 y → probs → restore MSE: 0.000002
batch 78 y → probs → restore MSE: 0.000001
batch 79 y → probs → restore MSE: 0.000001
batch 80 y → probs → restore MSE: 0.000001
batch 81 y → probs → restore MSE: 0.000001
batch 82 y → probs → restore MSE: 0.000002
batch 83 y → probs → restore MSE: 0.000002
batch 84 y → probs → restore MSE: 0.000002
batch 85 y → probs → restore MSE: 0.000001
batch 86 y → probs → restore MSE: 0.000001
batch 87 y → probs → restore MSE: 0.000001
batch 88 y → probs → restore MSE: 0.000001
batch 89 y → probs → restore MSE: 0.000001
batch 90 y → probs → restore MSE: 0.000001
batch 91 y → probs → restore MSE: 0.000001
batch 92 y → probs → restore MSE: 0.000001
batch 93 y → probs → restore MSE: 0.000001
batch 94 y → probs → restore MSE: 0.000001
batch 95 y → probs → restore MSE: 0.000001
batch 96 y → probs → restore MSE: 0.000001
batch 97 y → probs → restore MSE: 0.000001
batch 98 y → probs → restore MSE: 0.000001
batch 99 y → probs → restore MSE: 0.000002
batch 100 y → probs → restore MSE: 0.000002
batch 101 y → probs → restore MSE: 0.000002
batch 102 y → probs → restore MSE: 0.000002
batch 103 y → probs → restore MSE: 0.000002
batch 104 y → probs → restore MSE: 0.000001
batch 105 y → probs → restore MSE: 0.000001
batch 106 y → probs → restore MSE: 0.000001
batch 107 y → probs → restore MSE: 0.000001
batch 108 y → probs → restore MSE: 0.000001
batch 109 y → probs → restore MSE: 0.000001
batch 110 y → probs → restore MSE: 0.000001
batch 111 y → probs → restore MSE: 0.000001
batch 112 y → probs → restore MSE: 0.000001
batch 113 y → probs → restore MSE: 0.000001
batch 114 y → probs → restore MSE: 0.000001
batch 115 y → probs → restore MSE: 0.000001
batch 116 y → probs → restore MSE: 0.000001
batch 117 y → probs → restore MSE: 0.000002
batch 118 y → probs → restore MSE: 0.000002
batch 119 y → probs → restore MSE: 0.000002
batch 120 y → probs → restore MSE: 0.000002
batch 121 y → probs → restore MSE: 0.000001
batch 122 y → probs → restore MSE: 0.000002
batch 123 y → probs → restore MSE: 0.000002
batch 124 y → probs → restore MSE: 0.000002
batch 125 y → probs → restore MSE: 0.000002
batch 126 y → probs → restore MSE: 0.000002
batch 127 y → probs → restore MSE: 0.000002
batch 128 y → probs → restore MSE: 0.000002
batch 129 y → probs → restore MSE: 0.000002
batch 130 y → probs → restore MSE: 0.000002
batch 131 y → probs → restore MSE: 0.000002
batch 132 y → probs → restore MSE: 0.000002
batch 133 y → probs → restore MSE: 0.000001
batch 134 y → probs → restore MSE: 0.000002
batch 135 y → probs → restore MSE: 0.000002
batch 136 y → probs → restore MSE: 0.000002
batch 137 y → probs → restore MSE: 0.000002
batch 138 y → probs → restore MSE: 0.000002
batch 139 y → probs → restore MSE: 0.000002
batch 140 y → probs → restore MSE: 0.000002
batch 141 y → probs → restore MSE: 0.000002
batch 142 y → probs → restore MSE: 0.000002
batch 143 y → probs → restore MSE: 0.000002
batch 144 y → probs → restore MSE: 0.000002
batch 145 y → probs → restore MSE: 0.000002
batch 146 y → probs → restore MSE: 0.000002
batch 147 y → probs → restore MSE: 0.000001
batch 148 y → probs → restore MSE: 0.000002
batch 149 y → probs → restore MSE: 0.000002
batch 150 y → probs → restore MSE: 0.000002
batch 151 y → probs → restore MSE: 0.000002
batch 152 y → probs → restore MSE: 0.000002
batch 153 y → probs → restore MSE: 0.000002
batch 154 y → probs → restore MSE: 0.000002
batch 155 y → probs → restore MSE: 0.000002
batch 156 y → probs → restore MSE: 0.000002
batch 157 y → probs → restore MSE: 0.000002
batch 158 y → probs → restore MSE: 0.000002
batch 159 y → probs → restore MSE: 0.000001
batch 160 y → probs → restore MSE: 0.000001
batch 161 y → probs → restore MSE: 0.000002
batch 162 y → probs → restore MSE: 0.000002
batch 163 y → probs → restore MSE: 0.000001
batch 164 y → probs → restore MSE: 0.000001
batch 165 y → probs → restore MSE: 0.000001
batch 166 y → probs → restore MSE: 0.000002
batch 167 y → probs → restore MSE: 0.000002
batch 168 y → probs → restore MSE: 0.000002
batch 169 y → probs → restore MSE: 0.000002
batch 170 y → probs → restore MSE: 0.000002
batch 171 y → probs → restore MSE: 0.000002
batch 172 y → probs → restore MSE: 0.000002
batch 173 y → probs → restore MSE: 0.000001
batch 174 y → probs → restore MSE: 0.000001
batch 175 y → probs → restore MSE: 0.000001
batch 176 y → probs → restore MSE: 0.000001
batch 177 y → probs → restore MSE: 0.000001
batch 178 y → probs → restore MSE: 0.000001
batch 179 y → probs → restore MSE: 0.000001
batch 180 y → probs → restore MSE: 0.000001
batch 181 y → probs → restore MSE: 0.000001
batch 182 y → probs → restore MSE: 0.000001
batch 183 y → probs → restore MSE: 0.000001
batch 184 y → probs → restore MSE: 0.000002
batch 185 y → probs → restore MSE: 0.000002
batch 186 y → probs → restore MSE: 0.000002
batch 187 y → probs → restore MSE: 0.000001
batch 188 y → probs → restore MSE: 0.000001
batch 189 y → probs → restore MSE: 0.000002
batch 190 y → probs → restore MSE: 0.000002
batch 191 y → probs → restore MSE: 0.000002
batch 192 y → probs → restore MSE: 0.000002
batch 193 y → probs → restore MSE: 0.000002
batch 194 y → probs → restore MSE: 0.000002
batch 195 y → probs → restore MSE: 0.000001
batch 196 y → probs → restore MSE: 0.000001
batch 197 y → probs → restore MSE: 0.000001
batch 198 y → probs → restore MSE: 0.000001
batch 199 y → probs → restore MSE: 0.000001
batch 200 y → probs → restore MSE: 0.000001
batch 201 y → probs → restore MSE: 0.000001
batch 202 y → probs → restore MSE: 0.000001
batch 203 y → probs → restore MSE: 0.000002
batch 204 y → probs → restore MSE: 0.000002
batch 205 y → probs → restore MSE: 0.000002
batch 206 y → probs → restore MSE: 0.000002
batch 207 y → probs → restore MSE: 0.000002
batch 208 y → probs → restore MSE: 0.000002
batch 209 y → probs → restore MSE: 0.000001
batch 210 y → probs → restore MSE: 0.000002
batch 211 y → probs → restore MSE: 0.000002
batch 212 y → probs → restore MSE: 0.000002
batch 213 y → probs → restore MSE: 0.000002
batch 214 y → probs → restore MSE: 0.000002
batch 215 y → probs → restore MSE: 0.000002
batch 216 y → probs → restore MSE: 0.000002
batch 217 y → probs → restore MSE: 0.000002
batch 218 y → probs → restore MSE: 0.000002
batch 219 y → probs → restore MSE: 0.000002
batch 220 y → probs → restore MSE: 0.000002
batch 221 y → probs → restore MSE: 0.000002
batch 222 y → probs → restore MSE: 0.000002
batch 223 y → probs → restore MSE: 0.000002
batch 224 y → probs → restore MSE: 0.000002
batch 225 y → probs → restore MSE: 0.000002
batch 226 y → probs → restore MSE: 0.000002
batch 227 y → probs → restore MSE: 0.000002
batch 228 y → probs → restore MSE: 0.000002
batch 229 y → probs → restore MSE: 0.000002
batch 230 y → probs → restore MSE: 0.000002
batch 231 y → probs → restore MSE: 0.000002
batch 232 y → probs → restore MSE: 0.000002
batch 233 y → probs → restore MSE: 0.000002
batch 234 y → probs → restore MSE: 0.000002
batch 235 y → probs → restore MSE: 0.000002
batch 236 y → probs → restore MSE: 0.000002
batch 237 y → probs → restore MSE: 0.000001
batch 238 y → probs → restore MSE: 0.000001
batch 239 y → probs → restore MSE: 0.000001
batch 240 y → probs → restore MSE: 0.000001
batch 241 y → probs → restore MSE: 0.000001
batch 242 y → probs → restore MSE: 0.000001
batch 243 y → probs → restore MSE: 0.000002
batch 244 y → probs → restore MSE: 0.000002
batch 245 y → probs → restore MSE: 0.000002
batch 246 y → probs → restore MSE: 0.000002
batch 247 y → probs → restore MSE: 0.000002
batch 248 y → probs → restore MSE: 0.000001
batch 249 y → probs → restore MSE: 0.000001
batch 250 y → probs → restore MSE: 0.000001
batch 251 y → probs → restore MSE: 0.000001
batch 252 y → probs → restore MSE: 0.000001
batch 253 y → probs → restore MSE: 0.000001
batch 254 y → probs → restore MSE: 0.000002
batch 255 y → probs → restore MSE: 0.000002
batch 256 y → probs → restore MSE: 0.000002
batch 257 y → probs → restore MSE: 0.000002
batch 258 y → probs → restore MSE: 0.000002
batch 259 y → probs → restore MSE: 0.000002
batch 260 y → probs → restore MSE: 0.000002
batch 261 y → probs → restore MSE: 0.000002
batch 262 y → probs → restore MSE: 0.000002
batch 263 y → probs → restore MSE: 0.000002
batch 264 y → probs → restore MSE: 0.000001
batch 265 y → probs → restore MSE: 0.000001
batch 266 y → probs → restore MSE: 0.000001
batch 267 y → probs → restore MSE: 0.000001
batch 268 y → probs → restore MSE: 0.000001
batch 269 y → probs → restore MSE: 0.000001
batch 270 y → probs → restore MSE: 0.000001
batch 271 y → probs → restore MSE: 0.000002
batch 272 y → probs → restore MSE: 0.000001
batch 273 y → probs → restore MSE: 0.000001
batch 274 y → probs → restore MSE: 0.000002
batch 275 y → probs → restore MSE: 0.000002
batch 276 y → probs → restore MSE: 0.000002
batch 277 y → probs → restore MSE: 0.000003
batch 278 y → probs → restore MSE: 0.000002
batch 279 y → probs → restore MSE: 0.000001
batch 280 y → probs → restore MSE: 0.000002
batch 281 y → probs → restore MSE: 0.000001
batch 282 y → probs → restore MSE: 0.000002
batch 283 y → probs → restore MSE: 0.000002
batch 284 y → probs → restore MSE: 0.000002
batch 285 y → probs → restore MSE: 0.000002
batch 286 y → probs → restore MSE: 0.000002
batch 287 y → probs → restore MSE: 0.000002
batch 288 y → probs → restore MSE: 0.000002
batch 289 y → probs → restore MSE: 0.000002
batch 290 y → probs → restore MSE: 0.000004
batch 291 y → probs → restore MSE: 0.000002
batch 292 y → probs → restore MSE: 0.000002
batch 293 y → probs → restore MSE: 0.000002
batch 294 y → probs → restore MSE: 0.000006
batch 295 y → probs → restore MSE: 0.000017
batch 296 y → probs → restore MSE: 0.000019
batch 297 y → probs → restore MSE: 0.000016
batch 298 y → probs → restore MSE: 0.000010
batch 299 y → probs → restore MSE: 0.000004
batch 300 y → probs → restore MSE: 0.000002
batch 301 y → probs → restore MSE: 0.000002
batch 302 y → probs → restore MSE: 0.000002
batch 303 y → probs → restore MSE: 0.000003
batch 304 y → probs → restore MSE: 0.000003
batch 305 y → probs → restore MSE: 0.000003
batch 306 y → probs → restore MSE: 0.000003
batch 307 y → probs → restore MSE: 0.000002
batch 308 y → probs → restore MSE: 0.000002
batch 309 y → probs → restore MSE: 0.000002
batch 310 y → probs → restore MSE: 0.000002
batch 311 y → probs → restore MSE: 0.000002
batch 312 y → probs → restore MSE: 0.000002
batch 313 y → probs → restore MSE: 0.000002
batch 314 y → probs → restore MSE: 0.000002
batch 315 y → probs → restore MSE: 0.000002
batch 316 y → probs → restore MSE: 0.000001
batch 317 y → probs → restore MSE: 0.000002
batch 318 y → probs → restore MSE: 0.000002
batch 319 y → probs → restore MSE: 0.000002
batch 320 y → probs → restore MSE: 0.000002
batch 321 y → probs → restore MSE: 0.000002
batch 322 y → probs → restore MSE: 0.000002
batch 323 y → probs → restore MSE: 0.000002
batch 324 y → probs → restore MSE: 0.000002
batch 325 y → probs → restore MSE: 0.000001
batch 326 y → probs → restore MSE: 0.000002
batch 327 y → probs → restore MSE: 0.000002
batch 328 y → probs → restore MSE: 0.000002
batch 329 y → probs → restore MSE: 0.000002
batch 330 y → probs → restore MSE: 0.000002
batch 331 y → probs → restore MSE: 0.000002
batch 332 y → probs → restore MSE: 0.000002
batch 333 y → probs → restore MSE: 0.000002
batch 334 y → probs → restore MSE: 0.000002
batch 335 y → probs → restore MSE: 0.000003
batch 336 y → probs → restore MSE: 0.000002
batch 337 y → probs → restore MSE: 0.000002
batch 338 y → probs → restore MSE: 0.000002
batch 339 y → probs → restore MSE: 0.000002
batch 340 y → probs → restore MSE: 0.000002
batch 341 y → probs → restore MSE: 0.000002
batch 342 y → probs → restore MSE: 0.000002
batch 343 y → probs → restore MSE: 0.000002
batch 344 y → probs → restore MSE: 0.000002
batch 345 y → probs → restore MSE: 0.000002
batch 346 y → probs → restore MSE: 0.000003
batch 347 y → probs → restore MSE: 0.000002
batch 348 y → probs → restore MSE: 0.000002
batch 349 y → probs → restore MSE: 0.000002
batch 350 y → probs → restore MSE: 0.000003
batch 351 y → probs → restore MSE: 0.000003
batch 352 y → probs → restore MSE: 0.000004
batch 353 y → probs → restore MSE: 0.000005
batch 354 y → probs → restore MSE: 0.000004
mse:0.27901437878608704, mae:0.3628528118133545
Use GPU: cuda:0
>>>>>>>start training : ETTm1_336_192_DLinear_ETTm1_ftM_sl336_pl192_sigma0.01_bins100_lossmse_Exp_4>>>>>>>>>>>>>>>>>>>>>>>>>>
train 34033
val 11329
>>> Start Training
Epoch: 1, Steps: 1063, Train Loss: 38.15531, Time: 93.07s
Validation loss decreased (inf --> 36.058708).  Saving model ...
Epoch: 2, Steps: 1063, Train Loss: 35.97721, Time: 93.24s
Validation loss decreased (36.058708 --> 35.309849).  Saving model ...
Epoch: 3, Steps: 1063, Train Loss: 35.35955, Time: 92.74s
Validation loss decreased (35.309849 --> 35.040409).  Saving model ...
Epoch: 4, Steps: 1063, Train Loss: 34.99301, Time: 93.60s
Validation loss decreased (35.040409 --> 34.913540).  Saving model ...
Epoch: 5, Steps: 1063, Train Loss: 34.73465, Time: 93.96s
Validation loss decreased (34.913540 --> 34.823364).  Saving model ...
Epoch: 6, Steps: 1063, Train Loss: 34.52823, Time: 93.25s
Validation loss decreased (34.823364 --> 34.796059).  Saving model ...
Epoch: 7, Steps: 1063, Train Loss: 34.35658, Time: 93.41s
Validation loss decreased (34.796059 --> 34.792774).  Saving model ...
Epoch: 8, Steps: 1063, Train Loss: 34.21407, Time: 93.20s
Validation loss decreased (34.792774 --> 34.769844).  Saving model ...
Epoch: 9, Steps: 1063, Train Loss: 34.09076, Time: 93.21s
EarlyStopping counter: 1 out of 5
Epoch: 10, Steps: 1063, Train Loss: 33.98033, Time: 93.14s
EarlyStopping counter: 2 out of 5
>>>>>>>testing : ETTm1_336_192_DLinear_ETTm1_ftM_sl336_pl192_sigma0.01_bins100_lossmse_Exp_4<<<<<<<<<<<<<<<<<<<<<<<<<<<<<<<<<
test 11329
batch 0 y → probs → restore MSE: 0.000001
batch 1 y → probs → restore MSE: 0.000002
batch 2 y → probs → restore MSE: 0.000002
batch 3 y → probs → restore MSE: 0.000002
batch 4 y → probs → restore MSE: 0.000002
batch 5 y → probs → restore MSE: 0.000001
batch 6 y → probs → restore MSE: 0.000001
batch 7 y → probs → restore MSE: 0.000002
batch 8 y → probs → restore MSE: 0.000002
batch 9 y → probs → restore MSE: 0.000002
batch 10 y → probs → restore MSE: 0.000001
batch 11 y → probs → restore MSE: 0.000001
batch 12 y → probs → restore MSE: 0.000001
batch 13 y → probs → restore MSE: 0.000001
batch 14 y → probs → restore MSE: 0.000001
batch 15 y → probs → restore MSE: 0.000001
batch 16 y → probs → restore MSE: 0.000001
batch 17 y → probs → restore MSE: 0.000001
batch 18 y → probs → restore MSE: 0.000006
batch 19 y → probs → restore MSE: 0.000016
batch 20 y → probs → restore MSE: 0.000018
batch 21 y → probs → restore MSE: 0.000010
batch 22 y → probs → restore MSE: 0.000006
batch 23 y → probs → restore MSE: 0.000003
batch 24 y → probs → restore MSE: 0.000002
batch 25 y → probs → restore MSE: 0.000001
batch 26 y → probs → restore MSE: 0.000001
batch 27 y → probs → restore MSE: 0.000001
batch 28 y → probs → restore MSE: 0.000001
batch 29 y → probs → restore MSE: 0.000001
batch 30 y → probs → restore MSE: 0.000002
batch 31 y → probs → restore MSE: 0.000002
batch 32 y → probs → restore MSE: 0.000002
batch 33 y → probs → restore MSE: 0.000002
batch 34 y → probs → restore MSE: 0.000002
batch 35 y → probs → restore MSE: 0.000002
batch 36 y → probs → restore MSE: 0.000002
batch 37 y → probs → restore MSE: 0.000001
batch 38 y → probs → restore MSE: 0.000001
batch 39 y → probs → restore MSE: 0.000001
batch 40 y → probs → restore MSE: 0.000001
batch 41 y → probs → restore MSE: 0.000001
batch 42 y → probs → restore MSE: 0.000001
batch 43 y → probs → restore MSE: 0.000002
batch 44 y → probs → restore MSE: 0.000002
batch 45 y → probs → restore MSE: 0.000001
batch 46 y → probs → restore MSE: 0.000001
batch 47 y → probs → restore MSE: 0.000001
batch 48 y → probs → restore MSE: 0.000002
batch 49 y → probs → restore MSE: 0.000002
batch 50 y → probs → restore MSE: 0.000002
batch 51 y → probs → restore MSE: 0.000002
batch 52 y → probs → restore MSE: 0.000002
batch 53 y → probs → restore MSE: 0.000002
batch 54 y → probs → restore MSE: 0.000002
batch 55 y → probs → restore MSE: 0.000002
batch 56 y → probs → restore MSE: 0.000002
batch 57 y → probs → restore MSE: 0.000002
batch 58 y → probs → restore MSE: 0.000001
batch 59 y → probs → restore MSE: 0.000001
batch 60 y → probs → restore MSE: 0.000001
batch 61 y → probs → restore MSE: 0.000001
batch 62 y → probs → restore MSE: 0.000001
batch 63 y → probs → restore MSE: 0.000001
batch 64 y → probs → restore MSE: 0.000001
batch 65 y → probs → restore MSE: 0.000001
batch 66 y → probs → restore MSE: 0.000002
batch 67 y → probs → restore MSE: 0.000002
batch 68 y → probs → restore MSE: 0.000002
batch 69 y → probs → restore MSE: 0.000002
batch 70 y → probs → restore MSE: 0.000002
batch 71 y → probs → restore MSE: 0.000002
batch 72 y → probs → restore MSE: 0.000002
batch 73 y → probs → restore MSE: 0.000002
batch 74 y → probs → restore MSE: 0.000002
batch 75 y → probs → restore MSE: 0.000002
batch 76 y → probs → restore MSE: 0.000002
batch 77 y → probs → restore MSE: 0.000002
batch 78 y → probs → restore MSE: 0.000001
batch 79 y → probs → restore MSE: 0.000001
batch 80 y → probs → restore MSE: 0.000001
batch 81 y → probs → restore MSE: 0.000001
batch 82 y → probs → restore MSE: 0.000002
batch 83 y → probs → restore MSE: 0.000002
batch 84 y → probs → restore MSE: 0.000002
batch 85 y → probs → restore MSE: 0.000001
batch 86 y → probs → restore MSE: 0.000001
batch 87 y → probs → restore MSE: 0.000001
batch 88 y → probs → restore MSE: 0.000001
batch 89 y → probs → restore MSE: 0.000001
batch 90 y → probs → restore MSE: 0.000001
batch 91 y → probs → restore MSE: 0.000001
batch 92 y → probs → restore MSE: 0.000001
batch 93 y → probs → restore MSE: 0.000001
batch 94 y → probs → restore MSE: 0.000001
batch 95 y → probs → restore MSE: 0.000001
batch 96 y → probs → restore MSE: 0.000001
batch 97 y → probs → restore MSE: 0.000001
batch 98 y → probs → restore MSE: 0.000001
batch 99 y → probs → restore MSE: 0.000002
batch 100 y → probs → restore MSE: 0.000002
batch 101 y → probs → restore MSE: 0.000002
batch 102 y → probs → restore MSE: 0.000002
batch 103 y → probs → restore MSE: 0.000002
batch 104 y → probs → restore MSE: 0.000001
batch 105 y → probs → restore MSE: 0.000001
batch 106 y → probs → restore MSE: 0.000001
batch 107 y → probs → restore MSE: 0.000001
batch 108 y → probs → restore MSE: 0.000001
batch 109 y → probs → restore MSE: 0.000001
batch 110 y → probs → restore MSE: 0.000001
batch 111 y → probs → restore MSE: 0.000001
batch 112 y → probs → restore MSE: 0.000001
batch 113 y → probs → restore MSE: 0.000001
batch 114 y → probs → restore MSE: 0.000001
batch 115 y → probs → restore MSE: 0.000001
batch 116 y → probs → restore MSE: 0.000001
batch 117 y → probs → restore MSE: 0.000002
batch 118 y → probs → restore MSE: 0.000002
batch 119 y → probs → restore MSE: 0.000002
batch 120 y → probs → restore MSE: 0.000002
batch 121 y → probs → restore MSE: 0.000001
batch 122 y → probs → restore MSE: 0.000002
batch 123 y → probs → restore MSE: 0.000002
batch 124 y → probs → restore MSE: 0.000002
batch 125 y → probs → restore MSE: 0.000002
batch 126 y → probs → restore MSE: 0.000002
batch 127 y → probs → restore MSE: 0.000002
batch 128 y → probs → restore MSE: 0.000002
batch 129 y → probs → restore MSE: 0.000002
batch 130 y → probs → restore MSE: 0.000002
batch 131 y → probs → restore MSE: 0.000002
batch 132 y → probs → restore MSE: 0.000002
batch 133 y → probs → restore MSE: 0.000001
batch 134 y → probs → restore MSE: 0.000002
batch 135 y → probs → restore MSE: 0.000002
batch 136 y → probs → restore MSE: 0.000002
batch 137 y → probs → restore MSE: 0.000002
batch 138 y → probs → restore MSE: 0.000002
batch 139 y → probs → restore MSE: 0.000002
batch 140 y → probs → restore MSE: 0.000002
batch 141 y → probs → restore MSE: 0.000002
batch 142 y → probs → restore MSE: 0.000002
batch 143 y → probs → restore MSE: 0.000002
batch 144 y → probs → restore MSE: 0.000002
batch 145 y → probs → restore MSE: 0.000002
batch 146 y → probs → restore MSE: 0.000002
batch 147 y → probs → restore MSE: 0.000001
batch 148 y → probs → restore MSE: 0.000002
batch 149 y → probs → restore MSE: 0.000002
batch 150 y → probs → restore MSE: 0.000002
batch 151 y → probs → restore MSE: 0.000002
batch 152 y → probs → restore MSE: 0.000002
batch 153 y → probs → restore MSE: 0.000002
batch 154 y → probs → restore MSE: 0.000002
batch 155 y → probs → restore MSE: 0.000002
batch 156 y → probs → restore MSE: 0.000002
batch 157 y → probs → restore MSE: 0.000002
batch 158 y → probs → restore MSE: 0.000002
batch 159 y → probs → restore MSE: 0.000001
batch 160 y → probs → restore MSE: 0.000001
batch 161 y → probs → restore MSE: 0.000002
batch 162 y → probs → restore MSE: 0.000002
batch 163 y → probs → restore MSE: 0.000001
batch 164 y → probs → restore MSE: 0.000001
batch 165 y → probs → restore MSE: 0.000001
batch 166 y → probs → restore MSE: 0.000002
batch 167 y → probs → restore MSE: 0.000002
batch 168 y → probs → restore MSE: 0.000002
batch 169 y → probs → restore MSE: 0.000002
batch 170 y → probs → restore MSE: 0.000002
batch 171 y → probs → restore MSE: 0.000002
batch 172 y → probs → restore MSE: 0.000002
batch 173 y → probs → restore MSE: 0.000001
batch 174 y → probs → restore MSE: 0.000001
batch 175 y → probs → restore MSE: 0.000001
batch 176 y → probs → restore MSE: 0.000001
batch 177 y → probs → restore MSE: 0.000001
batch 178 y → probs → restore MSE: 0.000001
batch 179 y → probs → restore MSE: 0.000001
batch 180 y → probs → restore MSE: 0.000001
batch 181 y → probs → restore MSE: 0.000001
batch 182 y → probs → restore MSE: 0.000001
batch 183 y → probs → restore MSE: 0.000001
batch 184 y → probs → restore MSE: 0.000002
batch 185 y → probs → restore MSE: 0.000002
batch 186 y → probs → restore MSE: 0.000002
batch 187 y → probs → restore MSE: 0.000001
batch 188 y → probs → restore MSE: 0.000001
batch 189 y → probs → restore MSE: 0.000002
batch 190 y → probs → restore MSE: 0.000002
batch 191 y → probs → restore MSE: 0.000002
batch 192 y → probs → restore MSE: 0.000002
batch 193 y → probs → restore MSE: 0.000002
batch 194 y → probs → restore MSE: 0.000002
batch 195 y → probs → restore MSE: 0.000001
batch 196 y → probs → restore MSE: 0.000001
batch 197 y → probs → restore MSE: 0.000001
batch 198 y → probs → restore MSE: 0.000001
batch 199 y → probs → restore MSE: 0.000001
batch 200 y → probs → restore MSE: 0.000001
batch 201 y → probs → restore MSE: 0.000001
batch 202 y → probs → restore MSE: 0.000001
batch 203 y → probs → restore MSE: 0.000002
batch 204 y → probs → restore MSE: 0.000002
batch 205 y → probs → restore MSE: 0.000002
batch 206 y → probs → restore MSE: 0.000002
batch 207 y → probs → restore MSE: 0.000002
batch 208 y → probs → restore MSE: 0.000002
batch 209 y → probs → restore MSE: 0.000001
batch 210 y → probs → restore MSE: 0.000002
batch 211 y → probs → restore MSE: 0.000002
batch 212 y → probs → restore MSE: 0.000002
batch 213 y → probs → restore MSE: 0.000002
batch 214 y → probs → restore MSE: 0.000002
batch 215 y → probs → restore MSE: 0.000002
batch 216 y → probs → restore MSE: 0.000002
batch 217 y → probs → restore MSE: 0.000002
batch 218 y → probs → restore MSE: 0.000002
batch 219 y → probs → restore MSE: 0.000002
batch 220 y → probs → restore MSE: 0.000002
batch 221 y → probs → restore MSE: 0.000002
batch 222 y → probs → restore MSE: 0.000002
batch 223 y → probs → restore MSE: 0.000002
batch 224 y → probs → restore MSE: 0.000002
batch 225 y → probs → restore MSE: 0.000002
batch 226 y → probs → restore MSE: 0.000002
batch 227 y → probs → restore MSE: 0.000002
batch 228 y → probs → restore MSE: 0.000002
batch 229 y → probs → restore MSE: 0.000002
batch 230 y → probs → restore MSE: 0.000002
batch 231 y → probs → restore MSE: 0.000002
batch 232 y → probs → restore MSE: 0.000002
batch 233 y → probs → restore MSE: 0.000002
batch 234 y → probs → restore MSE: 0.000002
batch 235 y → probs → restore MSE: 0.000002
batch 236 y → probs → restore MSE: 0.000002
batch 237 y → probs → restore MSE: 0.000001
batch 238 y → probs → restore MSE: 0.000001
batch 239 y → probs → restore MSE: 0.000001
batch 240 y → probs → restore MSE: 0.000001
batch 241 y → probs → restore MSE: 0.000001
batch 242 y → probs → restore MSE: 0.000001
batch 243 y → probs → restore MSE: 0.000002
batch 244 y → probs → restore MSE: 0.000002
batch 245 y → probs → restore MSE: 0.000002
batch 246 y → probs → restore MSE: 0.000002
batch 247 y → probs → restore MSE: 0.000002
batch 248 y → probs → restore MSE: 0.000001
batch 249 y → probs → restore MSE: 0.000001
batch 250 y → probs → restore MSE: 0.000001
batch 251 y → probs → restore MSE: 0.000001
batch 252 y → probs → restore MSE: 0.000001
batch 253 y → probs → restore MSE: 0.000001
batch 254 y → probs → restore MSE: 0.000002
batch 255 y → probs → restore MSE: 0.000002
batch 256 y → probs → restore MSE: 0.000002
batch 257 y → probs → restore MSE: 0.000002
batch 258 y → probs → restore MSE: 0.000002
batch 259 y → probs → restore MSE: 0.000002
batch 260 y → probs → restore MSE: 0.000002
batch 261 y → probs → restore MSE: 0.000002
batch 262 y → probs → restore MSE: 0.000002
batch 263 y → probs → restore MSE: 0.000002
batch 264 y → probs → restore MSE: 0.000001
batch 265 y → probs → restore MSE: 0.000001
batch 266 y → probs → restore MSE: 0.000001
batch 267 y → probs → restore MSE: 0.000001
batch 268 y → probs → restore MSE: 0.000001
batch 269 y → probs → restore MSE: 0.000001
batch 270 y → probs → restore MSE: 0.000001
batch 271 y → probs → restore MSE: 0.000002
batch 272 y → probs → restore MSE: 0.000001
batch 273 y → probs → restore MSE: 0.000001
batch 274 y → probs → restore MSE: 0.000002
batch 275 y → probs → restore MSE: 0.000002
batch 276 y → probs → restore MSE: 0.000002
batch 277 y → probs → restore MSE: 0.000003
batch 278 y → probs → restore MSE: 0.000002
batch 279 y → probs → restore MSE: 0.000001
batch 280 y → probs → restore MSE: 0.000002
batch 281 y → probs → restore MSE: 0.000001
batch 282 y → probs → restore MSE: 0.000002
batch 283 y → probs → restore MSE: 0.000002
batch 284 y → probs → restore MSE: 0.000002
batch 285 y → probs → restore MSE: 0.000002
batch 286 y → probs → restore MSE: 0.000002
batch 287 y → probs → restore MSE: 0.000002
batch 288 y → probs → restore MSE: 0.000002
batch 289 y → probs → restore MSE: 0.000002
batch 290 y → probs → restore MSE: 0.000004
batch 291 y → probs → restore MSE: 0.000002
batch 292 y → probs → restore MSE: 0.000002
batch 293 y → probs → restore MSE: 0.000002
batch 294 y → probs → restore MSE: 0.000006
batch 295 y → probs → restore MSE: 0.000017
batch 296 y → probs → restore MSE: 0.000019
batch 297 y → probs → restore MSE: 0.000016
batch 298 y → probs → restore MSE: 0.000010
batch 299 y → probs → restore MSE: 0.000004
batch 300 y → probs → restore MSE: 0.000002
batch 301 y → probs → restore MSE: 0.000002
batch 302 y → probs → restore MSE: 0.000002
batch 303 y → probs → restore MSE: 0.000003
batch 304 y → probs → restore MSE: 0.000003
batch 305 y → probs → restore MSE: 0.000003
batch 306 y → probs → restore MSE: 0.000003
batch 307 y → probs → restore MSE: 0.000002
batch 308 y → probs → restore MSE: 0.000002
batch 309 y → probs → restore MSE: 0.000002
batch 310 y → probs → restore MSE: 0.000002
batch 311 y → probs → restore MSE: 0.000002
batch 312 y → probs → restore MSE: 0.000002
batch 313 y → probs → restore MSE: 0.000002
batch 314 y → probs → restore MSE: 0.000002
batch 315 y → probs → restore MSE: 0.000002
batch 316 y → probs → restore MSE: 0.000001
batch 317 y → probs → restore MSE: 0.000002
batch 318 y → probs → restore MSE: 0.000002
batch 319 y → probs → restore MSE: 0.000002
batch 320 y → probs → restore MSE: 0.000002
batch 321 y → probs → restore MSE: 0.000002
batch 322 y → probs → restore MSE: 0.000002
batch 323 y → probs → restore MSE: 0.000002
batch 324 y → probs → restore MSE: 0.000002
batch 325 y → probs → restore MSE: 0.000001
batch 326 y → probs → restore MSE: 0.000002
batch 327 y → probs → restore MSE: 0.000002
batch 328 y → probs → restore MSE: 0.000002
batch 329 y → probs → restore MSE: 0.000002
batch 330 y → probs → restore MSE: 0.000002
batch 331 y → probs → restore MSE: 0.000002
batch 332 y → probs → restore MSE: 0.000002
batch 333 y → probs → restore MSE: 0.000002
batch 334 y → probs → restore MSE: 0.000002
batch 335 y → probs → restore MSE: 0.000003
batch 336 y → probs → restore MSE: 0.000002
batch 337 y → probs → restore MSE: 0.000002
batch 338 y → probs → restore MSE: 0.000002
batch 339 y → probs → restore MSE: 0.000002
batch 340 y → probs → restore MSE: 0.000002
batch 341 y → probs → restore MSE: 0.000002
batch 342 y → probs → restore MSE: 0.000002
batch 343 y → probs → restore MSE: 0.000002
batch 344 y → probs → restore MSE: 0.000002
batch 345 y → probs → restore MSE: 0.000002
batch 346 y → probs → restore MSE: 0.000003
batch 347 y → probs → restore MSE: 0.000002
batch 348 y → probs → restore MSE: 0.000002
batch 349 y → probs → restore MSE: 0.000002
batch 350 y → probs → restore MSE: 0.000003
batch 351 y → probs → restore MSE: 0.000003
batch 352 y → probs → restore MSE: 0.000004
batch 353 y → probs → restore MSE: 0.000005
batch 354 y → probs → restore MSE: 0.000004
mse:0.27971476316452026, mae:0.36405810713768005
[0m