Args in experiment:
Namespace(batch_size=32, checkpoints='./checkpoints/', data='ETTh2', data_path='ETTh2.csv', des='Exp', do_predict=False, enc_in=7, features='M', gpu=0, individual=False, is_training=1, itr=5, learning_rate=0.005, lradj='type1', model='DLinear', model_id='ETTh2_336_336', moving_avg=25, my_loss='mse', num_bins=100, patience=5, pred_len=336, root_path='./dataset/ETT/', seq_len=336, sigma=0.01, target='OT', test_flop=False, train_epochs=15, train_only=False, use_gpu=True)
Use GPU: cuda:0
>>>>>>>start training : ETTh2_336_336_DLinear_ETTh2_ftM_sl336_pl336_sigma0.01_bins100_lossmse_Exp_0>>>>>>>>>>>>>>>>>>>>>>>>>>
train 7969
val 2545
>>> Start Training
Epoch: 1, Steps: 249, Train Loss: 41.24815, Time: 31.85s
Validation loss decreased (inf --> 39.739872).  Saving model ...
Epoch: 2, Steps: 249, Train Loss: 39.58163, Time: 31.92s
EarlyStopping counter: 1 out of 5
Epoch: 3, Steps: 249, Train Loss: 38.40402, Time: 31.94s
EarlyStopping counter: 2 out of 5
Epoch: 4, Steps: 249, Train Loss: 37.30710, Time: 32.02s
EarlyStopping counter: 3 out of 5
Epoch: 5, Steps: 249, Train Loss: 36.40632, Time: 31.84s
EarlyStopping counter: 4 out of 5
Epoch: 6, Steps: 249, Train Loss: 35.54735, Time: 32.06s
EarlyStopping counter: 5 out of 5
Early stopping
>>>>>>>testing : ETTh2_336_336_DLinear_ETTh2_ftM_sl336_pl336_sigma0.01_bins100_lossmse_Exp_0<<<<<<<<<<<<<<<<<<<<<<<<<<<<<<<<<
test 2545
batch 0 y → probs → restore MSE: 0.000002
batch 1 y → probs → restore MSE: 0.000002
batch 2 y → probs → restore MSE: 0.000002
batch 3 y → probs → restore MSE: 0.000002
batch 4 y → probs → restore MSE: 0.000004
batch 5 y → probs → restore MSE: 0.000011
batch 6 y → probs → restore MSE: 0.000001
batch 7 y → probs → restore MSE: 0.000001
batch 8 y → probs → restore MSE: 0.000001
batch 9 y → probs → restore MSE: 0.000001
batch 10 y → probs → restore MSE: 0.000001
batch 11 y → probs → restore MSE: 0.000001
batch 12 y → probs → restore MSE: 0.000001
batch 13 y → probs → restore MSE: 0.000001
batch 14 y → probs → restore MSE: 0.000001
batch 15 y → probs → restore MSE: 0.000001
batch 16 y → probs → restore MSE: 0.000001
batch 17 y → probs → restore MSE: 0.000001
batch 18 y → probs → restore MSE: 0.000001
batch 19 y → probs → restore MSE: 0.000001
batch 20 y → probs → restore MSE: 0.000001
batch 21 y → probs → restore MSE: 0.000001
batch 22 y → probs → restore MSE: 0.000001
batch 23 y → probs → restore MSE: 0.000001
batch 24 y → probs → restore MSE: 0.000001
batch 25 y → probs → restore MSE: 0.000001
batch 26 y → probs → restore MSE: 0.000001
batch 27 y → probs → restore MSE: 0.000001
batch 28 y → probs → restore MSE: 0.000001
batch 29 y → probs → restore MSE: 0.000001
batch 30 y → probs → restore MSE: 0.000001
batch 31 y → probs → restore MSE: 0.000001
batch 32 y → probs → restore MSE: 0.000001
batch 33 y → probs → restore MSE: 0.000001
batch 34 y → probs → restore MSE: 0.000002
batch 35 y → probs → restore MSE: 0.000002
batch 36 y → probs → restore MSE: 0.000002
batch 37 y → probs → restore MSE: 0.000002
batch 38 y → probs → restore MSE: 0.000002
batch 39 y → probs → restore MSE: 0.000003
batch 40 y → probs → restore MSE: 0.000003
batch 41 y → probs → restore MSE: 0.000002
batch 42 y → probs → restore MSE: 0.000003
batch 43 y → probs → restore MSE: 0.000003
batch 44 y → probs → restore MSE: 0.000005
batch 45 y → probs → restore MSE: 0.000006
batch 46 y → probs → restore MSE: 0.000009
batch 47 y → probs → restore MSE: 0.000008
batch 48 y → probs → restore MSE: 0.000009
batch 49 y → probs → restore MSE: 0.000010
batch 50 y → probs → restore MSE: 0.000009
batch 51 y → probs → restore MSE: 0.000010
batch 52 y → probs → restore MSE: 0.000009
batch 53 y → probs → restore MSE: 0.000008
batch 54 y → probs → restore MSE: 0.000008
batch 55 y → probs → restore MSE: 0.000009
batch 56 y → probs → restore MSE: 0.000008
batch 57 y → probs → restore MSE: 0.000001
batch 58 y → probs → restore MSE: 0.000001
batch 59 y → probs → restore MSE: 0.000001
batch 60 y → probs → restore MSE: 0.000004
batch 61 y → probs → restore MSE: 0.000012
batch 62 y → probs → restore MSE: 0.000011
batch 63 y → probs → restore MSE: 0.000011
batch 64 y → probs → restore MSE: 0.000012
batch 65 y → probs → restore MSE: 0.000013
batch 66 y → probs → restore MSE: 0.000014
batch 67 y → probs → restore MSE: 0.000012
batch 68 y → probs → restore MSE: 0.000012
batch 69 y → probs → restore MSE: 0.000012
batch 70 y → probs → restore MSE: 0.000012
batch 71 y → probs → restore MSE: 0.000012
batch 72 y → probs → restore MSE: 0.000011
batch 73 y → probs → restore MSE: 0.000011
batch 74 y → probs → restore MSE: 0.000010
batch 75 y → probs → restore MSE: 0.000007
batch 76 y → probs → restore MSE: 0.000006
batch 77 y → probs → restore MSE: 0.000005
batch 78 y → probs → restore MSE: 0.000003
batch 79 y → probs → restore MSE: 0.000002
mse:0.3128719627857208, mae:0.3945237398147583
Use GPU: cuda:0
>>>>>>>start training : ETTh2_336_336_DLinear_ETTh2_ftM_sl336_pl336_sigma0.01_bins100_lossmse_Exp_1>>>>>>>>>>>>>>>>>>>>>>>>>>
train 7969
val 2545
>>> Start Training
Epoch: 1, Steps: 249, Train Loss: 41.20618, Time: 32.14s
Validation loss decreased (inf --> 40.145569).  Saving model ...
Epoch: 2, Steps: 249, Train Loss: 39.63927, Time: 32.06s
EarlyStopping counter: 1 out of 5
Epoch: 3, Steps: 249, Train Loss: 38.41365, Time: 32.06s
EarlyStopping counter: 2 out of 5
Epoch: 4, Steps: 249, Train Loss: 37.36673, Time: 31.82s
EarlyStopping counter: 3 out of 5
Epoch: 5, Steps: 249, Train Loss: 36.37190, Time: 31.75s
EarlyStopping counter: 4 out of 5
Epoch: 6, Steps: 249, Train Loss: 35.64809, Time: 31.97s
EarlyStopping counter: 5 out of 5
Early stopping
>>>>>>>testing : ETTh2_336_336_DLinear_ETTh2_ftM_sl336_pl336_sigma0.01_bins100_lossmse_Exp_1<<<<<<<<<<<<<<<<<<<<<<<<<<<<<<<<<
test 2545
batch 0 y → probs → restore MSE: 0.000002
batch 1 y → probs → restore MSE: 0.000002
batch 2 y → probs → restore MSE: 0.000002
batch 3 y → probs → restore MSE: 0.000002
batch 4 y → probs → restore MSE: 0.000004
batch 5 y → probs → restore MSE: 0.000011
batch 6 y → probs → restore MSE: 0.000001
batch 7 y → probs → restore MSE: 0.000001
batch 8 y → probs → restore MSE: 0.000001
batch 9 y → probs → restore MSE: 0.000001
batch 10 y → probs → restore MSE: 0.000001
batch 11 y → probs → restore MSE: 0.000001
batch 12 y → probs → restore MSE: 0.000001
batch 13 y → probs → restore MSE: 0.000001
batch 14 y → probs → restore MSE: 0.000001
batch 15 y → probs → restore MSE: 0.000001
batch 16 y → probs → restore MSE: 0.000001
batch 17 y → probs → restore MSE: 0.000001
batch 18 y → probs → restore MSE: 0.000001
batch 19 y → probs → restore MSE: 0.000001
batch 20 y → probs → restore MSE: 0.000001
batch 21 y → probs → restore MSE: 0.000001
batch 22 y → probs → restore MSE: 0.000001
batch 23 y → probs → restore MSE: 0.000001
batch 24 y → probs → restore MSE: 0.000001
batch 25 y → probs → restore MSE: 0.000001
batch 26 y → probs → restore MSE: 0.000001
batch 27 y → probs → restore MSE: 0.000001
batch 28 y → probs → restore MSE: 0.000001
batch 29 y → probs → restore MSE: 0.000001
batch 30 y → probs → restore MSE: 0.000001
batch 31 y → probs → restore MSE: 0.000001
batch 32 y → probs → restore MSE: 0.000001
batch 33 y → probs → restore MSE: 0.000001
batch 34 y → probs → restore MSE: 0.000002
batch 35 y → probs → restore MSE: 0.000002
batch 36 y → probs → restore MSE: 0.000002
batch 37 y → probs → restore MSE: 0.000002
batch 38 y → probs → restore MSE: 0.000002
batch 39 y → probs → restore MSE: 0.000003
batch 40 y → probs → restore MSE: 0.000003
batch 41 y → probs → restore MSE: 0.000002
batch 42 y → probs → restore MSE: 0.000003
batch 43 y → probs → restore MSE: 0.000003
batch 44 y → probs → restore MSE: 0.000005
batch 45 y → probs → restore MSE: 0.000006
batch 46 y → probs → restore MSE: 0.000009
batch 47 y → probs → restore MSE: 0.000008
batch 48 y → probs → restore MSE: 0.000009
batch 49 y → probs → restore MSE: 0.000010
batch 50 y → probs → restore MSE: 0.000009
batch 51 y → probs → restore MSE: 0.000010
batch 52 y → probs → restore MSE: 0.000009
batch 53 y → probs → restore MSE: 0.000008
batch 54 y → probs → restore MSE: 0.000008
batch 55 y → probs → restore MSE: 0.000009
batch 56 y → probs → restore MSE: 0.000008
batch 57 y → probs → restore MSE: 0.000001
batch 58 y → probs → restore MSE: 0.000001
batch 59 y → probs → restore MSE: 0.000001
batch 60 y → probs → restore MSE: 0.000004
batch 61 y → probs → restore MSE: 0.000012
batch 62 y → probs → restore MSE: 0.000011
batch 63 y → probs → restore MSE: 0.000011
batch 64 y → probs → restore MSE: 0.000012
batch 65 y → probs → restore MSE: 0.000013
batch 66 y → probs → restore MSE: 0.000014
batch 67 y → probs → restore MSE: 0.000012
batch 68 y → probs → restore MSE: 0.000012
batch 69 y → probs → restore MSE: 0.000012
batch 70 y → probs → restore MSE: 0.000012
batch 71 y → probs → restore MSE: 0.000012
batch 72 y → probs → restore MSE: 0.000011
batch 73 y → probs → restore MSE: 0.000011
batch 74 y → probs → restore MSE: 0.000010
batch 75 y → probs → restore MSE: 0.000007
batch 76 y → probs → restore MSE: 0.000006
batch 77 y → probs → restore MSE: 0.000005
batch 78 y → probs → restore MSE: 0.000003
batch 79 y → probs → restore MSE: 0.000002
mse:0.31885796785354614, mae:0.3990463614463806
Use GPU: cuda:0
>>>>>>>start training : ETTh2_336_336_DLinear_ETTh2_ftM_sl336_pl336_sigma0.01_bins100_lossmse_Exp_2>>>>>>>>>>>>>>>>>>>>>>>>>>
train 7969
val 2545
>>> Start Training
Epoch: 1, Steps: 249, Train Loss: 41.10911, Time: 32.01s
Validation loss decreased (inf --> 39.763073).  Saving model ...
Epoch: 2, Steps: 249, Train Loss: 39.72931, Time: 32.13s
EarlyStopping counter: 1 out of 5
Epoch: 3, Steps: 249, Train Loss: 38.46944, Time: 31.79s
EarlyStopping counter: 2 out of 5
Epoch: 4, Steps: 249, Train Loss: 37.28161, Time: 31.74s
EarlyStopping counter: 3 out of 5
Epoch: 5, Steps: 249, Train Loss: 36.38226, Time: 32.02s
EarlyStopping counter: 4 out of 5
Epoch: 6, Steps: 249, Train Loss: 35.69172, Time: 31.90s
EarlyStopping counter: 5 out of 5
Early stopping
>>>>>>>testing : ETTh2_336_336_DLinear_ETTh2_ftM_sl336_pl336_sigma0.01_bins100_lossmse_Exp_2<<<<<<<<<<<<<<<<<<<<<<<<<<<<<<<<<
test 2545
batch 0 y → probs → restore MSE: 0.000002
batch 1 y → probs → restore MSE: 0.000002
batch 2 y → probs → restore MSE: 0.000002
batch 3 y → probs → restore MSE: 0.000002
batch 4 y → probs → restore MSE: 0.000004
batch 5 y → probs → restore MSE: 0.000011
batch 6 y → probs → restore MSE: 0.000001
batch 7 y → probs → restore MSE: 0.000001
batch 8 y → probs → restore MSE: 0.000001
batch 9 y → probs → restore MSE: 0.000001
batch 10 y → probs → restore MSE: 0.000001
batch 11 y → probs → restore MSE: 0.000001
batch 12 y → probs → restore MSE: 0.000001
batch 13 y → probs → restore MSE: 0.000001
batch 14 y → probs → restore MSE: 0.000001
batch 15 y → probs → restore MSE: 0.000001
batch 16 y → probs → restore MSE: 0.000001
batch 17 y → probs → restore MSE: 0.000001
batch 18 y → probs → restore MSE: 0.000001
batch 19 y → probs → restore MSE: 0.000001
batch 20 y → probs → restore MSE: 0.000001
batch 21 y → probs → restore MSE: 0.000001
batch 22 y → probs → restore MSE: 0.000001
batch 23 y → probs → restore MSE: 0.000001
batch 24 y → probs → restore MSE: 0.000001
batch 25 y → probs → restore MSE: 0.000001
batch 26 y → probs → restore MSE: 0.000001
batch 27 y → probs → restore MSE: 0.000001
batch 28 y → probs → restore MSE: 0.000001
batch 29 y → probs → restore MSE: 0.000001
batch 30 y → probs → restore MSE: 0.000001
batch 31 y → probs → restore MSE: 0.000001
batch 32 y → probs → restore MSE: 0.000001
batch 33 y → probs → restore MSE: 0.000001
batch 34 y → probs → restore MSE: 0.000002
batch 35 y → probs → restore MSE: 0.000002
batch 36 y → probs → restore MSE: 0.000002
batch 37 y → probs → restore MSE: 0.000002
batch 38 y → probs → restore MSE: 0.000002
batch 39 y → probs → restore MSE: 0.000003
batch 40 y → probs → restore MSE: 0.000003
batch 41 y → probs → restore MSE: 0.000002
batch 42 y → probs → restore MSE: 0.000003
batch 43 y → probs → restore MSE: 0.000003
batch 44 y → probs → restore MSE: 0.000005
batch 45 y → probs → restore MSE: 0.000006
batch 46 y → probs → restore MSE: 0.000009
batch 47 y → probs → restore MSE: 0.000008
batch 48 y → probs → restore MSE: 0.000009
batch 49 y → probs → restore MSE: 0.000010
batch 50 y → probs → restore MSE: 0.000009
batch 51 y → probs → restore MSE: 0.000010
batch 52 y → probs → restore MSE: 0.000009
batch 53 y → probs → restore MSE: 0.000008
batch 54 y → probs → restore MSE: 0.000008
batch 55 y → probs → restore MSE: 0.000009
batch 56 y → probs → restore MSE: 0.000008
batch 57 y → probs → restore MSE: 0.000001
batch 58 y → probs → restore MSE: 0.000001
batch 59 y → probs → restore MSE: 0.000001
batch 60 y → probs → restore MSE: 0.000004
batch 61 y → probs → restore MSE: 0.000012
batch 62 y → probs → restore MSE: 0.000011
batch 63 y → probs → restore MSE: 0.000011
batch 64 y → probs → restore MSE: 0.000012
batch 65 y → probs → restore MSE: 0.000013
batch 66 y → probs → restore MSE: 0.000014
batch 67 y → probs → restore MSE: 0.000012
batch 68 y → probs → restore MSE: 0.000012
batch 69 y → probs → restore MSE: 0.000012
batch 70 y → probs → restore MSE: 0.000012
batch 71 y → probs → restore MSE: 0.000012
batch 72 y → probs → restore MSE: 0.000011
batch 73 y → probs → restore MSE: 0.000011
batch 74 y → probs → restore MSE: 0.000010
batch 75 y → probs → restore MSE: 0.000007
batch 76 y → probs → restore MSE: 0.000006
batch 77 y → probs → restore MSE: 0.000005
batch 78 y → probs → restore MSE: 0.000003
batch 79 y → probs → restore MSE: 0.000002
mse:0.3146991431713104, mae:0.3964533507823944
Use GPU: cuda:0
>>>>>>>start training : ETTh2_336_336_DLinear_ETTh2_ftM_sl336_pl336_sigma0.01_bins100_lossmse_Exp_3>>>>>>>>>>>>>>>>>>>>>>>>>>
train 7969
val 2545
>>> Start Training
Epoch: 1, Steps: 249, Train Loss: 41.14452, Time: 31.92s
Validation loss decreased (inf --> 39.619190).  Saving model ...
Epoch: 2, Steps: 249, Train Loss: 39.70611, Time: 31.95s
EarlyStopping counter: 1 out of 5
Epoch: 3, Steps: 249, Train Loss: 38.38668, Time: 31.74s
EarlyStopping counter: 2 out of 5
Epoch: 4, Steps: 249, Train Loss: 37.24361, Time: 31.99s
EarlyStopping counter: 3 out of 5
Epoch: 5, Steps: 249, Train Loss: 36.40079, Time: 31.70s
EarlyStopping counter: 4 out of 5
Epoch: 6, Steps: 249, Train Loss: 35.59965, Time: 31.97s
EarlyStopping counter: 5 out of 5
Early stopping
>>>>>>>testing : ETTh2_336_336_DLinear_ETTh2_ftM_sl336_pl336_sigma0.01_bins100_lossmse_Exp_3<<<<<<<<<<<<<<<<<<<<<<<<<<<<<<<<<
test 2545
batch 0 y → probs → restore MSE: 0.000002
batch 1 y → probs → restore MSE: 0.000002
batch 2 y → probs → restore MSE: 0.000002
batch 3 y → probs → restore MSE: 0.000002
batch 4 y → probs → restore MSE: 0.000004
batch 5 y → probs → restore MSE: 0.000011
batch 6 y → probs → restore MSE: 0.000001
batch 7 y → probs → restore MSE: 0.000001
batch 8 y → probs → restore MSE: 0.000001
batch 9 y → probs → restore MSE: 0.000001
batch 10 y → probs → restore MSE: 0.000001
batch 11 y → probs → restore MSE: 0.000001
batch 12 y → probs → restore MSE: 0.000001
batch 13 y → probs → restore MSE: 0.000001
batch 14 y → probs → restore MSE: 0.000001
batch 15 y → probs → restore MSE: 0.000001
batch 16 y → probs → restore MSE: 0.000001
batch 17 y → probs → restore MSE: 0.000001
batch 18 y → probs → restore MSE: 0.000001
batch 19 y → probs → restore MSE: 0.000001
batch 20 y → probs → restore MSE: 0.000001
batch 21 y → probs → restore MSE: 0.000001
batch 22 y → probs → restore MSE: 0.000001
batch 23 y → probs → restore MSE: 0.000001
batch 24 y → probs → restore MSE: 0.000001
batch 25 y → probs → restore MSE: 0.000001
batch 26 y → probs → restore MSE: 0.000001
batch 27 y → probs → restore MSE: 0.000001
batch 28 y → probs → restore MSE: 0.000001
batch 29 y → probs → restore MSE: 0.000001
batch 30 y → probs → restore MSE: 0.000001
batch 31 y → probs → restore MSE: 0.000001
batch 32 y → probs → restore MSE: 0.000001
batch 33 y → probs → restore MSE: 0.000001
batch 34 y → probs → restore MSE: 0.000002
batch 35 y → probs → restore MSE: 0.000002
batch 36 y → probs → restore MSE: 0.000002
batch 37 y → probs → restore MSE: 0.000002
batch 38 y → probs → restore MSE: 0.000002
batch 39 y → probs → restore MSE: 0.000003
batch 40 y → probs → restore MSE: 0.000003
batch 41 y → probs → restore MSE: 0.000002
batch 42 y → probs → restore MSE: 0.000003
batch 43 y → probs → restore MSE: 0.000003
batch 44 y → probs → restore MSE: 0.000005
batch 45 y → probs → restore MSE: 0.000006
batch 46 y → probs → restore MSE: 0.000009
batch 47 y → probs → restore MSE: 0.000008
batch 48 y → probs → restore MSE: 0.000009
batch 49 y → probs → restore MSE: 0.000010
batch 50 y → probs → restore MSE: 0.000009
batch 51 y → probs → restore MSE: 0.000010
batch 52 y → probs → restore MSE: 0.000009
batch 53 y → probs → restore MSE: 0.000008
batch 54 y → probs → restore MSE: 0.000008
batch 55 y → probs → restore MSE: 0.000009
batch 56 y → probs → restore MSE: 0.000008
batch 57 y → probs → restore MSE: 0.000001
batch 58 y → probs → restore MSE: 0.000001
batch 59 y → probs → restore MSE: 0.000001
batch 60 y → probs → restore MSE: 0.000004
batch 61 y → probs → restore MSE: 0.000012
batch 62 y → probs → restore MSE: 0.000011
batch 63 y → probs → restore MSE: 0.000011
batch 64 y → probs → restore MSE: 0.000012
batch 65 y → probs → restore MSE: 0.000013
batch 66 y → probs → restore MSE: 0.000014
batch 67 y → probs → restore MSE: 0.000012
batch 68 y → probs → restore MSE: 0.000012
batch 69 y → probs → restore MSE: 0.000012
batch 70 y → probs → restore MSE: 0.000012
batch 71 y → probs → restore MSE: 0.000012
batch 72 y → probs → restore MSE: 0.000011
batch 73 y → probs → restore MSE: 0.000011
batch 74 y → probs → restore MSE: 0.000010
batch 75 y → probs → restore MSE: 0.000007
batch 76 y → probs → restore MSE: 0.000006
batch 77 y → probs → restore MSE: 0.000005
batch 78 y → probs → restore MSE: 0.000003
batch 79 y → probs → restore MSE: 0.000002
mse:0.310480535030365, mae:0.3933425843715668
Use GPU: cuda:0
>>>>>>>start training : ETTh2_336_336_DLinear_ETTh2_ftM_sl336_pl336_sigma0.01_bins100_lossmse_Exp_4>>>>>>>>>>>>>>>>>>>>>>>>>>
train 7969
val 2545
>>> Start Training
Epoch: 1, Steps: 249, Train Loss: 41.20504, Time: 31.84s
Validation loss decreased (inf --> 39.973824).  Saving model ...
Epoch: 2, Steps: 249, Train Loss: 39.57291, Time: 31.59s
EarlyStopping counter: 1 out of 5
Epoch: 3, Steps: 249, Train Loss: 38.33946, Time: 32.06s
EarlyStopping counter: 2 out of 5
Epoch: 4, Steps: 249, Train Loss: 37.31122, Time: 32.29s
EarlyStopping counter: 3 out of 5
Epoch: 5, Steps: 249, Train Loss: 36.43873, Time: 31.83s
EarlyStopping counter: 4 out of 5
Epoch: 6, Steps: 249, Train Loss: 35.64645, Time: 31.84s
EarlyStopping counter: 5 out of 5
Early stopping
>>>>>>>testing : ETTh2_336_336_DLinear_ETTh2_ftM_sl336_pl336_sigma0.01_bins100_lossmse_Exp_4<<<<<<<<<<<<<<<<<<<<<<<<<<<<<<<<<
test 2545
batch 0 y → probs → restore MSE: 0.000002
batch 1 y → probs → restore MSE: 0.000002
batch 2 y → probs → restore MSE: 0.000002
batch 3 y → probs → restore MSE: 0.000002
batch 4 y → probs → restore MSE: 0.000004
batch 5 y → probs → restore MSE: 0.000011
batch 6 y → probs → restore MSE: 0.000001
batch 7 y → probs → restore MSE: 0.000001
batch 8 y → probs → restore MSE: 0.000001
batch 9 y → probs → restore MSE: 0.000001
batch 10 y → probs → restore MSE: 0.000001
batch 11 y → probs → restore MSE: 0.000001
batch 12 y → probs → restore MSE: 0.000001
batch 13 y → probs → restore MSE: 0.000001
batch 14 y → probs → restore MSE: 0.000001
batch 15 y → probs → restore MSE: 0.000001
batch 16 y → probs → restore MSE: 0.000001
batch 17 y → probs → restore MSE: 0.000001
batch 18 y → probs → restore MSE: 0.000001
batch 19 y → probs → restore MSE: 0.000001
batch 20 y → probs → restore MSE: 0.000001
batch 21 y → probs → restore MSE: 0.000001
batch 22 y → probs → restore MSE: 0.000001
batch 23 y → probs → restore MSE: 0.000001
batch 24 y → probs → restore MSE: 0.000001
batch 25 y → probs → restore MSE: 0.000001
batch 26 y → probs → restore MSE: 0.000001
batch 27 y → probs → restore MSE: 0.000001
batch 28 y → probs → restore MSE: 0.000001
batch 29 y → probs → restore MSE: 0.000001
batch 30 y → probs → restore MSE: 0.000001
batch 31 y → probs → restore MSE: 0.000001
batch 32 y → probs → restore MSE: 0.000001
batch 33 y → probs → restore MSE: 0.000001
batch 34 y → probs → restore MSE: 0.000002
batch 35 y → probs → restore MSE: 0.000002
batch 36 y → probs → restore MSE: 0.000002
batch 37 y → probs → restore MSE: 0.000002
batch 38 y → probs → restore MSE: 0.000002
batch 39 y → probs → restore MSE: 0.000003
batch 40 y → probs → restore MSE: 0.000003
batch 41 y → probs → restore MSE: 0.000002
batch 42 y → probs → restore MSE: 0.000003
batch 43 y → probs → restore MSE: 0.000003
batch 44 y → probs → restore MSE: 0.000005
batch 45 y → probs → restore MSE: 0.000006
batch 46 y → probs → restore MSE: 0.000009
batch 47 y → probs → restore MSE: 0.000008
batch 48 y → probs → restore MSE: 0.000009
batch 49 y → probs → restore MSE: 0.000010
batch 50 y → probs → restore MSE: 0.000009
batch 51 y → probs → restore MSE: 0.000010
batch 52 y → probs → restore MSE: 0.000009
batch 53 y → probs → restore MSE: 0.000008
batch 54 y → probs → restore MSE: 0.000008
batch 55 y → probs → restore MSE: 0.000009
batch 56 y → probs → restore MSE: 0.000008
batch 57 y → probs → restore MSE: 0.000001
batch 58 y → probs → restore MSE: 0.000001
batch 59 y → probs → restore MSE: 0.000001
batch 60 y → probs → restore MSE: 0.000004
batch 61 y → probs → restore MSE: 0.000012
batch 62 y → probs → restore MSE: 0.000011
batch 63 y → probs → restore MSE: 0.000011
batch 64 y → probs → restore MSE: 0.000012
batch 65 y → probs → restore MSE: 0.000013
batch 66 y → probs → restore MSE: 0.000014
batch 67 y → probs → restore MSE: 0.000012
batch 68 y → probs → restore MSE: 0.000012
batch 69 y → probs → restore MSE: 0.000012
batch 70 y → probs → restore MSE: 0.000012
batch 71 y → probs → restore MSE: 0.000012
batch 72 y → probs → restore MSE: 0.000011
batch 73 y → probs → restore MSE: 0.000011
batch 74 y → probs → restore MSE: 0.000010
batch 75 y → probs → restore MSE: 0.000007
batch 76 y → probs → restore MSE: 0.000006
batch 77 y → probs → restore MSE: 0.000005
batch 78 y → probs → restore MSE: 0.000003
batch 79 y → probs → restore MSE: 0.000002
mse:0.318875789642334, mae:0.3996133506298065
[0m